Component: Arm Compiler for Embedded 6.21 Tool: armlink [5ec1fa00]

==============================================================================

Section Cross References

    main.o(.text.SysTick_Configuration) refers to main.o(.text.__NVIC_SetPriority) for __NVIC_SetPriority
    main.o(.ARM.exidx.text.SysTick_Configuration) refers to main.o(.text.SysTick_Configuration) for [Anonymous Symbol]
    main.o(.ARM.exidx.text.__NVIC_SetPriority) refers to main.o(.text.__NVIC_SetPriority) for [Anonymous Symbol]
    main.o(.text.SysTick_Handler) refers to main.o(.bss.s_sysTick_Cnt) for s_sysTick_Cnt
    main.o(.text.SysTick_Handler) refers to main.o(.bss.s_10ms_Flag) for s_10ms_Flag
    main.o(.text.SysTick_Handler) refers to main.o(.bss.s_100ms_Flag) for s_100ms_Flag
    main.o(.ARM.exidx.text.SysTick_Handler) refers to main.o(.text.SysTick_Handler) for [Anonymous Symbol]
    main.o(.text.System_Initialize) refers to delay.o(.text.Delay_Init) for Delay_Init
    main.o(.text.System_Initialize) refers to gpio.o(.text.GPIO_Init_All) for GPIO_Init_All
    main.o(.text.System_Initialize) refers to pwm.o(.text.PWM_Init) for PWM_Init
    main.o(.text.System_Initialize) refers to i2c_soft.o(.text.I2C_Soft_Init) for I2C_Soft_Init
    main.o(.text.System_Initialize) refers to i2c_soft.o(.rodata.I2C1_Pin) for I2C1_Pin
    main.o(.text.System_Initialize) refers to oled.o(.text.OLED_Init) for OLED_Init
    main.o(.text.System_Initialize) refers to i2c_soft.o(.rodata.I2C2_Pin) for I2C2_Pin
    main.o(.text.System_Initialize) refers to alarm.o(.text.Alarm_Init) for Alarm_Init
    main.o(.text.System_Initialize) refers to parking.o(.text.Parking_Init) for Parking_Init
    main.o(.text.System_Initialize) refers to main.o(.text.SysTick_Configuration) for SysTick_Configuration
    main.o(.text.System_Initialize) refers to oled.o(.text.OLED_Clear) for OLED_Clear
    main.o(.text.System_Initialize) refers to main.o(.rodata.str1.1) for .L.str
    main.o(.text.System_Initialize) refers to oled.o(.text.OLED_Show_String) for OLED_Show_String
    main.o(.text.System_Initialize) refers to oled.o(.text.OLED_Refresh_Gram) for OLED_Refresh_Gram
    main.o(.text.System_Initialize) refers to delay.o(.text.Delay_ms) for Delay_ms
    main.o(.text.System_Initialize) refers to parking.o(.text.Parking_Update_Display) for Parking_Update_Display
    main.o(.ARM.exidx.text.System_Initialize) refers to main.o(.text.System_Initialize) for [Anonymous Symbol]
    main.o(.text.Key_Process) refers to key.o(.text.Key_GetValue) for Key_GetValue
    main.o(.text.Key_Process) refers to key.o(.text.Key_GetLongPress) for Key_GetLongPress
    main.o(.text.Key_Process) refers to main.o(.bss.g_systemMode) for g_systemMode
    main.o(.text.Key_Process) refers to alarm.o(.text.Alarm_Beep) for Alarm_Beep
    main.o(.text.Key_Process) refers to parking.o(.bss.g_entry_gate_state) for g_entry_gate_state
    main.o(.text.Key_Process) refers to parking.o(.text.Parking_Manual_Entry_Gate) for Parking_Manual_Entry_Gate
    main.o(.text.Key_Process) refers to parking.o(.bss.g_exit_gate_state) for g_exit_gate_state
    main.o(.text.Key_Process) refers to parking.o(.text.Parking_Manual_Exit_Gate) for Parking_Manual_Exit_Gate
    main.o(.text.Key_Process) refers to parking.o(.bss.g_parking_count) for g_parking_count
    main.o(.text.Key_Process) refers to parking.o(.text.Parking_Update_Display) for Parking_Update_Display
    main.o(.text.Key_Process) refers to alarm.o(.text.Alarm_Clear) for Alarm_Clear
    main.o(.ARM.exidx.text.Key_Process) refers to main.o(.text.Key_Process) for [Anonymous Symbol]
    main.o(.text.main) refers to main.o(.text.System_Initialize) for System_Initialize
    main.o(.text.main) refers to main.o(.bss.s_10ms_Flag) for s_10ms_Flag
    main.o(.text.main) refers to sensor.o(.text.Sensor_Scan) for Sensor_Scan
    main.o(.text.main) refers to key.o(.text.Key_Scan) for Key_Scan
    main.o(.text.main) refers to main.o(.bss.s_100ms_Flag) for s_100ms_Flag
    main.o(.text.main) refers to sensor.o(.text.Sensor_Update) for Sensor_Update
    main.o(.text.main) refers to parking.o(.text.Parking_Process) for Parking_Process
    main.o(.text.main) refers to main.o(.text.Key_Process) for Key_Process
    main.o(.text.main) refers to parking.o(.text.Parking_Update_Display) for Parking_Update_Display
    main.o(.ARM.exidx.text.main) refers to main.o(.text.main) for [Anonymous Symbol]
    delay.o(.text.Delay_Init) refers to delay.o(.bss.g_fac_us) for g_fac_us
    delay.o(.text.Delay_Init) refers to delay.o(.bss.g_fac_ms) for g_fac_ms
    delay.o(.ARM.exidx.text.Delay_Init) refers to delay.o(.text.Delay_Init) for [Anonymous Symbol]
    delay.o(.text.Delay_us) refers to delay.o(.bss.g_fac_us) for g_fac_us
    delay.o(.ARM.exidx.text.Delay_us) refers to delay.o(.text.Delay_us) for [Anonymous Symbol]
    delay.o(.ARM.exidx.text.Delay_ms) refers to delay.o(.text.Delay_ms) for [Anonymous Symbol]
[...]
    Removing stm32f10x_tim.o(.text.TIM_ETRClockMode1Config), (110 bytes).
    Removing stm32f10x_tim.o(.ARM.exidx.text.TIM_ETRClockMode1Config), (8 bytes).
    Removing stm32f10x_tim.o(.text.TIM_ETRConfig), (78 bytes).
    Removing stm32f10x_tim.o(.ARM.exidx.text.TIM_ETRConfig), (8 bytes).
    Removing stm32f10x_tim.o(.text.TIM_ETRClockMode2Config), (50 bytes).
    Removing stm32f10x_tim.o(.ARM.exidx.text.TIM_ETRClockMode2Config), (8 bytes).
    Removing stm32f10x_tim.o(.text.TIM_PrescalerConfig), (32 bytes).
    Removing stm32f10x_tim.o(.ARM.exidx.text.TIM_PrescalerConfig), (8 bytes).
    Removing stm32f10x_tim.o(.text.TIM_CounterModeConfig), (60 bytes).
    Removing stm32f10x_tim.o(.ARM.exidx.text.TIM_CounterModeConfig), (8 bytes).
    Removing stm32f10x_tim.o(.text.TIM_EncoderInterfaceConfig), (170 bytes).
    Removing stm32f10x_tim.o(.ARM.exidx.text.TIM_EncoderInterfaceConfig), (8 bytes).
    Removing stm32f10x_tim.o(.text.TIM_ForcedOC1Config), (60 bytes).
    Removing stm32f10x_tim.o(.ARM.exidx.text.TIM_ForcedOC1Config), (8 bytes).
    Removing stm32f10x_tim.o(.text.TIM_ForcedOC2Config), (62 bytes).
    Removing stm32f10x_tim.o(.ARM.exidx.text.TIM_ForcedOC2Config), (8 bytes).
    Removing stm32f10x_tim.o(.text.TIM_ForcedOC3Config), (60 bytes).
    Removing stm32f10x_tim.o(.ARM.exidx.text.TIM_ForcedOC3Config), (8 bytes).
    Removing stm32f10x_tim.o(.text.TIM_ForcedOC4Config), (62 bytes).
    Removing stm32f10x_tim.o(.ARM.exidx.text.TIM_ForcedOC4Config), (8 bytes).
    Removing stm32f10x_tim.o(.text.TIM_ARRPreloadConfig), (44 bytes).
    Removing stm32f10x_tim.o(.ARM.exidx.text.TIM_ARRPreloadConfig), (8 bytes).
    Removing stm32f10x_tim.o(.text.TIM_SelectCOM), (44 bytes).
    Removing stm32f10x_tim.o(.ARM.exidx.text.TIM_SelectCOM), (8 bytes).
    Removing stm32f10x_tim.o(.text.TIM_SelectCCDMA), (44 bytes).
    Removing stm32f10x_tim.o(.ARM.exidx.text.TIM_SelectCCDMA), (8 bytes).
    Removing stm32f10x_tim.o(.text.TIM_CCPreloadControl), (44 bytes).
    Removing stm32f10x_tim.o(.ARM.exidx.text.TIM_CCPreloadControl), (8 bytes).
    Removing stm32f10x_tim.o(.text.TIM_OC1PreloadConfig), (60 bytes).
    Removing stm32f10x_tim.o(.ARM.exidx.text.TIM_OC1PreloadConfig), (8 bytes).
    Removing stm32f10x_tim.o(.text.TIM_OC2PreloadConfig), (62 bytes).
    Removing stm32f10x_tim.o(.ARM.exidx.text.TIM_OC2PreloadConfig), (8 bytes).
    Removing stm32f10x_tim.o(.ARM.exidx.text.TIM_OC3PreloadConfig), (8 bytes).
    Removing stm32f10x_tim.o(.ARM.exidx.text.TIM_OC4PreloadConfig), (8 bytes).
    Removing stm32f10x_tim.o(.text.TIM_OC1FastConfig), (60 bytes).
    Removing stm32f10x_tim.o(.ARM.exidx.text.TIM_OC1FastConfig), (8 bytes).
    Removing stm32f10x_tim.o(.text.TIM_OC2FastConfig), (62 bytes).
    Removing stm32f10x_tim.o(.ARM.exidx.text.TIM_OC2FastConfig), (8 bytes).
    Removing stm32f10x_tim.o(.text.TIM_OC3FastConfig), (60 bytes).
    Removing stm32f10x_tim.o(.ARM.exidx.text.TIM_OC3FastConfig), (8 bytes).
    Removing stm32f10x_tim.o(.text.TIM_OC4FastConfig), (62 bytes).
    Removing stm32f10x_tim.o(.ARM.exidx.text.TIM_OC4FastConfig), (8 bytes).
    Removing stm32f10x_tim.o(.text.TIM_ClearOC1Ref), (60 bytes).
    Removing stm32f10x_tim.o(.ARM.exidx.text.TIM_ClearOC1Ref), (8 bytes).
    Removing stm32f10x_tim.o(.text.TIM_ClearOC2Ref), (62 bytes).
    Removing stm32f10x_tim.o(.ARM.exidx.text.TIM_ClearOC2Ref), (8 bytes).
    Removing stm32f10x_tim.o(.text.TIM_ClearOC3Ref), (60 bytes).
    Removing stm32f10x_tim.o(.ARM.exidx.text.TIM_ClearOC3Ref), (8 bytes).
    Removing stm32f10x_tim.o(.text.TIM_ClearOC4Ref), (62 bytes).
    Removing stm32f10x_tim.o(.ARM.exidx.text.TIM_ClearOC4Ref), (8 bytes).
    Removing stm32f10x_tim.o(.text.TIM_OC1PolarityConfig), (60 bytes).
    Removing stm32f10x_tim.o(.ARM.exidx.text.TIM_OC1PolarityConfig), (8 bytes).
    Removing stm32f10x_tim.o(.text.TIM_OC1NPolarityConfig), (60 bytes).
    Removing stm32f10x_tim.o(.ARM.exidx.text.TIM_OC1NPolarityConfig), (8 bytes).
    Removing stm32f10x_tim.o(.text.TIM_OC2PolarityConfig), (62 bytes).
    Removing stm32f10x_tim.o(.ARM.exidx.text.TIM_OC2PolarityConfig), (8 bytes).
    Removing stm32f10x_tim.o(.text.TIM_OC2NPolarityConfig), (62 bytes).
    Removing stm32f10x_tim.o(.ARM.exidx.text.TIM_OC2NPolarityConfig), (8 bytes).
    Removing stm32f10x_tim.o(.text.TIM_OC3PolarityConfig), (62 bytes).
    Removing stm32f10x_tim.o(.ARM.exidx.text.TIM_OC3PolarityConfig), (8 bytes).
    Removing stm32f10x_tim.o(.text.TIM_OC3NPolarityConfig), (62 bytes).
    Removing stm32f10x_tim.o(.ARM.exidx.text.TIM_OC3NPolarityConfig), (8 bytes).
    Removing stm32f10x_tim.o(.text.TIM_OC4PolarityConfig), (62 bytes).
    Removing stm32f10x_tim.o(.ARM.exidx.text.TIM_OC4PolarityConfig), (8 bytes).
    Removing stm32f10x_tim.o(.text.TIM_CCxCmd), (66 bytes).
    Removing stm32f10x_tim.o(.ARM.exidx.text.TIM_CCxCmd), (8 bytes).
    Removing stm32f10x_tim.o(.text.TIM_CCxNCmd), (66 bytes).
    Removing stm32f10x_tim.o(.ARM.exidx.text.TIM_CCxNCmd), (8 bytes).
    Removing stm32f10x_tim.o(.text.TIM_SelectOCxM), (156 bytes).
    Removing stm32f10x_tim.o(.ARM.exidx.text.TIM_SelectOCxM), (8 bytes).
    Removing stm32f10x_tim.o(.text.TIM_UpdateDisableConfig), (44 bytes).
    Removing stm32f10x_tim.o(.ARM.exidx.text.TIM_UpdateDisableConfig), (8 bytes).
    Removing stm32f10x_tim.o(.text.TIM_UpdateRequestConfig), (44 bytes).
    Removing stm32f10x_tim.o(.ARM.exidx.text.TIM_UpdateRequestConfig), (8 bytes).
    Removing stm32f10x_tim.o(.text.TIM_SelectHallSensor), (44 bytes).
    Removing stm32f10x_tim.o(.ARM.exidx.text.TIM_SelectHallSensor), (8 bytes).
    Removing stm32f10x_tim.o(.text.TIM_SelectOnePulseMode), (34 bytes).
    Removing stm32f10x_tim.o(.ARM.exidx.text.TIM_SelectOnePulseMode), (8 bytes).
    Removing stm32f10x_tim.o(.text.TIM_SelectOutputTrigger), (34 bytes).
    Removing stm32f10x_tim.o(.ARM.exidx.text.TIM_SelectOutputTrigger), (8 bytes).
    Removing stm32f10x_tim.o(.text.TIM_SelectSlaveMode), (34 bytes).
    Removing stm32f10x_tim.o(.ARM.exidx.text.TIM_SelectSlaveMode), (8 bytes).
    Removing stm32f10x_tim.o(.text.TIM_SelectMasterSlaveMode), (34 bytes).
    Removing stm32f10x_tim.o(.ARM.exidx.text.TIM_SelectMasterSlaveMode), (8 bytes).
    Removing stm32f10x_tim.o(.text.TIM_SetCounter), (20 bytes).
    Removing stm32f10x_tim.o(.ARM.exidx.text.TIM_SetCounter), (8 bytes).
    Removing stm32f10x_tim.o(.text.TIM_SetAutoreload), (20 bytes).
    Removing stm32f10x_tim.o(.ARM.exidx.text.TIM_SetAutoreload), (8 bytes).
    Removing stm32f10x_tim.o(.text.TIM_SetCompare1), (20 bytes).
    Removing stm32f10x_tim.o(.ARM.exidx.text.TIM_SetCompare1), (8 bytes).
    Removing stm32f10x_tim.o(.text.TIM_SetCompare2), (20 bytes).
    Removing stm32f10x_tim.o(.ARM.exidx.text.TIM_SetCompare2), (8 bytes).
    Removing stm32f10x_tim.o(.ARM.exidx.text.TIM_SetCompare3), (8 bytes).
    Removing stm32f10x_tim.o(.ARM.exidx.text.TIM_SetCompare4), (8 bytes).
    Removing stm32f10x_tim.o(.text.TIM_SetClockDivision), (34 bytes).
    Removing stm32f10x_tim.o(.ARM.exidx.text.TIM_SetClockDivision), (8 bytes).
    Removing stm32f10x_tim.o(.text.TIM_GetCapture1), (12 bytes).
    Removing stm32f10x_tim.o(.ARM.exidx.text.TIM_GetCapture1), (8 bytes).
    Removing stm32f10x_tim.o(.text.TIM_GetCapture2), (12 bytes).
    Removing stm32f10x_tim.o(.ARM.exidx.text.TIM_GetCapture2), (8 bytes).
    Removing stm32f10x_tim.o(.text.TIM_GetCapture3), (12 bytes).
    Removing stm32f10x_tim.o(.ARM.exidx.text.TIM_GetCapture3), (8 bytes).
    Removing stm32f10x_tim.o(.text.TIM_GetCapture4), (14 bytes).
    Removing stm32f10x_tim.o(.ARM.exidx.text.TIM_GetCapture4), (8 bytes).
    Removing stm32f10x_tim.o(.text.TIM_GetCounter), (12 bytes).
    Removing stm32f10x_tim.o(.ARM.exidx.text.TIM_GetCounter), (8 bytes).
    Removing stm32f10x_tim.o(.text.TIM_GetPrescaler), (12 bytes).
    Removing stm32f10x_tim.o(.ARM.exidx.text.TIM_GetPrescaler), (8 bytes).
    Removing stm32f10x_tim.o(.text.TIM_GetFlagStatus), (54 bytes).
    Removing stm32f10x_tim.o(.ARM.exidx.text.TIM_GetFlagStatus), (8 bytes).
    Removing stm32f10x_tim.o(.text.TIM_ClearFlag), (22 bytes).
    Removing stm32f10x_tim.o(.ARM.exidx.text.TIM_ClearFlag), (8 bytes).
    Removing stm32f10x_tim.o(.text.TIM_GetITStatus), (90 bytes).
    Removing stm32f10x_tim.o(.ARM.exidx.text.TIM_GetITStatus), (8 bytes).
    Removing stm32f10x_tim.o(.text.TIM_ClearITPendingBit), (22 bytes).
    Removing stm32f10x_tim.o(.ARM.exidx.text.TIM_ClearITPendingBit), (8 bytes).

390 unused section(s) (total 12538 bytes) removed from the image.

==============================================================================

Image Symbol Table

    Local Symbols

    Symbol Name                              Value     Ov Type        Size  Object(Section)

    ../clib/angel/boardlib.s                 0x00000000   Number         0  boardinit1.o ABSOLUTE
    ../clib/angel/boardlib.s                 0x00000000   Number         0  boardinit2.o ABSOLUTE
    ../clib/angel/boardlib.s                 0x00000000   Number         0  boardinit3.o ABSOLUTE
    ../clib/angel/boardlib.s                 0x00000000   Number         0  boardshut.o ABSOLUTE
    ../clib/angel/handlers.s                 0x00000000   Number         0  __scatter_copy.o ABSOLUTE
    ../clib/angel/handlers.s                 0x00000000   Number         0  __scatter_zi.o ABSOLUTE
    ../clib/angel/kernel.s                   0x00000000   Number         0  __rtentry.o ABSOLUTE
    ../clib/angel/kernel.s                   0x00000000   Number         0  __rtentry2.o ABSOLUTE
    ../clib/angel/kernel.s                   0x00000000   Number         0  __rtentry4.o ABSOLUTE
    ../clib/angel/kernel.s                   0x00000000   Number         0  rtexit.o ABSOLUTE
    ../clib/angel/kernel.s                   0x00000000   Number         0  rtexit2.o ABSOLUTE
    ../clib/angel/rt.s                       0x00000000   Number         0  rt_raise.o ABSOLUTE
    ../clib/angel/scatter.s                  0x00000000   Number         0  __scatter.o ABSOLUTE
    ../clib/angel/startup.s                  0x00000000   Number         0  __main.o ABSOLUTE
    ../clib/angel/sys.s                      0x00000000   Number         0  sys_stackheap_outer.o ABSOLUTE
    ../clib/angel/sys.s                      0x00000000   Number         0  libspace.o ABSOLUTE
    ../clib/angel/sys.s                      0x00000000   Number         0  use_no_semi.o ABSOLUTE
    ../clib/angel/sys.s                      0x00000000   Number         0  indicate_semi.o ABSOLUTE
    ../clib/angel/sysapp.c                   0x00000000   Number         0  sys_exit.o ABSOLUTE
    ../clib/angel/sysapp.c                   0x00000000   Number         0  sys_exit_hlt.o ABSOLUTE
    ../clib/angel/sysapp.c                   0x00000000   Number         0  sys_command.o ABSOLUTE
    ../clib/angel/sysapp.c                   0x00000000   Number         0  sys_command_hlt.o ABSOLUTE
    ../clib/angel/sysapp.c                   0x00000000   Number         0  sys_wrch.o ABSOLUTE
    ../clib/angel/sysapp.c                   0x00000000   Number         0  sys_wrch_hlt.o ABSOLUTE
    ../clib/armsys.c                         0x00000000   Number         0  argv_veneer.o ABSOLUTE
    ../clib/armsys.c                         0x00000000   Number         0  argv_veneer.o ABSOLUTE
    ../clib/armsys.c                         0x00000000   Number         0  _get_argv_nomalloc.o ABSOLUTE
    ../clib/armsys.c                         0x00000000   Number         0  no_argv.o ABSOLUTE
    ../clib/heapalloc.c                      0x00000000   Number         0  hrguard.o ABSOLUTE
    ../clib/heapaux.c                        0x00000000   Number         0  heapauxi.o ABSOLUTE
    ../clib/libinit.s                        0x00000000   Number         0  libinit.o ABSOLUTE
    ../clib/libinit.s                        0x00000000   Number         0  libinit2.o ABSOLUTE
    ../clib/libinit.s                        0x00000000   Number         0  libshutdown.o ABSOLUTE
    ../clib/libinit.s                        0x00000000   Number         0  libshutdown2.o ABSOLUTE
    ../clib/signal.c                         0x00000000   Number         0  defsig_rtmem_outer.o ABSOLUTE
    ../clib/signal.c                         0x00000000   Number         0  defsig_rtmem_formal.o ABSOLUTE
    ../clib/signal.c                         0x00000000   Number         0  defsig_exit.o ABSOLUTE
    ../clib/signal.c                         0x00000000   Number         0  defsig_rtmem_inner.o ABSOLUTE
    ../clib/signal.c                         0x00000000   Number         0  __raise.o ABSOLUTE
    ../clib/signal.c                         0x00000000   Number         0  defsig_general.o ABSOLUTE
    ../clib/signal.c                         0x00000000   Number         0  defsig_abrt_inner.o ABSOLUTE
    ../clib/signal.c                         0x00000000   Number         0  defsig_fpe_inner.o ABSOLUTE
    ../clib/signal.c                         0x00000000   Number         0  defsig_rtred_inner.o ABSOLUTE
    ../clib/signal.c                         0x00000000   Number         0  defsig_stak_inner.o ABSOLUTE
    ../clib/signal.c                         0x00000000   Number         0  defsig_pvfn_inner.o ABSOLUTE
    ../clib/signal.c                         0x00000000   Number         0  defsig_cppl_inner.o ABSOLUTE
    ../clib/signal.c                         0x00000000   Number         0  defsig_segv_inner.o ABSOLUTE
    ../clib/signal.c                         0x00000000   Number         0  defsig_other.o ABSOLUTE
    ../clib/signal.s                         0x00000000   Number         0  defsig.o ABSOLUTE
    ../clib/stdlib.c                         0x00000000   Number         0  exit.o ABSOLUTE
    ../fplib/fpinit.s                        0x00000000   Number         0  fpinit.o ABSOLUTE
    ../fplib/fpinit_empty.s                  0x00000000   Number         0  fpinit_empty.o ABSOLUTE
    RTE/Device/STM32F103C8/startup_stm32f10x_md.s 0x00000000   Number         0  startup_stm32f10x_md.o ABSOLUTE
    alarm.c                                  0x00000000   Number         0  alarm.o ABSOLUTE
    dc.s                                     0x00000000   Number         0  dc.o ABSOLUTE
    delay.c                                  0x00000000   Number         0  delay.o ABSOLUTE
    gpio.c                                   0x00000000   Number         0  gpio.o ABSOLUTE
    i2c_soft.c                               0x00000000   Number         0  i2c_soft.o ABSOLUTE
    key.c                                    0x00000000   Number         0  key.o ABSOLUTE
    main.c                                   0x00000000   Number         0  main.o ABSOLUTE
    oled.c                                   0x00000000   Number         0  oled.o ABSOLUTE
    parking.c                                0x00000000   Number         0  parking.o ABSOLUTE
    pwm.c                                    0x00000000   Number         0  pwm.o ABSOLUTE
    sensor.c                                 0x00000000   Number         0  sensor.o ABSOLUTE
    stm32f10x_gpio.c                         0x00000000   Number         0  stm32f10x_gpio.o ABSOLUTE
    stm32f10x_rcc.c                          0x00000000   Number         0  stm32f10x_rcc.o ABSOLUTE
    stm32f10x_tim.c                          0x00000000   Number         0  stm32f10x_tim.o ABSOLUTE
    system_stm32f10x.c                       0x00000000   Number         0  system_stm32f10x.o ABSOLUTE
    RESET                                    0x08000000   Section      236  startup_stm32f10x_md.o(RESET)
    !!!main                                  0x080000ec   Section        8  __main.o(!!!main)
    !!!scatter                               0x080000f4   Section       92  __scatter.o(!!!scatter)
    !!handler_copy                           0x08000150   Section       26  __scatter_copy.o(!!handler_copy)
    !!handler_null                           0x0800016c   Section        2  __scatter.o(!!handler_null)
    !!handler_zi                             0x08000170   Section       28  __scatter_zi.o(!!handler_zi)
    .ARM.Collect$$libinit$$00000000          0x0800018c   Section        2  libinit.o(.ARM.Collect$$libinit$$00000000)
    .ARM.Collect$$libinit$$00000002          0x0800018e   Section        0  libinit2.o(.ARM.Collect$$libinit$$00000002)
    .ARM.Collect$$libinit$$00000004          0x0800018e   Section        0  libinit2.o(.ARM.Collect$$libinit$$00000004)
    .ARM.Collect$$libinit$$00000006          0x0800018e   Section        0  libinit2.o(.ARM.Collect$$libinit$$00000006)
    .ARM.Collect$$libinit$$0000000C          0x0800018e   Section        0  libinit2.o(.ARM.Collect$$libinit$$0000000C)
    .ARM.Collect$$libinit$$0000000E          0x0800018e   Section        0  libinit2.o(.ARM.Collect$$libinit$$0000000E)
    .ARM.Collect$$libinit$$00000010          0x0800018e   Section        0  libinit2.o(.ARM.Collect$$libinit$$00000010)
    .ARM.Collect$$libinit$$00000013          0x0800018e   Section        0  libinit2.o(.ARM.Collect$$libinit$$00000013)
    .ARM.Collect$$libinit$$00000015          0x0800018e   Section        0  libinit2.o(.ARM.Collect$$libinit$$00000015)
    .ARM.Collect$$libinit$$00000017          0x0800018e   Section        0  libinit2.o(.ARM.Collect$$libinit$$00000017)
    .ARM.Collect$$libinit$$00000019          0x0800018e   Section        0  libinit2.o(.ARM.Collect$$libinit$$00000019)
    .ARM.Collect$$libinit$$0000001B          0x0800018e   Section        0  libinit2.o(.ARM.Collect$$libinit$$0000001B)
    .ARM.Collect$$libinit$$0000001D          0x0800018e   Section        0  libinit2.o(.ARM.Collect$$libinit$$0000001D)
    .ARM.Collect$$libinit$$0000001F          0x0800018e   Section        0  libinit2.o(.ARM.Collect$$libinit$$0000001F)
    .ARM.Collect$$libinit$$00000021          0x0800018e   Section        0  libinit2.o(.ARM.Collect$$libinit$$00000021)
    .ARM.Collect$$libinit$$00000023          0x0800018e   Section        0  libinit2.o(.ARM.Collect$$libinit$$00000023)
    .ARM.Collect$$libinit$$00000025          0x0800018e   Section        0  libinit2.o(.ARM.Collect$$libinit$$00000025)
    .ARM.Collect$$libinit$$00000027          0x0800018e   Section        0  libinit2.o(.ARM.Collect$$libinit$$00000027)
    .ARM.Collect$$libinit$$0000002E          0x0800018e   Section        0  libinit2.o(.ARM.Collect$$libinit$$0000002E)
    .ARM.Collect$$libinit$$00000030          0x0800018e   Section        0  libinit2.o(.ARM.Collect$$libinit$$00000030)
    .ARM.Collect$$libinit$$00000032          0x0800018e   Section        0  libinit2.o(.ARM.Collect$$libinit$$00000032)
    .ARM.Collect$$libinit$$00000034          0x0800018e   Section        0  libinit2.o(.ARM.Collect$$libinit$$00000034)
    .ARM.Collect$$libinit$$00000035          0x0800018e   Section        2  libinit2.o(.ARM.Collect$$libinit$$00000035)
    .ARM.Collect$$libshutdown$$00000000      0x08000190   Section        2  libshutdown.o(.ARM.Collect$$libshutdown$$00000000)
    .ARM.Collect$$libshutdown$$00000002      0x08000192   Section        0  libshutdown2.o(.ARM.Collect$$libshutdown$$00000002)
    .ARM.Collect$$libshutdown$$00000004      0x08000192   Section        0  libshutdown2.o(.ARM.Collect$$libshutdown$$00000004)
    .ARM.Collect$$libshutdown$$00000007      0x08000192   Section        0  libshutdown2.o(.ARM.Collect$$libshutdown$$00000007)
    .ARM.Collect$$libshutdown$$0000000A      0x08000192   Section        0  libshutdown2.o(.ARM.Collect$$libshutdown$$0000000A)
    .ARM.Collect$$libshutdown$$0000000C      0x08000192   Section        0  libshutdown2.o(.ARM.Collect$$libshutdown$$0000000C)
    .ARM.Collect$$libshutdown$$0000000F      0x08000192   Section        0  libshutdown2.o(.ARM.Collect$$libshutdown$$0000000F)
    .ARM.Collect$$libshutdown$$00000010      0x08000192   Section        2  libshutdown2.o(.ARM.Collect$$libshutdown$$00000010)
    .ARM.Collect$$rtentry$$00000000          0x08000194   Section        0  __rtentry.o(.ARM.Collect$$rtentry$$00000000)
    .ARM.Collect$$rtentry$$00000002          0x08000194   Section        0  __rtentry2.o(.ARM.Collect$$rtentry$$00000002)
    .ARM.Collect$$rtentry$$00000004          0x08000194   Section        6  __rtentry4.o(.ARM.Collect$$rtentry$$00000004)
    .ARM.Collect$$rtentry$$00000009          0x0800019a   Section        0  __rtentry2.o(.ARM.Collect$$rtentry$$00000009)
    .ARM.Collect$$rtentry$$0000000A          0x0800019a   Section        4  __rtentry2.o(.ARM.Collect$$rtentry$$0000000A)
    .ARM.Collect$$rtentry$$0000000C          0x0800019e   Section        0  __rtentry2.o(.ARM.Collect$$rtentry$$0000000C)
    .ARM.Collect$$rtentry$$0000000D          0x0800019e   Section        8  __rtentry2.o(.ARM.Collect$$rtentry$$0000000D)
    .ARM.Collect$$rtexit$$00000000           0x080001a6   Section        2  rtexit.o(.ARM.Collect$$rtexit$$00000000)
    .ARM.Collect$$rtexit$$00000002           0x080001a8   Section        0  rtexit2.o(.ARM.Collect$$rtexit$$00000002)
    .ARM.Collect$$rtexit$$00000003           0x080001a8   Section        4  rtexit2.o(.ARM.Collect$$rtexit$$00000003)
    .ARM.Collect$$rtexit$$00000004           0x080001ac   Section        6  rtexit2.o(.ARM.Collect$$rtexit$$00000004)
    .text                                    0x080001b4   Section       64  startup_stm32f10x_md.o(.text)
    .text                                    0x080001f4   Section        0  heapauxi.o(.text)
    .text                                    0x080001fa   Section       74  sys_stackheap_outer.o(.text)
    .text                                    0x08000244   Section        0  exit.o(.text)
    .text                                    0x08000258   Section        8  libspace.o(.text)
    .text                                    0x08000260   Section        0  sys_exit.o(.text)
    .text                                    0x0800026c   Section        2  use_no_semi.o(.text)
    .text                                    0x0800026e   Section        0  indicate_semi.o(.text)
    [Anonymous Symbol]                       0x08000270   Section        0  alarm.o(.text.Alarm_Beep)
    [Anonymous Symbol]                       0x080002c8   Section        0  alarm.o(.text.Alarm_Clear)
    [Anonymous Symbol]                       0x080002e0   Section        0  alarm.o(.text.Alarm_Init)
    [Anonymous Symbol]                       0x08000304   Section        0  gpio.o(.text.Alarm_LED_Off)
    [Anonymous Symbol]                       0x08000318   Section        0  gpio.o(.text.Alarm_LED_On)
    [Anonymous Symbol]                       0x0800032c   Section        0  alarm.o(.text.Alarm_Trigger)
    [Anonymous Symbol]                       0x08000348   Section        0  alarm.o(.text.Alarm_Update)
    [Anonymous Symbol]                       0x080003d0   Section        0  gpio.o(.text.Buzzer_Off)
    [Anonymous Symbol]                       0x080003e4   Section        0  gpio.o(.text.Buzzer_On)
    [Anonymous Symbol]                       0x080003f8   Section        0  delay.o(.text.Delay_Init)
    [Anonymous Symbol]                       0x08000418   Section        0  delay.o(.text.Delay_ms)
    [Anonymous Symbol]                       0x08000458   Section        0  delay.o(.text.Delay_us)
    [Anonymous Symbol]                       0x080004d0   Section        0  gpio.o(.text.GPIO_Alarm_Init)
    [Anonymous Symbol]                       0x08000518   Section        0  stm32f10x_gpio.o(.text.GPIO_Init)
    [Anonymous Symbol]                       0x080006a0   Section        0  gpio.o(.text.GPIO_Init_All)
    [Anonymous Symbol]                       0x080006bc   Section        0  gpio.o(.text.GPIO_Key_Init)
    [Anonymous Symbol]                       0x08000788   Section        0  gpio.o(.text.GPIO_OLED_Init)
    [Anonymous Symbol]                       0x080007cc   Section        0  stm32f10x_gpio.o(.text.GPIO_ReadInputDataBit)
    [Anonymous Symbol]                       0x08000800   Section        0  stm32f10x_gpio.o(.text.GPIO_ResetBits)
    [Anonymous Symbol]                       0x08000814   Section        0  gpio.o(.text.GPIO_Sensor_Init)
    [Anonymous Symbol]                       0x08000870   Section        0  stm32f10x_gpio.o(.text.GPIO_SetBits)
    I2C_Delay                                0x08000885   Thumb Code    10  i2c_soft.o(.text.I2C_Delay)
    [Anonymous Symbol]                       0x08000884   Section        0  i2c_soft.o(.text.I2C_Delay)
    [Anonymous Symbol]                       0x08000890   Section        0  i2c_soft.o(.text.I2C_Soft_Init)
    [Anonymous Symbol]                       0x080008d4   Section        0  i2c_soft.o(.text.I2C_Soft_SendByte)
    [Anonymous Symbol]                       0x08000958   Section        0  i2c_soft.o(.text.I2C_Soft_Start)
    [Anonymous Symbol]                       0x08000994   Section        0  i2c_soft.o(.text.I2C_Soft_Stop)
    [Anonymous Symbol]                       0x080009c8   Section        0  i2c_soft.o(.text.I2C_Soft_WaitAck)
    [Anonymous Symbol]                       0x08000a40   Section        0  key.o(.text.Key_GetLongPress)
    [Anonymous Symbol]                       0x08000a5c   Section        0  key.o(.text.Key_GetValue)
    [Anonymous Symbol]                       0x08000a78   Section        0  main.o(.text.Key_Process)
    [Anonymous Symbol]                       0x08000ba8   Section        0  gpio.o(.text.Key_Read_CountRst)
    [Anonymous Symbol]                       0x08000bbc   Section        0  gpio.o(.text.Key_Read_Down)
    [Anonymous Symbol]                       0x08000bd0   Section        0  gpio.o(.text.Key_Read_Entry)
    [Anonymous Symbol]                       0x08000be4   Section        0  gpio.o(.text.Key_Read_Exit)
    [Anonymous Symbol]                       0x08000bf8   Section        0  gpio.o(.text.Key_Read_Menu)
    [Anonymous Symbol]                       0x08000c0c   Section        0  gpio.o(.text.Key_Read_Start)
    [Anonymous Symbol]                       0x08000c20   Section        0  gpio.o(.text.Key_Read_Up)
    [Anonymous Symbol]                       0x08000c34   Section        0  key.o(.text.Key_Scan)
    [Anonymous Symbol]                       0x08000e74   Section        0  oled.o(.text.OLED_Clear)
    [Anonymous Symbol]                       0x08000f40   Section        0  oled.o(.text.OLED_Init)
    [Anonymous Symbol]                       0x08000ff0   Section        0  oled.o(.text.OLED_Refresh_Gram)
    [Anonymous Symbol]                       0x08001078   Section        0  oled.o(.text.OLED_Show_Char)
    [Anonymous Symbol]                       0x080011bc   Section        0  oled.o(.text.OLED_Show_Num)
    [Anonymous Symbol]                       0x080012bc   Section        0  oled.o(.text.OLED_Show_String)
    OLED_Write_Cmd                           0x08001351   Thumb Code    70  oled.o(.text.OLED_Write_Cmd)
    [Anonymous Symbol]                       0x08001350   Section        0  oled.o(.text.OLED_Write_Cmd)
    OLED_Write_Data                          0x08001399   Thumb Code    70  oled.o(.text.OLED_Write_Data)
    [Anonymous Symbol]                       0x08001398   Section        0  oled.o(.text.OLED_Write_Data)
    [Anonymous Symbol]                       0x080013e0   Section        0  pwm.o(.text.PWM_Init)
    [Anonymous Symbol]                       0x080014a4   Section        0  parking.o(.text.Parking_Entry_Vehicle)
    [Anonymous Symbol]                       0x08001508   Section        0  parking.o(.text.Parking_Exit_Vehicle)
    [Anonymous Symbol]                       0x0800154c   Section        0  parking.o(.text.Parking_Init)
    [Anonymous Symbol]                       0x080015ac   Section        0  parking.o(.text.Parking_Manual_Entry_Gate)
    [Anonymous Symbol]                       0x080015ec   Section        0  parking.o(.text.Parking_Manual_Exit_Gate)
    [Anonymous Symbol]                       0x0800162c   Section        0  parking.o(.text.Parking_Process)
    [Anonymous Symbol]                       0x080017e8   Section        0  parking.o(.text.Parking_Update_Display)
    [Anonymous Symbol]                       0x08001970   Section        0  stm32f10x_rcc.o(.text.RCC_APB1PeriphClockCmd)
    [Anonymous Symbol]                       0x080019a8   Section        0  stm32f10x_rcc.o(.text.RCC_APB2PeriphClockCmd)
    [Anonymous Symbol]                       0x080019e0   Section        0  sensor.o(.text.Sensor_Clear_Trigger)
    [Anonymous Symbol]                       0x080019f8   Section        0  sensor.o(.text.Sensor_Get_Entry_Trigger)
    [Anonymous Symbol]                       0x08001a04   Section        0  sensor.o(.text.Sensor_Get_Exit_Trigger)
    [Anonymous Symbol]                       0x08001a10   Section        0  gpio.o(.text.Sensor_Read_Entry)
    [Anonymous Symbol]                       0x08001a24   Section        0  gpio.o(.text.Sensor_Read_Exit)
    [Anonymous Symbol]                       0x08001a38   Section        0  gpio.o(.text.Sensor_Read_Park1)
    [Anonymous Symbol]                       0x08001a4c   Section        0  gpio.o(.text.Sensor_Read_Park2)
    [Anonymous Symbol]                       0x08001a60   Section        0  gpio.o(.text.Sensor_Read_Park3)
    [Anonymous Symbol]                       0x08001a74   Section        0  sensor.o(.text.Sensor_Scan)
    [Anonymous Symbol]                       0x08001d3c   Section        0  sensor.o(.text.Sensor_Update)
    [Anonymous Symbol]                       0x08001dc8   Section        0  pwm.o(.text.Servo_Close)
    [Anonymous Symbol]                       0x08001de0   Section        0  pwm.o(.text.Servo_Open)
    [Anonymous Symbol]                       0x08001df8   Section        0  pwm.o(.text.Servo_SetAngle)
    SetSysClock                              0x08001e85   Thumb Code     8  system_stm32f10x.o(.text.SetSysClock)
    [Anonymous Symbol]                       0x08001e84   Section        0  system_stm32f10x.o(.text.SetSysClock)
    SetSysClockTo72                          0x08001e8d   Thumb Code   290  system_stm32f10x.o(.text.SetSysClockTo72)
    [Anonymous Symbol]                       0x08001e8c   Section        0  system_stm32f10x.o(.text.SetSysClockTo72)
    [Anonymous Symbol]                       0x08001fb0   Section        0  main.o(.text.SysTick_Configuration)
    [Anonymous Symbol]                       0x08001fe8   Section        0  main.o(.text.SysTick_Handler)
    [Anonymous Symbol]                       0x08002058   Section        0  system_stm32f10x.o(.text.SystemInit)
    [Anonymous Symbol]                       0x080020c0   Section        0  main.o(.text.System_Initialize)
    [Anonymous Symbol]                       0x08002174   Section        0  stm32f10x_tim.o(.text.TIM_Cmd)
    [Anonymous Symbol]                       0x080021a0   Section        0  stm32f10x_tim.o(.text.TIM_OC3Init)
    [Anonymous Symbol]                       0x080022e0   Section        0  stm32f10x_tim.o(.text.TIM_OC3PreloadConfig)
    [Anonymous Symbol]                       0x0800231c   Section        0  stm32f10x_tim.o(.text.TIM_OC4Init)
    [Anonymous Symbol]                       0x0800240c   Section        0  stm32f10x_tim.o(.text.TIM_OC4PreloadConfig)
    [Anonymous Symbol]                       0x0800244c   Section        0  stm32f10x_tim.o(.text.TIM_SetCompare3)
    [Anonymous Symbol]                       0x08002460   Section        0  stm32f10x_tim.o(.text.TIM_SetCompare4)
    [Anonymous Symbol]                       0x08002478   Section        0  stm32f10x_tim.o(.text.TIM_TimeBaseInit)
    __NVIC_SetPriority                       0x080025bd   Thumb Code    66  main.o(.text.__NVIC_SetPriority)
    [Anonymous Symbol]                       0x080025bc   Section        0  main.o(.text.__NVIC_SetPriority)
    [Anonymous Symbol]                       0x08002600   Section        0  main.o(.text.main)
    .L.str.2                                 0x0800289c   Data           9  main.o(.rodata.str1.1)
    .L.str.4                                 0x0800289c   Data           9  main.o(.rodata.str1.1)
    [Anonymous Symbol]                       0x0800289c   Section        0  main.o(.rodata.str1.1)
    .L.str                                   0x080028a5   Data          11  main.o(.rodata.str1.1)
    .L.str.1                                 0x080028b0   Data           7  main.o(.rodata.str1.1)
    .L.str.3                                 0x080028b7   Data           6  parking.o(.rodata.str1.1)
    [Anonymous Symbol]                       0x080028b7   Section        0  parking.o(.rodata.str1.1)
    .L.str.6                                 0x080028bd   Data          10  parking.o(.rodata.str1.1)
    .L.str                                   0x080028c7   Data          15  parking.o(.rodata.str1.1)
    .L.str.1                                 0x080028d6   Data           7  parking.o(.rodata.str1.1)
    .L.str.5                                 0x080028dd   Data           7  parking.o(.rodata.str1.1)
    .L.str.2                                 0x080028e4   Data           8  parking.o(.rodata.str1.1)
    .bss                                     0x20000008   Section       96  libspace.o(.bss)
    g_debounce_entry                         0x2000046a   Data           1  sensor.o(.bss.g_debounce_entry)
    [Anonymous Symbol]                       0x2000046a   Section        0  sensor.o(.bss.g_debounce_entry)
    g_debounce_exit                          0x2000046b   Data           1  sensor.o(.bss.g_debounce_exit)
    [Anonymous Symbol]                       0x2000046b   Section        0  sensor.o(.bss.g_debounce_exit)
    g_debounce_park                          0x2000046c   Data           3  sensor.o(.bss.g_debounce_park)
    [Anonymous Symbol]                       0x2000046c   Section        0  sensor.o(.bss.g_debounce_park)
    g_entry_cooldown                         0x20000470   Data           2  sensor.o(.bss.g_entry_cooldown)
    [Anonymous Symbol]                       0x20000470   Section        0  sensor.o(.bss.g_entry_cooldown)
    g_exit_cooldown                          0x20000478   Data           2  sensor.o(.bss.g_exit_cooldown)
    [Anonymous Symbol]                       0x20000478   Section        0  sensor.o(.bss.g_exit_cooldown)
    g_fac_ms                                 0x20000480   Data           4  delay.o(.bss.g_fac_ms)
    [Anonymous Symbol]                       0x20000480   Section        0  delay.o(.bss.g_fac_ms)
    g_fac_us                                 0x20000484   Data           4  delay.o(.bss.g_fac_us)
    [Anonymous Symbol]                       0x20000484   Section        0  delay.o(.bss.g_fac_us)
    g_last_entry_state                       0x2000048a   Data           1  sensor.o(.bss.g_last_entry_state)
    [Anonymous Symbol]                       0x2000048a   Section        0  sensor.o(.bss.g_last_entry_state)
    g_last_exit_state                        0x2000048b   Data           1  sensor.o(.bss.g_last_exit_state)
    [Anonymous Symbol]                       0x2000048b   Section        0  sensor.o(.bss.g_last_exit_state)
    g_last_park_state                        0x2000048c   Data           3  sensor.o(.bss.g_last_park_state)
    [Anonymous Symbol]                       0x2000048c   Section        0  sensor.o(.bss.g_last_park_state)
    s_100ms_Flag                             0x2000049d   Data           1  main.o(.bss.s_100ms_Flag)
    [Anonymous Symbol]                       0x2000049d   Section        0  main.o(.bss.s_100ms_Flag)
    s_10ms_Flag                              0x2000049e   Data           1  main.o(.bss.s_10ms_Flag)
    [Anonymous Symbol]                       0x2000049e   Section        0  main.o(.bss.s_10ms_Flag)
    s_alarm_flash_state                      0x2000049f   Data           1  alarm.o(.bss.s_alarm_flash_state)
    [Anonymous Symbol]                       0x2000049f   Section        0  alarm.o(.bss.s_alarm_flash_state)
    s_alarm_timer                            0x200004a0   Data           2  alarm.o(.bss.s_alarm_timer)
    [Anonymous Symbol]                       0x200004a0   Section        0  alarm.o(.bss.s_alarm_timer)
    s_entry_wait_timer                       0x200004a2   Data           2  parking.o(.bss.s_entry_wait_timer)
    [Anonymous Symbol]                       0x200004a2   Section        0  parking.o(.bss.s_entry_wait_timer)
    s_entry_waiting                          0x200004a4   Data           1  parking.o(.bss.s_entry_waiting)
    [Anonymous Symbol]                       0x200004a4   Section        0  parking.o(.bss.s_entry_waiting)
    s_exit_wait_timer                        0x200004a6   Data           2  parking.o(.bss.s_exit_wait_timer)
    [Anonymous Symbol]                       0x200004a6   Section        0  parking.o(.bss.s_exit_wait_timer)
    s_exit_waiting                           0x200004a8   Data           1  parking.o(.bss.s_exit_waiting)
    [Anonymous Symbol]                       0x200004a8   Section        0  parking.o(.bss.s_exit_waiting)
    s_key_last                               0x200004a9   Data           7  key.o(.bss.s_key_last)
    [Anonymous Symbol]                       0x200004a9   Section        0  key.o(.bss.s_key_last)
    s_key_press_time                         0x200004b0   Data          14  key.o(.bss.s_key_press_time)
    [Anonymous Symbol]                       0x200004b0   Section        0  key.o(.bss.s_key_press_time)
    s_key_processed                          0x200004be   Data           7  key.o(.bss.s_key_processed)
    [Anonymous Symbol]                       0x200004be   Section        0  key.o(.bss.s_key_processed)
    s_key_state                              0x200004c5   Data           7  key.o(.bss.s_key_state)
    [Anonymous Symbol]                       0x200004c5   Section        0  key.o(.bss.s_key_state)
    s_sysTick_Cnt                            0x200004cc   Data           4  main.o(.bss.s_sysTick_Cnt)
    [Anonymous Symbol]                       0x200004cc   Section        0  main.o(.bss.s_sysTick_Cnt)
    Heap_Mem                                 0x200004d0   Data         512  startup_stm32f10x_md.o(HEAP)
    HEAP                                     0x200004d0   Section      512  startup_stm32f10x_md.o(HEAP)
    Stack_Mem                                0x200006d0   Data        1024  startup_stm32f10x_md.o(STACK)
    STACK                                    0x200006d0   Section     1024  startup_stm32f10x_md.o(STACK)
    __initial_sp                             0x20000ad0   Data           0  startup_stm32f10x_md.o(STACK)

    Global Symbols

    Symbol Name                              Value     Ov Type        Size  Object(Section)

    BuildAttributes$$THM_ISAv4$P$D$K$B$S$PE$A:L22UL41UL21$X:L11$S22US41US21$IEEE1$IW$~IW$USESV6$~STKCKD$USESV7$~SHL$OSPACE$ROPI$EBA8$UX$STANDARDLIB$REQ8$PRES8$EABIv2 0x00000000   Number         0  anon$$obj.o ABSOLUTE
    __fp_init_empty                          0x00000000   Number         0  fpinit_empty.o ABSOLUTE
    __ARM_exceptions_init                     - Undefined Weak Reference
    __alloca_initialize                       - Undefined Weak Reference
    __arm_preinit_                            - Undefined Weak Reference
    __arm_relocate_pie_                       - Undefined Weak Reference
    __cpp_initialize__aeabi_                  - Undefined Weak Reference
    __cxa_finalize                            - Undefined Weak Reference
    __rt_locale                               - Undefined Weak Reference
    __sigvec_lookup                           - Undefined Weak Reference
    _atexit_init                              - Undefined Weak Reference
    _call_atexit_fns                          - Undefined Weak Reference
    _clock_init                               - Undefined Weak Reference
    _fp_trap_init                             - Undefined Weak Reference
    _fp_trap_shutdown                         - Undefined Weak Reference
    _get_lc_collate                           - Undefined Weak Reference
    _get_lc_ctype                             - Undefined Weak Reference
    _get_lc_monetary                          - Undefined Weak Reference
    _get_lc_numeric                           - Undefined Weak Reference
    _get_lc_time                              - Undefined Weak Reference
    _getenv_init                              - Undefined Weak Reference
    _handle_redirection                       - Undefined Weak Reference
    _init_alloc                               - Undefined Weak Reference
    _init_user_alloc                          - Undefined Weak Reference
    _initio                                   - Undefined Weak Reference
    _rand_init                                - Undefined Weak Reference
    _signal_finish                            - Undefined Weak Reference
    _signal_init                              - Undefined Weak Reference
    _terminate_alloc                          - Undefined Weak Reference
    _terminate_user_alloc                     - Undefined Weak Reference
    _terminateio                              - Undefined Weak Reference
    __Vectors_Size                           0x000000ec   Number         0  startup_stm32f10x_md.o ABSOLUTE
    __Vectors                                0x08000000   Data           4  startup_stm32f10x_md.o(RESET)
    __Vectors_End                            0x080000ec   Data           0  startup_stm32f10x_md.o(RESET)
    __main                                   0x080000ed   Thumb Code     8  __main.o(!!!main)
    __scatterload                            0x080000f5   Thumb Code     0  __scatter.o(!!!scatter)
    __scatterload_rt2                        0x080000f5   Thumb Code    84  __scatter.o(!!!scatter)
    __scatterload_rt2_thumb_only             0x080000f5   Thumb Code     0  __scatter.o(!!!scatter)
    __scatterload_loop                       0x080000ff   Thumb Code     0  __scatter.o(!!!scatter)
    __scatterload_copy                       0x08000151   Thumb Code    26  __scatter_copy.o(!!handler_copy)
    __scatterload_null                       0x0800016d   Thumb Code     2  __scatter.o(!!handler_null)
    __scatterload_zeroinit                   0x08000171   Thumb Code    28  __scatter_zi.o(!!handler_zi)
    __rt_lib_init                            0x0800018d   Thumb Code     0  libinit.o(.ARM.Collect$$libinit$$00000000)
    __rt_lib_init_alloca_1                   0x0800018f   Thumb Code     0  libinit2.o(.ARM.Collect$$libinit$$00000030)
    __rt_lib_init_argv_1                     0x0800018f   Thumb Code     0  libinit2.o(.ARM.Collect$$libinit$$0000002E)
    __rt_lib_init_atexit_1                   0x0800018f   Thumb Code     0  libinit2.o(.ARM.Collect$$libinit$$0000001D)
    __rt_lib_init_clock_1                    0x0800018f   Thumb Code     0  libinit2.o(.ARM.Collect$$libinit$$00000023)
    __rt_lib_init_cpp_1                      0x0800018f   Thumb Code     0  libinit2.o(.ARM.Collect$$libinit$$00000034)
    __rt_lib_init_exceptions_1               0x0800018f   Thumb Code     0  libinit2.o(.ARM.Collect$$libinit$$00000032)
    __rt_lib_init_fp_1                       0x0800018f   Thumb Code     0  libinit2.o(.ARM.Collect$$libinit$$00000002)
    __rt_lib_init_fp_trap_1                  0x0800018f   Thumb Code     0  libinit2.o(.ARM.Collect$$libinit$$00000021)
    __rt_lib_init_getenv_1                   0x0800018f   Thumb Code     0  libinit2.o(.ARM.Collect$$libinit$$00000025)
    __rt_lib_init_heap_1                     0x0800018f   Thumb Code     0  libinit2.o(.ARM.Collect$$libinit$$0000000C)
    __rt_lib_init_lc_collate_1               0x0800018f   Thumb Code     0  libinit2.o(.ARM.Collect$$libinit$$00000013)
    __rt_lib_init_lc_ctype_1                 0x0800018f   Thumb Code     0  libinit2.o(.ARM.Collect$$libinit$$00000015)
    __rt_lib_init_lc_monetary_1              0x0800018f   Thumb Code     0  libinit2.o(.ARM.Collect$$libinit$$00000017)
    __rt_lib_init_lc_numeric_1               0x0800018f   Thumb Code     0  libinit2.o(.ARM.Collect$$libinit$$00000019)
    __rt_lib_init_lc_time_1                  0x0800018f   Thumb Code     0  libinit2.o(.ARM.Collect$$libinit$$0000001B)
    __rt_lib_init_preinit_1                  0x0800018f   Thumb Code     0  libinit2.o(.ARM.Collect$$libinit$$00000006)
    __rt_lib_init_rand_1                     0x0800018f   Thumb Code     0  libinit2.o(.ARM.Collect$$libinit$$00000010)
    __rt_lib_init_relocate_pie_1             0x0800018f   Thumb Code     0  libinit2.o(.ARM.Collect$$libinit$$00000004)
    __rt_lib_init_return                     0x0800018f   Thumb Code     0  libinit2.o(.ARM.Collect$$libinit$$00000035)
    __rt_lib_init_signal_1                   0x0800018f   Thumb Code     0  libinit2.o(.ARM.Collect$$libinit$$0000001F)
    __rt_lib_init_stdio_1                    0x0800018f   Thumb Code     0  libinit2.o(.ARM.Collect$$libinit$$00000027)
    __rt_lib_init_user_alloc_1               0x0800018f   Thumb Code     0  libinit2.o(.ARM.Collect$$libinit$$0000000E)
    __rt_lib_shutdown                        0x08000191   Thumb Code     0  libshutdown.o(.ARM.Collect$$libshutdown$$00000000)
    __rt_lib_shutdown_cpp_1                  0x08000193   Thumb Code     0  libshutdown2.o(.ARM.Collect$$libshutdown$$00000002)
    __rt_lib_shutdown_fp_trap_1              0x08000193   Thumb Code     0  libshutdown2.o(.ARM.Collect$$libshutdown$$00000007)
    __rt_lib_shutdown_heap_1                 0x08000193   Thumb Code     0  libshutdown2.o(.ARM.Collect$$libshutdown$$0000000F)
    __rt_lib_shutdown_return                 0x08000193   Thumb Code     0  libshutdown2.o(.ARM.Collect$$libshutdown$$00000010)
    __rt_lib_shutdown_signal_1               0x08000193   Thumb Code     0  libshutdown2.o(.ARM.Collect$$libshutdown$$0000000A)
    __rt_lib_shutdown_stdio_1                0x08000193   Thumb Code     0  libshutdown2.o(.ARM.Collect$$libshutdown$$00000004)
    __rt_lib_shutdown_user_alloc_1           0x08000193   Thumb Code     0  libshutdown2.o(.ARM.Collect$$libshutdown$$0000000C)
    __rt_entry                               0x08000195   Thumb Code     0  __rtentry.o(.ARM.Collect$$rtentry$$00000000)
    __rt_entry_presh_1                       0x08000195   Thumb Code     0  __rtentry2.o(.ARM.Collect$$rtentry$$00000002)
    __rt_entry_sh                            0x08000195   Thumb Code     0  __rtentry4.o(.ARM.Collect$$rtentry$$00000004)
    __rt_entry_li                            0x0800019b   Thumb Code     0  __rtentry2.o(.ARM.Collect$$rtentry$$0000000A)
    __rt_entry_postsh_1                      0x0800019b   Thumb Code     0  __rtentry2.o(.ARM.Collect$$rtentry$$00000009)
    __rt_entry_main                          0x0800019f   Thumb Code     0  __rtentry2.o(.ARM.Collect$$rtentry$$0000000D)
    __rt_entry_postli_1                      0x0800019f   Thumb Code     0  __rtentry2.o(.ARM.Collect$$rtentry$$0000000C)
    __rt_exit                                0x080001a7   Thumb Code     0  rtexit.o(.ARM.Collect$$rtexit$$00000000)
    __rt_exit_ls                             0x080001a9   Thumb Code     0  rtexit2.o(.ARM.Collect$$rtexit$$00000003)
    __rt_exit_prels_1                        0x080001a9   Thumb Code     0  rtexit2.o(.ARM.Collect$$rtexit$$00000002)
    __rt_exit_exit                           0x080001ad   Thumb Code     0  rtexit2.o(.ARM.Collect$$rtexit$$00000004)
    Reset_Handler                            0x080001b5   Thumb Code     8  startup_stm32f10x_md.o(.text)
    NMI_Handler                              0x080001bd   Thumb Code     2  startup_stm32f10x_md.o(.text)
    HardFault_Handler                        0x080001bf   Thumb Code     2  startup_stm32f10x_md.o(.text)
    MemManage_Handler                        0x080001c1   Thumb Code     2  startup_stm32f10x_md.o(.text)
    BusFault_Handler                         0x080001c3   Thumb Code     2  startup_stm32f10x_md.o(.text)
    UsageFault_Handler                       0x080001c5   Thumb Code     2  startup_stm32f10x_md.o(.text)
    SVC_Handler                              0x080001c7   Thumb Code     2  startup_stm32f10x_md.o(.text)
    DebugMon_Handler                         0x080001c9   Thumb Code     2  startup_stm32f10x_md.o(.text)
    PendSV_Handler                           0x080001cb   Thumb Code     2  startup_stm32f10x_md.o(.text)
    ADC1_2_IRQHandler                        0x080001cf   Thumb Code     0  startup_stm32f10x_md.o(.text)
    CAN1_RX1_IRQHandler                      0x080001cf   Thumb Code     0  startup_stm32f10x_md.o(.text)
    CAN1_SCE_IRQHandler                      0x080001cf   Thumb Code     0  startup_stm32f10x_md.o(.text)
    DMA1_Channel1_IRQHandler                 0x080001cf   Thumb Code     0  startup_stm32f10x_md.o(.text)
    DMA1_Channel2_IRQHandler                 0x080001cf   Thumb Code     0  startup_stm32f10x_md.o(.text)
    DMA1_Channel3_IRQHandler                 0x080001cf   Thumb Code     0  startup_stm32f10x_md.o(.text)
    DMA1_Channel4_IRQHandler                 0x080001cf   Thumb Code     0  startup_stm32f10x_md.o(.text)
    DMA1_Channel5_IRQHandler                 0x080001cf   Thumb Code     0  startup_stm32f10x_md.o(.text)
    DMA1_Channel6_IRQHandler                 0x080001cf   Thumb Code     0  startup_stm32f10x_md.o(.text)
    DMA1_Channel7_IRQHandler                 0x080001cf   Thumb Code     0  startup_stm32f10x_md.o(.text)
    EXTI0_IRQHandler                         0x080001cf   Thumb Code     0  startup_stm32f10x_md.o(.text)
    EXTI15_10_IRQHandler                     0x080001cf   Thumb Code     0  startup_stm32f10x_md.o(.text)
    EXTI1_IRQHandler                         0x080001cf   Thumb Code     0  startup_stm32f10x_md.o(.text)
    EXTI2_IRQHandler                         0x080001cf   Thumb Code     0  startup_stm32f10x_md.o(.text)
    EXTI3_IRQHandler                         0x080001cf   Thumb Code     0  startup_stm32f10x_md.o(.text)
    EXTI4_IRQHandler                         0x080001cf   Thumb Code     0  startup_stm32f10x_md.o(.text)
    EXTI9_5_IRQHandler                       0x080001cf   Thumb Code     0  startup_stm32f10x_md.o(.text)
    FLASH_IRQHandler                         0x080001cf   Thumb Code     0  startup_stm32f10x_md.o(.text)
    I2C1_ER_IRQHandler                       0x080001cf   Thumb Code     0  startup_stm32f10x_md.o(.text)
    I2C1_EV_IRQHandler                       0x080001cf   Thumb Code     0  startup_stm32f10x_md.o(.text)
    I2C2_ER_IRQHandler                       0x080001cf   Thumb Code     0  startup_stm32f10x_md.o(.text)
    I2C2_EV_IRQHandler                       0x080001cf   Thumb Code     0  startup_stm32f10x_md.o(.text)
    PVD_IRQHandler                           0x080001cf   Thumb Code     0  startup_stm32f10x_md.o(.text)
    RCC_IRQHandler                           0x080001cf   Thumb Code     0  startup_stm32f10x_md.o(.text)
    RTCAlarm_IRQHandler                      0x080001cf   Thumb Code     0  startup_stm32f10x_md.o(.text)
    RTC_IRQHandler                           0x080001cf   Thumb Code     0  startup_stm32f10x_md.o(.text)
    SPI1_IRQHandler                          0x080001cf   Thumb Code     0  startup_stm32f10x_md.o(.text)
    SPI2_IRQHandler                          0x080001cf   Thumb Code     0  startup_stm32f10x_md.o(.text)
    TAMPER_IRQHandler                        0x080001cf   Thumb Code     0  startup_stm32f10x_md.o(.text)
    TIM1_BRK_IRQHandler                      0x080001cf   Thumb Code     0  startup_stm32f10x_md.o(.text)
    TIM1_CC_IRQHandler                       0x080001cf   Thumb Code     0  startup_stm32f10x_md.o(.text)
    TIM1_TRG_COM_IRQHandler                  0x080001cf   Thumb Code     0  startup_stm32f10x_md.o(.text)
    TIM1_UP_IRQHandler                       0x080001cf   Thumb Code     0  startup_stm32f10x_md.o(.text)
    TIM2_IRQHandler                          0x080001cf   Thumb Code     0  startup_stm32f10x_md.o(.text)
    TIM3_IRQHandler                          0x080001cf   Thumb Code     0  startup_stm32f10x_md.o(.text)
    TIM4_IRQHandler                          0x080001cf   Thumb Code     0  startup_stm32f10x_md.o(.text)
    USART1_IRQHandler                        0x080001cf   Thumb Code     0  startup_stm32f10x_md.o(.text)
    USART2_IRQHandler                        0x080001cf   Thumb Code     0  startup_stm32f10x_md.o(.text)
    USART3_IRQHandler                        0x080001cf   Thumb Code     0  startup_stm32f10x_md.o(.text)
    USBWakeUp_IRQHandler                     0x080001cf   Thumb Code     0  startup_stm32f10x_md.o(.text)
    USB_HP_CAN1_TX_IRQHandler                0x080001cf   Thumb Code     0  startup_stm32f10x_md.o(.text)
    USB_LP_CAN1_RX0_IRQHandler               0x080001cf   Thumb Code     0  startup_stm32f10x_md.o(.text)
    WWDG_IRQHandler                          0x080001cf   Thumb Code     0  startup_stm32f10x_md.o(.text)
    __user_initial_stackheap                 0x080001d1   Thumb Code     0  startup_stm32f10x_md.o(.text)
    __use_two_region_memory                  0x080001f5   Thumb Code     2  heapauxi.o(.text)
    __rt_heap_escrow$2region                 0x080001f7   Thumb Code     2  heapauxi.o(.text)
    __rt_heap_expand$2region                 0x080001f9   Thumb Code     2  heapauxi.o(.text)
    __user_setup_stackheap                   0x080001fb   Thumb Code    74  sys_stackheap_outer.o(.text)
    exit                                     0x08000245   Thumb Code    18  exit.o(.text)
    __user_libspace                          0x08000259   Thumb Code     8  libspace.o(.text)
    __user_perproc_libspace                  0x08000259   Thumb Code     0  libspace.o(.text)
    __user_perthread_libspace                0x08000259   Thumb Code     0  libspace.o(.text)
    _sys_exit                                0x08000261   Thumb Code     8  sys_exit.o(.text)
    __I$use$semihosting                      0x0800026d   Thumb Code     0  use_no_semi.o(.text)
    __use_no_semihosting_swi                 0x0800026d   Thumb Code     2  use_no_semi.o(.text)
    __semihosting_library_function           0x0800026f   Thumb Code     0  indicate_semi.o(.text)
    Alarm_Beep                               0x08000271   Thumb Code    86  alarm.o(.text.Alarm_Beep)
    Alarm_Clear                              0x080002c9   Thumb Code    24  alarm.o(.text.Alarm_Clear)
    Alarm_Init                               0x080002e1   Thumb Code    34  alarm.o(.text.Alarm_Init)
    Alarm_LED_Off                            0x08000305   Thumb Code    18  gpio.o(.text.Alarm_LED_Off)
    Alarm_LED_On                             0x08000319   Thumb Code    18  gpio.o(.text.Alarm_LED_On)
    Alarm_Trigger                            0x0800032d   Thumb Code    28  alarm.o(.text.Alarm_Trigger)
    Alarm_Update                             0x08000349   Thumb Code   134  alarm.o(.text.Alarm_Update)
    Buzzer_Off                               0x080003d1   Thumb Code    18  gpio.o(.text.Buzzer_Off)
    Buzzer_On                                0x080003e5   Thumb Code    18  gpio.o(.text.Buzzer_On)
    Delay_Init                               0x080003f9   Thumb Code    32  delay.o(.text.Delay_Init)
    Delay_ms                                 0x08000419   Thumb Code    64  delay.o(.text.Delay_ms)
    Delay_us                                 0x08000459   Thumb Code   120  delay.o(.text.Delay_us)
    GPIO_Alarm_Init                          0x080004d1   Thumb Code    72  gpio.o(.text.GPIO_Alarm_Init)
    GPIO_Init                                0x08000519   Thumb Code   390  stm32f10x_gpio.o(.text.GPIO_Init)
    GPIO_Init_All                            0x080006a1   Thumb Code    28  gpio.o(.text.GPIO_Init_All)
    GPIO_Key_Init                            0x080006bd   Thumb Code   202  gpio.o(.text.GPIO_Key_Init)
    GPIO_OLED_Init                           0x08000789   Thumb Code    68  gpio.o(.text.GPIO_OLED_Init)
    GPIO_ReadInputDataBit                    0x080007cd   Thumb Code    52  stm32f10x_gpio.o(.text.GPIO_ReadInputDataBit)
    GPIO_ResetBits                           0x08000801   Thumb Code    20  stm32f10x_gpio.o(.text.GPIO_ResetBits)
    GPIO_Sensor_Init                         0x08000815   Thumb Code    92  gpio.o(.text.GPIO_Sensor_Init)
    GPIO_SetBits                             0x08000871   Thumb Code    20  stm32f10x_gpio.o(.text.GPIO_SetBits)
    I2C_Soft_Init                            0x08000891   Thumb Code    68  i2c_soft.o(.text.I2C_Soft_Init)
    I2C_Soft_SendByte                        0x080008d5   Thumb Code   130  i2c_soft.o(.text.I2C_Soft_SendByte)
    I2C_Soft_Start                           0x08000959   Thumb Code    58  i2c_soft.o(.text.I2C_Soft_Start)
    I2C_Soft_Stop                            0x08000995   Thumb Code    52  i2c_soft.o(.text.I2C_Soft_Stop)
    I2C_Soft_WaitAck                         0x080009c9   Thumb Code   118  i2c_soft.o(.text.I2C_Soft_WaitAck)
    Key_GetLongPress                         0x08000a41   Thumb Code    28  key.o(.text.Key_GetLongPress)
    Key_GetValue                             0x08000a5d   Thumb Code    28  key.o(.text.Key_GetValue)
    Key_Process                              0x08000a79   Thumb Code   302  main.o(.text.Key_Process)
    Key_Read_CountRst                        0x08000ba9   Thumb Code    20  gpio.o(.text.Key_Read_CountRst)
    Key_Read_Down                            0x08000bbd   Thumb Code    20  gpio.o(.text.Key_Read_Down)
    Key_Read_Entry                           0x08000bd1   Thumb Code    20  gpio.o(.text.Key_Read_Entry)
    Key_Read_Exit                            0x08000be5   Thumb Code    20  gpio.o(.text.Key_Read_Exit)
    Key_Read_Menu                            0x08000bf9   Thumb Code    20  gpio.o(.text.Key_Read_Menu)
    Key_Read_Start                           0x08000c0d   Thumb Code    20  gpio.o(.text.Key_Read_Start)
    Key_Read_Up                              0x08000c21   Thumb Code    20  gpio.o(.text.Key_Read_Up)
    Key_Scan                                 0x08000c35   Thumb Code   576  key.o(.text.Key_Scan)
    OLED_Clear                               0x08000e75   Thumb Code   202  oled.o(.text.OLED_Clear)
    OLED_Init                                0x08000f41   Thumb Code   176  oled.o(.text.OLED_Init)
    OLED_Refresh_Gram                        0x08000ff1   Thumb Code   134  oled.o(.text.OLED_Refresh_Gram)
    OLED_Show_Char                           0x08001079   Thumb Code   322  oled.o(.text.OLED_Show_Char)
    OLED_Show_Num                            0x080011bd   Thumb Code   254  oled.o(.text.OLED_Show_Num)
    OLED_Show_String                         0x080012bd   Thumb Code   146  oled.o(.text.OLED_Show_String)
    PWM_Init                                 0x080013e1   Thumb Code   196  pwm.o(.text.PWM_Init)
    Parking_Entry_Vehicle                    0x080014a5   Thumb Code   100  parking.o(.text.Parking_Entry_Vehicle)
    Parking_Exit_Vehicle                     0x08001509   Thumb Code    66  parking.o(.text.Parking_Exit_Vehicle)
    Parking_Init                             0x0800154d   Thumb Code    96  parking.o(.text.Parking_Init)
    Parking_Manual_Entry_Gate                0x080015ad   Thumb Code    62  parking.o(.text.Parking_Manual_Entry_Gate)
    Parking_Manual_Exit_Gate                 0x080015ed   Thumb Code    62  parking.o(.text.Parking_Manual_Exit_Gate)
    Parking_Process                          0x0800162d   Thumb Code   444  parking.o(.text.Parking_Process)
    Parking_Update_Display                   0x080017e9   Thumb Code   390  parking.o(.text.Parking_Update_Display)
    RCC_APB1PeriphClockCmd                   0x08001971   Thumb Code    56  stm32f10x_rcc.o(.text.RCC_APB1PeriphClockCmd)
    RCC_APB2PeriphClockCmd                   0x080019a9   Thumb Code    56  stm32f10x_rcc.o(.text.RCC_APB2PeriphClockCmd)
    Sensor_Clear_Trigger                     0x080019e1   Thumb Code    24  sensor.o(.text.Sensor_Clear_Trigger)
    Sensor_Get_Entry_Trigger                 0x080019f9   Thumb Code    12  sensor.o(.text.Sensor_Get_Entry_Trigger)
    Sensor_Get_Exit_Trigger                  0x08001a05   Thumb Code    12  sensor.o(.text.Sensor_Get_Exit_Trigger)
    Sensor_Read_Entry                        0x08001a11   Thumb Code    18  gpio.o(.text.Sensor_Read_Entry)
    Sensor_Read_Exit                         0x08001a25   Thumb Code    18  gpio.o(.text.Sensor_Read_Exit)
    Sensor_Read_Park1                        0x08001a39   Thumb Code    18  gpio.o(.text.Sensor_Read_Park1)
    Sensor_Read_Park2                        0x08001a4d   Thumb Code    18  gpio.o(.text.Sensor_Read_Park2)
    Sensor_Read_Park3                        0x08001a61   Thumb Code    18  gpio.o(.text.Sensor_Read_Park3)
    Sensor_Scan                              0x08001a75   Thumb Code   712  sensor.o(.text.Sensor_Scan)
    Sensor_Update                            0x08001d3d   Thumb Code   138  sensor.o(.text.Sensor_Update)
    Servo_Close                              0x08001dc9   Thumb Code    22  pwm.o(.text.Servo_Close)
    Servo_Open                               0x08001de1   Thumb Code    22  pwm.o(.text.Servo_Open)
    Servo_SetAngle                           0x08001df9   Thumb Code   140  pwm.o(.text.Servo_SetAngle)
    SysTick_Configuration                    0x08001fb1   Thumb Code    54  main.o(.text.SysTick_Configuration)
    SysTick_Handler                          0x08001fe9   Thumb Code   112  main.o(.text.SysTick_Handler)
    SystemInit                               0x08002059   Thumb Code   102  system_stm32f10x.o(.text.SystemInit)
    System_Initialize                        0x080020c1   Thumb Code   180  main.o(.text.System_Initialize)
    TIM_Cmd                                  0x08002175   Thumb Code    44  stm32f10x_tim.o(.text.TIM_Cmd)
    TIM_OC3Init                              0x080021a1   Thumb Code   318  stm32f10x_tim.o(.text.TIM_OC3Init)
    TIM_OC3PreloadConfig                     0x080022e1   Thumb Code    60  stm32f10x_tim.o(.text.TIM_OC3PreloadConfig)
    TIM_OC4Init                              0x0800231d   Thumb Code   238  stm32f10x_tim.o(.text.TIM_OC4Init)
    TIM_OC4PreloadConfig                     0x0800240d   Thumb Code    62  stm32f10x_tim.o(.text.TIM_OC4PreloadConfig)
    TIM_SetCompare3                          0x0800244d   Thumb Code    20  stm32f10x_tim.o(.text.TIM_SetCompare3)
    TIM_SetCompare4                          0x08002461   Thumb Code    22  stm32f10x_tim.o(.text.TIM_SetCompare4)
    TIM_TimeBaseInit                         0x08002479   Thumb Code   322  stm32f10x_tim.o(.text.TIM_TimeBaseInit)
    main                                     0x08002601   Thumb Code    96  main.o(.text.main)
    ASCII_6x8                                0x08002660   Data         540  oled.o(.rodata.ASCII_6x8)
    I2C1_Pin                                 0x0800287c   Data          16  i2c_soft.o(.rodata.I2C1_Pin)
    I2C2_Pin                                 0x0800288c   Data          16  i2c_soft.o(.rodata.I2C2_Pin)
    Region$$Table$$Base                      0x080028ec   Number         0  anon$$obj.o(Region$$Table)
    Region$$Table$$Limit                     0x0800290c   Number         0  anon$$obj.o(Region$$Table)
    g_emptyCount                             0x20000000   Data           1  main.o(.data.g_emptyCount)
    g_parking_empty                          0x20000001   Data           1  parking.o(.data.g_parking_empty)
    g_parking_total                          0x20000002   Data           1  parking.o(.data.g_parking_total)
    __libspace_start                         0x20000008   Data          96  libspace.o(.bss)
    OLED_GRAM                                0x20000068   Data        1024  oled.o(.bss.OLED_GRAM)
    __temporary_stack_top$libspace           0x20000068   Data           0  libspace.o(.bss)
    g_alarm_active                           0x20000468   Data           1  alarm.o(.bss.g_alarm_active)
    g_alarm_type                             0x20000469   Data           1  alarm.o(.bss.g_alarm_type)
    g_entry_gate_state                       0x20000472   Data           1  parking.o(.bss.g_entry_gate_state)
    g_entry_gate_timer                       0x20000474   Data           2  parking.o(.bss.g_entry_gate_timer)
    g_entry_sensor_state                     0x20000476   Data           1  sensor.o(.bss.g_entry_sensor_state)
    g_entry_trigger                          0x20000477   Data           1  sensor.o(.bss.g_entry_trigger)
    g_exit_gate_state                        0x2000047a   Data           1  parking.o(.bss.g_exit_gate_state)
    g_exit_gate_timer                        0x2000047c   Data           2  parking.o(.bss.g_exit_gate_timer)
    g_exit_sensor_state                      0x2000047e   Data           1  sensor.o(.bss.g_exit_sensor_state)
    g_exit_trigger                           0x2000047f   Data           1  sensor.o(.bss.g_exit_trigger)
    g_key_long_press                         0x20000488   Data           1  key.o(.bss.g_key_long_press)
    g_key_value                              0x20000489   Data           1  key.o(.bss.g_key_value)
    g_park_sensor_state                      0x2000048f   Data           3  sensor.o(.bss.g_park_sensor_state)
    g_parkingSpots                           0x20000492   Data           3  main.o(.bss.g_parkingSpots)
    g_parking_count                          0x20000498   Data           4  parking.o(.bss.g_parking_count)
    g_systemMode                             0x2000049c   Data           1  main.o(.bss.g_systemMode)



==============================================================================

Memory Map of the image

  Image Entry point : 0x080000ed

  Load Region LR_IROM1 (Base: 0x08000000, Size: 0x00002918, Max: 0x00010000, ABSOLUTE)

    Execution Region ER_IROM1 (Exec base: 0x08000000, Load base: 0x08000000, Size: 0x0000290c, Max: 0x00010000, ABSOLUTE)

    Exec Addr    Load Addr    Size         Type   Attr      Idx    E Section Name        Object

    0x08000000   0x08000000   0x000000ec   Data   RO          288    RESET               startup_stm32f10x_md.o
    0x080000ec   0x080000ec   0x00000008   Code   RO          621  * !!!main             c_w.l(__main.o)
    0x080000f4   0x080000f4   0x0000005c   Code   RO          786    !!!scatter          c_w.l(__scatter.o)
    0x08000150   0x08000150   0x0000001a   Code   RO          790    !!handler_copy      c_w.l(__scatter_copy.o)
    0x0800016a   0x0800016a   0x00000002   PAD
    0x0800016c   0x0800016c   0x00000002   Code   RO          787    !!handler_null      c_w.l(__scatter.o)
    0x0800016e   0x0800016e   0x00000002   PAD
    0x08000170   0x08000170   0x0000001c   Code   RO          792    !!handler_zi        c_w.l(__scatter_zi.o)
    0x0800018c   0x0800018c   0x00000002   Code   RO          648    .ARM.Collect$$libinit$$00000000  c_w.l(libinit.o)
    0x0800018e   0x0800018e   0x00000000   Code   RO          655    .ARM.Collect$$libinit$$00000002  c_w.l(libinit2.o)
    0x0800018e   0x0800018e   0x00000000   Code   RO          657    .ARM.Collect$$libinit$$00000004  c_w.l(libinit2.o)
    0x0800018e   0x0800018e   0x00000000   Code   RO          659    .ARM.Collect$$libinit$$00000006  c_w.l(libinit2.o)
    0x0800018e   0x0800018e   0x00000000   Code   RO          662    .ARM.Collect$$libinit$$0000000C  c_w.l(libinit2.o)
    0x0800018e   0x0800018e   0x00000000   Code   RO          664    .ARM.Collect$$libinit$$0000000E  c_w.l(libinit2.o)
    0x0800018e   0x0800018e   0x00000000   Code   RO          666    .ARM.Collect$$libinit$$00000010  c_w.l(libinit2.o)
    0x0800018e   0x0800018e   0x00000000   Code   RO          669    .ARM.Collect$$libinit$$00000013  c_w.l(libinit2.o)
    0x0800018e   0x0800018e   0x00000000   Code   RO          671    .ARM.Collect$$libinit$$00000015  c_w.l(libinit2.o)
    0x0800018e   0x0800018e   0x00000000   Code   RO          673    .ARM.Collect$$libinit$$00000017  c_w.l(libinit2.o)
    0x0800018e   0x0800018e   0x00000000   Code   RO          675    .ARM.Collect$$libinit$$00000019  c_w.l(libinit2.o)
    0x0800018e   0x0800018e   0x00000000   Code   RO          677    .ARM.Collect$$libinit$$0000001B  c_w.l(libinit2.o)
    0x0800018e   0x0800018e   0x00000000   Code   RO          679    .ARM.Collect$$libinit$$0000001D  c_w.l(libinit2.o)
    0x0800018e   0x0800018e   0x00000000   Code   RO          681    .ARM.Collect$$libinit$$0000001F  c_w.l(libinit2.o)
    0x0800018e   0x0800018e   0x00000000   Code   RO          683    .ARM.Collect$$libinit$$00000021  c_w.l(libinit2.o)
    0x0800018e   0x0800018e   0x00000000   Code   RO          685    .ARM.Collect$$libinit$$00000023  c_w.l(libinit2.o)
    0x0800018e   0x0800018e   0x00000000   Code   RO          687    .ARM.Collect$$libinit$$00000025  c_w.l(libinit2.o)
    0x0800018e   0x0800018e   0x00000000   Code   RO          689    .ARM.Collect$$libinit$$00000027  c_w.l(libinit2.o)
    0x0800018e   0x0800018e   0x00000000   Code   RO          693    .ARM.Collect$$libinit$$0000002E  c_w.l(libinit2.o)
    0x0800018e   0x0800018e   0x00000000   Code   RO          695    .ARM.Collect$$libinit$$00000030  c_w.l(libinit2.o)
    0x0800018e   0x0800018e   0x00000000   Code   RO          697    .ARM.Collect$$libinit$$00000032  c_w.l(libinit2.o)
    0x0800018e   0x0800018e   0x00000000   Code   RO          699    .ARM.Collect$$libinit$$00000034  c_w.l(libinit2.o)
    0x0800018e   0x0800018e   0x00000002   Code   RO          700    .ARM.Collect$$libinit$$00000035  c_w.l(libinit2.o)
    0x08000190   0x08000190   0x00000002   Code   RO          722    .ARM.Collect$$libshutdown$$00000000  c_w.l(libshutdown.o)
    0x08000192   0x08000192   0x00000000   Code   RO          737    .ARM.Collect$$libshutdown$$00000002  c_w.l(libshutdown2.o)
    0x08000192   0x08000192   0x00000000   Code   RO          739    .ARM.Collect$$libshutdown$$00000004  c_w.l(libshutdown2.o)
    0x08000192   0x08000192   0x00000000   Code   RO          742    .ARM.Collect$$libshutdown$$00000007  c_w.l(libshutdown2.o)
    0x08000192   0x08000192   0x00000000   Code   RO          745    .ARM.Collect$$libshutdown$$0000000A  c_w.l(libshutdown2.o)
    0x08000192   0x08000192   0x00000000   Code   RO          747    .ARM.Collect$$libshutdown$$0000000C  c_w.l(libshutdown2.o)
    0x08000192   0x08000192   0x00000000   Code   RO          750    .ARM.Collect$$libshutdown$$0000000F  c_w.l(libshutdown2.o)
    0x08000192   0x08000192   0x00000002   Code   RO          751    .ARM.Collect$$libshutdown$$00000010  c_w.l(libshutdown2.o)
    0x08000194   0x08000194   0x00000000   Code   RO          623    .ARM.Collect$$rtentry$$00000000  c_w.l(__rtentry.o)
    0x08000194   0x08000194   0x00000000   Code   RO          625    .ARM.Collect$$rtentry$$00000002  c_w.l(__rtentry2.o)
    0x08000194   0x08000194   0x00000006   Code   RO          637    .ARM.Collect$$rtentry$$00000004  c_w.l(__rtentry4.o)
    0x0800019a   0x0800019a   0x00000000   Code   RO          627    .ARM.Collect$$rtentry$$00000009  c_w.l(__rtentry2.o)
    0x0800019a   0x0800019a   0x00000004   Code   RO          628    .ARM.Collect$$rtentry$$0000000A  c_w.l(__rtentry2.o)
    0x0800019e   0x0800019e   0x00000000   Code   RO          630    .ARM.Collect$$rtentry$$0000000C  c_w.l(__rtentry2.o)
    0x0800019e   0x0800019e   0x00000008   Code   RO          631    .ARM.Collect$$rtentry$$0000000D  c_w.l(__rtentry2.o)
    0x080001a6   0x080001a6   0x00000002   Code   RO          652    .ARM.Collect$$rtexit$$00000000  c_w.l(rtexit.o)
    0x080001a8   0x080001a8   0x00000000   Code   RO          702    .ARM.Collect$$rtexit$$00000002  c_w.l(rtexit2.o)
    0x080001a8   0x080001a8   0x00000004   Code   RO          703    .ARM.Collect$$rtexit$$00000003  c_w.l(rtexit2.o)
    0x080001ac   0x080001ac   0x00000006   Code   RO          704    .ARM.Collect$$rtexit$$00000004  c_w.l(rtexit2.o)
    0x080001b2   0x080001b2   0x00000002   PAD
    0x080001b4   0x080001b4   0x00000040   Code   RO          289    .text               startup_stm32f10x_md.o
    0x080001f4   0x080001f4   0x00000006   Code   RO          619    .text               c_w.l(heapauxi.o)
    0x080001fa   0x080001fa   0x0000004a   Code   RO          639    .text               c_w.l(sys_stackheap_outer.o)
    0x08000244   0x08000244   0x00000012   Code   RO          641    .text               c_w.l(exit.o)
    0x08000256   0x08000256   0x00000002   PAD
    0x08000258   0x08000258   0x00000008   Code   RO          649    .text               c_w.l(libspace.o)
    0x08000260   0x08000260   0x0000000c   Code   RO          712    .text               c_w.l(sys_exit.o)
    0x0800026c   0x0800026c   0x00000002   Code   RO          727    .text               c_w.l(use_no_semi.o)
    0x0800026e   0x0800026e   0x00000000   Code   RO          729    .text               c_w.l(indicate_semi.o)
    0x0800026e   0x0800026e   0x00000002   PAD
    0x08000270   0x08000270   0x00000056   Code   RO          241    .text.Alarm_Beep    alarm.o
    0x080002c6   0x080002c6   0x00000002   PAD
    0x080002c8   0x080002c8   0x00000018   Code   RO          239    .text.Alarm_Clear   alarm.o
    0x080002e0   0x080002e0   0x00000022   Code   RO          233    .text.Alarm_Init    alarm.o
    0x08000302   0x08000302   0x00000002   PAD
    0x08000304   0x08000304   0x00000012   Code   RO           62    .text.Alarm_LED_Off  gpio.o
    0x08000316   0x08000316   0x00000002   PAD
    0x08000318   0x08000318   0x00000012   Code   RO           90    .text.Alarm_LED_On  gpio.o
    0x0800032a   0x0800032a   0x00000002   PAD
    0x0800032c   0x0800032c   0x0000001c   Code   RO          237    .text.Alarm_Trigger  alarm.o
    0x08000348   0x08000348   0x00000086   Code   RO          235    .text.Alarm_Update  alarm.o
    0x080003ce   0x080003ce   0x00000002   PAD
    0x080003d0   0x080003d0   0x00000012   Code   RO           60    .text.Buzzer_Off    gpio.o
    0x080003e2   0x080003e2   0x00000002   PAD
    0x080003e4   0x080003e4   0x00000012   Code   RO           88    .text.Buzzer_On     gpio.o
    0x080003f6   0x080003f6   0x00000002   PAD
    0x080003f8   0x080003f8   0x00000020   Code   RO           33    .text.Delay_Init    delay.o
    0x08000418   0x08000418   0x00000040   Code   RO           37    .text.Delay_ms      delay.o
    0x08000458   0x08000458   0x00000078   Code   RO           35    .text.Delay_us      delay.o
    0x080004d0   0x080004d0   0x00000048   Code   RO           56    .text.GPIO_Alarm_Init  gpio.o
    0x08000518   0x08000518   0x00000186   Code   RO          317    .text.GPIO_Init     stm32f10x_gpio.o
    0x0800069e   0x0800069e   0x00000002   PAD
    0x080006a0   0x080006a0   0x0000001c   Code   RO           50    .text.GPIO_Init_All  gpio.o
    0x080006bc   0x080006bc   0x000000ca   Code   RO           54    .text.GPIO_Key_Init  gpio.o
    0x08000786   0x08000786   0x00000002   PAD
    0x08000788   0x08000788   0x00000044   Code   RO           58    .text.GPIO_OLED_Init  gpio.o
    0x080007cc   0x080007cc   0x00000034   Code   RO          321    .text.GPIO_ReadInputDataBit  stm32f10x_gpio.o
    0x08000800   0x08000800   0x00000014   Code   RO          331    .text.GPIO_ResetBits  stm32f10x_gpio.o
    0x08000814   0x08000814   0x0000005c   Code   RO           52    .text.GPIO_Sensor_Init  gpio.o
    0x08000870   0x08000870   0x00000014   Code   RO          329    .text.GPIO_SetBits  stm32f10x_gpio.o
    0x08000884   0x08000884   0x0000000a   Code   RO          118    .text.I2C_Delay     i2c_soft.o
    0x0800088e   0x0800088e   0x00000002   PAD
    0x08000890   0x08000890   0x00000044   Code   RO          114    .text.I2C_Soft_Init  i2c_soft.o
    0x080008d4   0x080008d4   0x00000082   Code   RO          126    .text.I2C_Soft_SendByte  i2c_soft.o
    0x08000956   0x08000956   0x00000002   PAD
    0x08000958   0x08000958   0x0000003a   Code   RO          116    .text.I2C_Soft_Start  i2c_soft.o
    0x08000992   0x08000992   0x00000002   PAD
    0x08000994   0x08000994   0x00000034   Code   RO          120    .text.I2C_Soft_Stop  i2c_soft.o
    0x080009c8   0x080009c8   0x00000076   Code   RO          122    .text.I2C_Soft_WaitAck  i2c_soft.o
    0x08000a3e   0x08000a3e   0x00000002   PAD
    0x08000a40   0x08000a40   0x0000001c   Code   RO          216    .text.Key_GetLongPress  key.o
    0x08000a5c   0x08000a5c   0x0000001c   Code   RO          214    .text.Key_GetValue  key.o
    0x08000a78   0x08000a78   0x0000012e   Code   RO           10    .text.Key_Process   main.o
    0x08000ba6   0x08000ba6   0x00000002   PAD
    0x08000ba8   0x08000ba8   0x00000014   Code   RO           80    .text.Key_Read_CountRst  gpio.o
    0x08000bbc   0x08000bbc   0x00000014   Code   RO           86    .text.Key_Read_Down  gpio.o
    0x08000bd0   0x08000bd0   0x00000014   Code   RO           76    .text.Key_Read_Entry  gpio.o
    0x08000be4   0x08000be4   0x00000014   Code   RO           78    .text.Key_Read_Exit  gpio.o
    0x08000bf8   0x08000bf8   0x00000014   Code   RO           82    .text.Key_Read_Menu  gpio.o
    0x08000c0c   0x08000c0c   0x00000014   Code   RO           74    .text.Key_Read_Start  gpio.o
    0x08000c20   0x08000c20   0x00000014   Code   RO           84    .text.Key_Read_Up   gpio.o
    0x08000c34   0x08000c34   0x00000240   Code   RO          212    .text.Key_Scan      key.o
    0x08000e74   0x08000e74   0x000000ca   Code   RO          147    .text.OLED_Clear    oled.o
    0x08000f3e   0x08000f3e   0x00000002   PAD
    0x08000f40   0x08000f40   0x000000b0   Code   RO          143    .text.OLED_Init     oled.o
    0x08000ff0   0x08000ff0   0x00000086   Code   RO          163    .text.OLED_Refresh_Gram  oled.o
    0x08001076   0x08001076   0x00000002   PAD
    0x08001078   0x08001078   0x00000142   Code   RO          157    .text.OLED_Show_Char  oled.o
    0x080011ba   0x080011ba   0x00000002   PAD
    0x080011bc   0x080011bc   0x000000fe   Code   RO          161    .text.OLED_Show_Num  oled.o
    0x080012ba   0x080012ba   0x00000002   PAD
    0x080012bc   0x080012bc   0x00000092   Code   RO          159    .text.OLED_Show_String  oled.o
    0x0800134e   0x0800134e   0x00000002   PAD
    0x08001350   0x08001350   0x00000046   Code   RO          145    .text.OLED_Write_Cmd  oled.o
    0x08001396   0x08001396   0x00000002   PAD
    0x08001398   0x08001398   0x00000046   Code   RO          149    .text.OLED_Write_Data  oled.o
    0x080013de   0x080013de   0x00000002   PAD
    0x080013e0   0x080013e0   0x000000c4   Code   RO           99    .text.PWM_Init      pwm.o
    0x080014a4   0x080014a4   0x00000064   Code   RO          258    .text.Parking_Entry_Vehicle  parking.o
    0x08001508   0x08001508   0x00000042   Code   RO          260    .text.Parking_Exit_Vehicle  parking.o
    0x0800154a   0x0800154a   0x00000002   PAD
    0x0800154c   0x0800154c   0x00000060   Code   RO          254    .text.Parking_Init  parking.o
    0x080015ac   0x080015ac   0x0000003e   Code   RO          262    .text.Parking_Manual_Entry_Gate  parking.o
    0x080015ea   0x080015ea   0x00000002   PAD
    0x080015ec   0x080015ec   0x0000003e   Code   RO          264    .text.Parking_Manual_Exit_Gate  parking.o
    0x0800162a   0x0800162a   0x00000002   PAD
    0x0800162c   0x0800162c   0x000001bc   Code   RO          256    .text.Parking_Process  parking.o
    0x080017e8   0x080017e8   0x00000186   Code   RO          266    .text.Parking_Update_Display  parking.o
    0x0800196e   0x0800196e   0x00000002   PAD
    0x08001970   0x08001970   0x00000038   Code   RO          402    .text.RCC_APB1PeriphClockCmd  stm32f10x_rcc.o
    0x080019a8   0x080019a8   0x00000038   Code   RO          400    .text.RCC_APB2PeriphClockCmd  stm32f10x_rcc.o
    0x080019e0   0x080019e0   0x00000018   Code   RO          190    .text.Sensor_Clear_Trigger  sensor.o
    0x080019f8   0x080019f8   0x0000000c   Code   RO          186    .text.Sensor_Get_Entry_Trigger  sensor.o
    0x08001a04   0x08001a04   0x0000000c   Code   RO          188    .text.Sensor_Get_Exit_Trigger  sensor.o
    0x08001a10   0x08001a10   0x00000012   Code   RO           70    .text.Sensor_Read_Entry  gpio.o
    0x08001a22   0x08001a22   0x00000002   PAD
    0x08001a24   0x08001a24   0x00000012   Code   RO           72    .text.Sensor_Read_Exit  gpio.o
    0x08001a36   0x08001a36   0x00000002   PAD
    0x08001a38   0x08001a38   0x00000012   Code   RO           64    .text.Sensor_Read_Park1  gpio.o
    0x08001a4a   0x08001a4a   0x00000002   PAD
    0x08001a4c   0x08001a4c   0x00000012   Code   RO           66    .text.Sensor_Read_Park2  gpio.o
    0x08001a5e   0x08001a5e   0x00000002   PAD
    0x08001a60   0x08001a60   0x00000012   Code   RO           68    .text.Sensor_Read_Park3  gpio.o
    0x08001a72   0x08001a72   0x00000002   PAD
    0x08001a74   0x08001a74   0x000002c8   Code   RO          180    .text.Sensor_Scan   sensor.o
    0x08001d3c   0x08001d3c   0x0000008a   Code   RO          182    .text.Sensor_Update  sensor.o
    0x08001dc6   0x08001dc6   0x00000002   PAD
    0x08001dc8   0x08001dc8   0x00000016   Code   RO          101    .text.Servo_Close   pwm.o
    0x08001dde   0x08001dde   0x00000002   PAD
    0x08001de0   0x08001de0   0x00000016   Code   RO          105    .text.Servo_Open    pwm.o
    0x08001df6   0x08001df6   0x00000002   PAD
    0x08001df8   0x08001df8   0x0000008c   Code   RO          103    .text.Servo_SetAngle  pwm.o
    0x08001e84   0x08001e84   0x00000008   Code   RO          298    .text.SetSysClock   system_stm32f10x.o
    0x08001e8c   0x08001e8c   0x00000122   Code   RO          302    .text.SetSysClockTo72  system_stm32f10x.o
    0x08001fae   0x08001fae   0x00000002   PAD
    0x08001fb0   0x08001fb0   0x00000036   Code   RO            2    .text.SysTick_Configuration  main.o
    0x08001fe6   0x08001fe6   0x00000002   PAD
    0x08001fe8   0x08001fe8   0x00000070   Code   RO            6    .text.SysTick_Handler  main.o
    0x08002058   0x08002058   0x00000066   Code   RO          296    .text.SystemInit    system_stm32f10x.o
    0x080020be   0x080020be   0x00000002   PAD
    0x080020c0   0x080020c0   0x000000b4   Code   RO            8    .text.System_Initialize  main.o
    0x08002174   0x08002174   0x0000002c   Code   RO          471    .text.TIM_Cmd       stm32f10x_tim.o
    0x080021a0   0x080021a0   0x0000013e   Code   RO          437    .text.TIM_OC3Init   stm32f10x_tim.o
    0x080022de   0x080022de   0x00000002   PAD
    0x080022e0   0x080022e0   0x0000003c   Code   RO          523    .text.TIM_OC3PreloadConfig  stm32f10x_tim.o
    0x0800231c   0x0800231c   0x000000ee   Code   RO          439    .text.TIM_OC4Init   stm32f10x_tim.o
    0x0800240a   0x0800240a   0x00000002   PAD
    0x0800240c   0x0800240c   0x0000003e   Code   RO          525    .text.TIM_OC4PreloadConfig  stm32f10x_tim.o
    0x0800244a   0x0800244a   0x00000002   PAD
    0x0800244c   0x0800244c   0x00000014   Code   RO          585    .text.TIM_SetCompare3  stm32f10x_tim.o
    0x08002460   0x08002460   0x00000016   Code   RO          587    .text.TIM_SetCompare4  stm32f10x_tim.o
    0x08002476   0x08002476   0x00000002   PAD
    0x08002478   0x08002478   0x00000142   Code   RO          431    .text.TIM_TimeBaseInit  stm32f10x_tim.o
    0x080025ba   0x080025ba   0x00000002   PAD
    0x080025bc   0x080025bc   0x00000042   Code   RO            4    .text.__NVIC_SetPriority  main.o
    0x080025fe   0x080025fe   0x00000002   PAD
    0x08002600   0x08002600   0x00000060   Code   RO           12    .text.main          main.o
    0x08002660   0x08002660   0x0000021c   Data   RO          171    .rodata.ASCII_6x8   oled.o
    0x0800287c   0x0800287c   0x00000010   Data   RO          134    .rodata.I2C1_Pin    i2c_soft.o
    0x0800288c   0x0800288c   0x00000010   Data   RO          135    .rodata.I2C2_Pin    i2c_soft.o
    0x0800289c   0x0800289c   0x0000001b   Data   RO           24    .rodata.str1.1      main.o
    0x080028b7   0x080028b7   0x00000035   Data   RO          279    .rodata.str1.1      parking.o
    0x080028ec   0x080028ec   0x00000020   Data   RO          785    Region$$Table       anon$$obj.o


    Execution Region RW_IRAM1 (Exec base: 0x20000000, Load base: 0x08002910, Size: 0x00000ad0, Max: 0x00005000, ABSOLUTE)

    Exec Addr    Load Addr    Size         Type   Attr      Idx    E Section Name        Object

    0x20000000   0x08002910   0x00000001   Data   RW           17    .data.g_emptyCount  main.o
    0x20000001   0x08002911   0x00000001   Data   RW          269    .data.g_parking_empty  parking.o
    0x20000002   0x08002912   0x00000001   Data   RW          268    .data.g_parking_total  parking.o
    0x20000003   0x08002913   0x00000005   PAD
    0x20000008        -       0x00000060   Zero   RW          650    .bss                c_w.l(libspace.o)
    0x20000068        -       0x00000400   Zero   RW          172    .bss.OLED_GRAM      oled.o
    0x20000468        -       0x00000001   Zero   RW          244    .bss.g_alarm_active  alarm.o
    0x20000469        -       0x00000001   Zero   RW          243    .bss.g_alarm_type   alarm.o
    0x2000046a        -       0x00000001   Zero   RW          200    .bss.g_debounce_entry  sensor.o
    0x2000046b        -       0x00000001   Zero   RW          203    .bss.g_debounce_exit  sensor.o
    0x2000046c        -       0x00000003   Zero   RW          198    .bss.g_debounce_park  sensor.o
    0x2000046f   0x08002913   0x00000001   PAD
    0x20000470        -       0x00000002   Zero   RW          201    .bss.g_entry_cooldown  sensor.o
    0x20000472        -       0x00000001   Zero   RW          270    .bss.g_entry_gate_state  parking.o
    0x20000473   0x08002913   0x00000001   PAD
    0x20000474        -       0x00000002   Zero   RW          273    .bss.g_entry_gate_timer  parking.o
    0x20000476        -       0x00000001   Zero   RW          193    .bss.g_entry_sensor_state  sensor.o
    0x20000477        -       0x00000001   Zero   RW          195    .bss.g_entry_trigger  sensor.o
    0x20000478        -       0x00000002   Zero   RW          204    .bss.g_exit_cooldown  sensor.o
    0x2000047a        -       0x00000001   Zero   RW          271    .bss.g_exit_gate_state  parking.o
    0x2000047b   0x08002913   0x00000001   PAD
    0x2000047c        -       0x00000002   Zero   RW          274    .bss.g_exit_gate_timer  parking.o
    0x2000047e        -       0x00000001   Zero   RW          194    .bss.g_exit_sensor_state  sensor.o
    0x2000047f        -       0x00000001   Zero   RW          196    .bss.g_exit_trigger  sensor.o
    0x20000480        -       0x00000004   Zero   RW           42    .bss.g_fac_ms       delay.o
    0x20000484        -       0x00000004   Zero   RW           41    .bss.g_fac_us       delay.o
    0x20000488        -       0x00000001   Zero   RW          221    .bss.g_key_long_press  key.o
    0x20000489        -       0x00000001   Zero   RW          220    .bss.g_key_value    key.o
    0x2000048a        -       0x00000001   Zero   RW          199    .bss.g_last_entry_state  sensor.o
    0x2000048b        -       0x00000001   Zero   RW          202    .bss.g_last_exit_state  sensor.o
    0x2000048c        -       0x00000003   Zero   RW          197    .bss.g_last_park_state  sensor.o
    0x2000048f        -       0x00000003   Zero   RW          192    .bss.g_park_sensor_state  sensor.o
    0x20000492        -       0x00000003   Zero   RW           16    .bss.g_parkingSpots  main.o
    0x20000495   0x08002913   0x00000003   PAD
    0x20000498        -       0x00000004   Zero   RW          272    .bss.g_parking_count  parking.o
    0x2000049c        -       0x00000001   Zero   RW           14    .bss.g_systemMode   main.o
    0x2000049d        -       0x00000001   Zero   RW           23    .bss.s_100ms_Flag   main.o
    0x2000049e        -       0x00000001   Zero   RW           22    .bss.s_10ms_Flag    main.o
    0x2000049f        -       0x00000001   Zero   RW          246    .bss.s_alarm_flash_state  alarm.o
    0x200004a0        -       0x00000002   Zero   RW          245    .bss.s_alarm_timer  alarm.o
    0x200004a2        -       0x00000002   Zero   RW          276    .bss.s_entry_wait_timer  parking.o
    0x200004a4        -       0x00000001   Zero   RW          275    .bss.s_entry_waiting  parking.o
    0x200004a5   0x08002913   0x00000001   PAD
    0x200004a6        -       0x00000002   Zero   RW          278    .bss.s_exit_wait_timer  parking.o
    0x200004a8        -       0x00000001   Zero   RW          277    .bss.s_exit_waiting  parking.o
    0x200004a9        -       0x00000007   Zero   RW          223    .bss.s_key_last     key.o
    0x200004b0        -       0x0000000e   Zero   RW          224    .bss.s_key_press_time  key.o
    0x200004be        -       0x00000007   Zero   RW          225    .bss.s_key_processed  key.o
    0x200004c5        -       0x00000007   Zero   RW          222    .bss.s_key_state    key.o
    0x200004cc        -       0x00000004   Zero   RW           21    .bss.s_sysTick_Cnt  main.o
    0x200004d0        -       0x00000200   Zero   RW          287    HEAP                startup_stm32f10x_md.o
    0x200006d0        -       0x00000400   Zero   RW          286    STACK               startup_stm32f10x_md.o


==============================================================================

Image component sizes


      Code (inc. data)   RO Data    RW Data    ZI Data      Debug   Object Name

       306          0          0          0          5       1227   alarm.o
       216          0          0          0          8       1310   delay.o
       764          0          0          0          0       3576   gpio.o
       436          0         32          0          0       3004   i2c_soft.o
       632          0          0          0         37       1706   key.o
       810         12         27          1         10       4577   main.o
      1374          0        540          0       1024       5159   oled.o
      1220          0         53          2         16       2386   parking.o
       380          0          0          0          0       3375   pwm.o
       898          0          0          0         21       2238   sensor.o
        64         26        236          0       1536        800   startup_stm32f10x_md.o
       482          0          0          0          0       5571   stm32f10x_gpio.o
       112          0          0          0          0       6899   stm32f10x_rcc.o
      1086          0          0          0          0      20274   stm32f10x_tim.o
       400          0          0          0          0       2774   system_stm32f10x.o

    ----------------------------------------------------------------------
      9264         38        920          4       2668      64876   Object Totals
         0          0         32          0          0          0   (incl. Generated)
        84          0          0          1         11          0   (incl. Padding)

    ----------------------------------------------------------------------

      Code (inc. data)   RO Data    RW Data    ZI Data      Debug   Library Member Name

         8          0          0          0          0         68   __main.o
         0          0          0          0          0          0   __rtentry.o
        12          0          0          0          0          0   __rtentry2.o
         6          0          0          0          0          0   __rtentry4.o
        94          8          0          0          0          0   __scatter.o
        26          0          0          0          0          0   __scatter_copy.o
        28          0          0          0          0          0   __scatter_zi.o
        18          0          0          0          0         80   exit.o
         6          0          0          0          0        152   heapauxi.o
         0          0          0          0          0          0   indicate_semi.o
         2          0          0          0          0          0   libinit.o
         2          0          0          0          0          0   libinit2.o
         2          0          0          0          0          0   libshutdown.o
         2          0          0          0          0          0   libshutdown2.o
         8          4          0          0         96         68   libspace.o
         2          0          0          0          0          0   rtexit.o
        10          0          0          0          0          0   rtexit2.o
        12          4          0          0          0         68   sys_exit.o
        74          0          0          0          0         80   sys_stackheap_outer.o
         2          0          0          0          0         68   use_no_semi.o

    ----------------------------------------------------------------------
       324         16          0          0         96        584   Library Totals
        10          0          0          0          0          0   (incl. Padding)

    ----------------------------------------------------------------------

      Code (inc. data)   RO Data    RW Data    ZI Data      Debug   Library Name

       314         16          0          0         96        584   c_w.l

    ----------------------------------------------------------------------
       324         16          0          0         96        584   Library Totals

    ----------------------------------------------------------------------

==============================================================================


      Code (inc. data)   RO Data    RW Data    ZI Data      Debug   

      9588         54        920          4       2764      65160   Grand Totals
      9588         54        920          4       2764      65160   ELF Image Totals
      9588         54        920          4          0          0   ROM Totals

==============================================================================

    Total RO  Size (Code + RO Data)                10508 (  10.26kB)
    Total RW  Size (RW Data + ZI Data)              2768 (   2.70kB)
    Total ROM Size (Code + RO Data + RW Data)      10512 (  10.27kB)

==============================================================================

