Component: Arm Compiler for Embedded 6.21 Tool: armlink [5ec1fa00]

==============================================================================

Section Cross References

    alarm.o(.text.Alarm_Init) refers to alarm.o(.bss.g_alarm_type) for g_alarm_type
    alarm.o(.text.Alarm_Init) refers to alarm.o(.bss.g_alarm_active) for g_alarm_active
    alarm.o(.text.Alarm_Init) refers to gpio.o(.text.Buzzer_Off) for Buzzer_Off
    alarm.o(.text.Alarm_Init) refers to gpio.o(.text.Alarm_LED_Off) for Alarm_LED_Off
    alarm.o(.ARM.exidx.text.Alarm_Init) refers to alarm.o(.text.Alarm_Init) for [Anonymous Symbol]
    alarm.o(.text.Alarm_Update) refers to alarm.o(.bss.g_alarm_type) for g_alarm_type
    alarm.o(.text.Alarm_Update) refers to alarm.o(.bss.g_alarm_active) for g_alarm_active
    alarm.o(.text.Alarm_Update) refers to alarm.o(.bss.s_alarm_timer) for s_alarm_timer
    alarm.o(.text.Alarm_Update) refers to alarm.o(.bss.s_alarm_flash_state) for s_alarm_flash_state
    alarm.o(.text.Alarm_Update) refers to gpio.o(.text.Alarm_LED_On) for Alarm_LED_On
    alarm.o(.text.Alarm_Update) refers to gpio.o(.text.Buzzer_On) for Buzzer_On
    alarm.o(.text.Alarm_Update) refers to gpio.o(.text.Alarm_LED_Off) for Alarm_LED_Off
    alarm.o(.text.Alarm_Update) refers to gpio.o(.text.Buzzer_Off) for Buzzer_Off
    alarm.o(.ARM.exidx.text.Alarm_Update) refers to alarm.o(.text.Alarm_Update) for [Anonymous Symbol]
    alarm.o(.text.Alarm_Trigger) refers to alarm.o(.bss.g_alarm_type) for g_alarm_type
    alarm.o(.ARM.exidx.text.Alarm_Trigger) refers to alarm.o(.text.Alarm_Trigger) for [Anonymous Symbol]
    alarm.o(.text.Alarm_Clear) refers to alarm.o(.bss.g_alarm_type) for g_alarm_type
    alarm.o(.text.Alarm_Clear) refers to gpio.o(.text.Buzzer_Off) for Buzzer_Off
    alarm.o(.text.Alarm_Clear) refers to gpio.o(.text.Alarm_LED_Off) for Alarm_LED_Off
    alarm.o(.ARM.exidx.text.Alarm_Clear) refers to alarm.o(.text.Alarm_Clear) for [Anonymous Symbol]
    alarm.o(.text.Alarm_Beep) refers to gpio.o(.text.Buzzer_On) for Buzzer_On
    alarm.o(.text.Alarm_Beep) refers to delay.o(.text.Delay_ms) for Delay_ms
    alarm.o(.text.Alarm_Beep) refers to gpio.o(.text.Buzzer_Off) for Buzzer_Off
    alarm.o(.ARM.exidx.text.Alarm_Beep) refers to alarm.o(.text.Alarm_Beep) for [Anonymous Symbol]
    delay.o(.text.Delay_Init) refers to delay.o(.bss.g_fac_us) for g_fac_us
    delay.o(.text.Delay_Init) refers to delay.o(.bss.g_fac_ms) for g_fac_ms
    delay.o(.ARM.exidx.text.Delay_Init) refers to delay.o(.text.Delay_Init) for [Anonymous Symbol]
    delay.o(.text.Delay_us) refers to delay.o(.bss.g_fac_us) for g_fac_us
    delay.o(.ARM.exidx.text.Delay_us) refers to delay.o(.text.Delay_us) for [Anonymous Symbol]
    delay.o(.ARM.exidx.text.Delay_ms) refers to delay.o(.text.Delay_ms) for [Anonymous Symbol]
    delay.o(.text.Delay_s) refers to delay.o(.text.Delay_ms) for Delay_ms
    delay.o(.ARM.exidx.text.Delay_s) refers to delay.o(.text.Delay_s) for [Anonymous Symbol]
    gpio.o(.text.GPIO_Init_All) refers to stm32f10x_rcc.o(.text.RCC_APB2PeriphClockCmd) for RCC_APB2PeriphClockCmd
    gpio.o(.text.GPIO_Init_All) refers to stm32f10x_gpio.o(.text.GPIO_PinRemapConfig) for GPIO_PinRemapConfig
    gpio.o(.text.GPIO_Init_All) refers to gpio.o(.text.GPIO_Sensor_Init) for GPIO_Sensor_Init
    gpio.o(.text.GPIO_Init_All) refers to gpio.o(.text.GPIO_Key_Init) for GPIO_Key_Init
    gpio.o(.text.GPIO_Init_All) refers to gpio.o(.text.GPIO_Alarm_Init) for GPIO_Alarm_Init
    gpio.o(.text.GPIO_Init_All) refers to gpio.o(.text.GPIO_OLED_Init) for GPIO_OLED_Init
    gpio.o(.ARM.exidx.text.GPIO_Init_All) refers to gpio.o(.text.GPIO_Init_All) for [Anonymous Symbol]
    gpio.o(.text.GPIO_Sensor_Init) refers to stm32f10x_gpio.o(.text.GPIO_Init) for GPIO_Init
    gpio.o(.ARM.exidx.text.GPIO_Sensor_Init) refers to gpio.o(.text.GPIO_Sensor_Init) for [Anonymous Symbol]
    gpio.o(.text.GPIO_Key_Init) refers to stm32f10x_gpio.o(.text.GPIO_Init) for GPIO_Init
    gpio.o(.ARM.exidx.text.GPIO_Key_Init) refers to gpio.o(.text.GPIO_Key_Init) for [Anonymous Symbol]
    gpio.o(.text.GPIO_Alarm_Init) refers to stm32f10x_gpio.o(.text.GPIO_Init) for GPIO_Init
    gpio.o(.text.GPIO_Alarm_Init) refers to gpio.o(.text.Buzzer_Off) for Buzzer_Off
    gpio.o(.text.GPIO_Alarm_Init) refers to gpio.o(.text.Alarm_LED_Off) for Alarm_LED_Off
    gpio.o(.ARM.exidx.text.GPIO_Alarm_Init) refers to gpio.o(.text.GPIO_Alarm_Init) for [Anonymous Symbol]
    gpio.o(.text.GPIO_OLED_Init) refers to stm32f10x_gpio.o(.text.GPIO_Init) for GPIO_Init
    gpio.o(.ARM.exidx.text.GPIO_OLED_Init) refers to gpio.o(.text.GPIO_OLED_Init) for [Anonymous Symbol]
    gpio.o(.text.Buzzer_Off) refers to stm32f10x_gpio.o(.text.GPIO_ResetBits) for GPIO_ResetBits
    gpio.o(.ARM.exidx.text.Buzzer_Off) refers to gpio.o(.text.Buzzer_Off) for [Anonymous Symbol]
    gpio.o(.text.Alarm_LED_Off) refers to stm32f10x_gpio.o(.text.GPIO_ResetBits) for GPIO_ResetBits
[...]
    [Anonymous Symbol]                       0x08003aa0   Section        0  main.o(.text.main)
    CL$$btod_d2e                             0x08003b24   Section       62  btod.o(CL$$btod_d2e)
    CL$$btod_d2e_denorm_low                  0x08003b62   Section       70  btod.o(CL$$btod_d2e_denorm_low)
    CL$$btod_d2e_norm_op1                    0x08003ba8   Section       96  btod.o(CL$$btod_d2e_norm_op1)
    CL$$btod_div_common                      0x08003c08   Section      824  btod.o(CL$$btod_div_common)
    CL$$btod_e2e                             0x08003f40   Section      220  btod.o(CL$$btod_e2e)
    CL$$btod_ediv                            0x0800401c   Section       42  btod.o(CL$$btod_ediv)
    CL$$btod_emul                            0x08004046   Section       42  btod.o(CL$$btod_emul)
    CL$$btod_mult_common                     0x08004070   Section      580  btod.o(CL$$btod_mult_common)
    i.__ARM_fpclassify                       0x080042b4   Section        0  fpclassify.o(i.__ARM_fpclassify)
    i._is_digit                              0x080042dc   Section        0  __printf_wp.o(i._is_digit)
    locale$$code                             0x080042ec   Section       44  lc_numeric_c.o(locale$$code)
    locale$$code                             0x08004318   Section       44  lc_ctype_c.o(locale$$code)
    x$fpl$printf1                            0x08004344   Section        4  printf1.o(x$fpl$printf1)
    x$fpl$printf2                            0x08004348   Section        4  printf2.o(x$fpl$printf2)
    initial_mbstate                          0x0800434c   Data           8  _printf_wctomb.o(.constdata)
    .constdata                               0x0800434c   Section        8  _printf_wctomb.o(.constdata)
    x$fpl$usenofp                            0x0800434c   Section        0  usenofp.o(x$fpl$usenofp)
    uc_hextab                                0x08004354   Data          20  _printf_hex_int_ll_ptr.o(.constdata)
    .constdata                               0x08004354   Section       40  _printf_hex_int_ll_ptr.o(.constdata)
    lc_hextab                                0x08004368   Data          20  _printf_hex_int_ll_ptr.o(.constdata)
    maptable                                 0x0800437c   Data          17  __printf_flags_ss_wp.o(.constdata)
    .constdata                               0x0800437c   Section       17  __printf_flags_ss_wp.o(.constdata)
    lc_hextab                                0x0800438d   Data          19  _printf_fp_hex.o(.constdata)
    .constdata                               0x0800438d   Section       38  _printf_fp_hex.o(.constdata)
    uc_hextab                                0x080043a0   Data          19  _printf_fp_hex.o(.constdata)
    tenpwrs_x                                0x080043b4   Data          60  bigflt0.o(.constdata)
    .constdata                               0x080043b4   Section      148  bigflt0.o(.constdata)
    tenpwrs_i                                0x080043f0   Data          64  bigflt0.o(.constdata)
    ASCII_6x8                                0x08004448   Data          18  oled.o(.rodata.ASCII_6x8)
    [Anonymous Symbol]                       0x08004448   Section        0  oled.o(.rodata.ASCII_6x8)
    .L.str.2                                 0x0800447c   Data           9  main.o(.rodata.str1.1)
    [Anonymous Symbol]                       0x0800447c   Section        0  main.o(.rodata.str1.1)
    .L.str                                   0x08004485   Data          11  main.o(.rodata.str1.1)
    .L.str.1                                 0x08004490   Data           7  main.o(.rodata.str1.1)
    .L.str                                   0x08004497   Data           6  oled.o(.rodata.str1.1)
    [Anonymous Symbol]                       0x08004497   Section        0  oled.o(.rodata.str1.1)
    .L.str.2                                 0x0800449d   Data           6  parking.o(.rodata.str1.1)
    [Anonymous Symbol]                       0x0800449d   Section        0  parking.o(.rodata.str1.1)
    .L.str.7                                 0x080044a3   Data           9  parking.o(.rodata.str1.1)
    .L.str.3                                 0x080044ac   Data           7  parking.o(.rodata.str1.1)
    .L.str.4                                 0x080044b3   Data           8  parking.o(.rodata.str1.1)
    .L.str.1                                 0x080044bb   Data          15  parking.o(.rodata.str1.1)
    .L.str                                   0x080044ca   Data          18  parking.o(.rodata.str1.1)
    .L.str.8                                 0x080044dc   Data          13  parking.o(.rodata.str1.1)
    .L.str.5                                 0x080044e9   Data          13  parking.o(.rodata.str1.1)
    .L.str.6                                 0x080044f6   Data          13  parking.o(.rodata.str1.1)
    locale$$data                             0x08004524   Section       28  lc_numeric_c.o(locale$$data)
    __lcnum_c_name                           0x08004528   Data           2  lc_numeric_c.o(locale$$data)
    __lcnum_c_start                          0x08004530   Data           0  lc_numeric_c.o(locale$$data)
    __lcnum_c_point                          0x0800453c   Data           0  lc_numeric_c.o(locale$$data)
    __lcnum_c_thousands                      0x0800453e   Data           0  lc_numeric_c.o(locale$$data)
    __lcnum_c_grouping                       0x0800453f   Data           0  lc_numeric_c.o(locale$$data)
    __lcnum_c_end                            0x08004540   Data           0  lc_numeric_c.o(locale$$data)
    locale$$data                             0x08004540   Section      272  lc_ctype_c.o(locale$$data)
    __lcctype_c_name                         0x08004544   Data           2  lc_ctype_c.o(locale$$data)
    __lcctype_c_start                        0x0800454c   Data           0  lc_ctype_c.o(locale$$data)
    __lcctype_c_end                          0x08004650   Data           0  lc_ctype_c.o(locale$$data)
    .bss                                     0x20000008   Section       96  libspace.o(.bss)
    g_debounce_park                          0x20000474   Data           3  sensor.o(.bss.g_debounce_park)
    [Anonymous Symbol]                       0x20000474   Section        0  sensor.o(.bss.g_debounce_park)
    g_entry_confirm_cnt                      0x20000477   Data           1  sensor.o(.bss.g_entry_confirm_cnt)
    [Anonymous Symbol]                       0x20000477   Section        0  sensor.o(.bss.g_entry_confirm_cnt)
    g_entry_cooldown                         0x20000478   Data           2  sensor.o(.bss.g_entry_cooldown)
    [Anonymous Symbol]                       0x20000478   Section        0  sensor.o(.bss.g_entry_cooldown)
    g_exit_confirm_cnt                       0x2000047f   Data           1  sensor.o(.bss.g_exit_confirm_cnt)
    [Anonymous Symbol]                       0x2000047f   Section        0  sensor.o(.bss.g_exit_confirm_cnt)
    g_exit_cooldown                          0x20000480   Data           2  sensor.o(.bss.g_exit_cooldown)
    [Anonymous Symbol]                       0x20000480   Section        0  sensor.o(.bss.g_exit_cooldown)
    g_fac_ms                                 0x20000488   Data           4  delay.o(.bss.g_fac_ms)
    [Anonymous Symbol]                       0x20000488   Section        0  delay.o(.bss.g_fac_ms)
    g_fac_us                                 0x2000048c   Data           4  delay.o(.bss.g_fac_us)
    [Anonymous Symbol]                       0x2000048c   Section        0  delay.o(.bss.g_fac_us)
    g_last_entry_state                       0x200004a4   Data           1  sensor.o(.bss.g_last_entry_state)
    [Anonymous Symbol]                       0x200004a4   Section        0  sensor.o(.bss.g_last_entry_state)
    g_last_exit_state                        0x200004a5   Data           1  sensor.o(.bss.g_last_exit_state)
    [Anonymous Symbol]                       0x200004a5   Section        0  sensor.o(.bss.g_last_exit_state)
    g_last_park_state                        0x200004a6   Data           3  sensor.o(.bss.g_last_park_state)
    [Anonymous Symbol]                       0x200004a6   Section        0  sensor.o(.bss.g_last_park_state)
    s_100ms_Flag                             0x200004bc   Data           1  main.o(.bss.s_100ms_Flag)
    [Anonymous Symbol]                       0x200004bc   Section        0  main.o(.bss.s_100ms_Flag)
    s_10ms_Flag                              0x200004bd   Data           1  main.o(.bss.s_10ms_Flag)
    [Anonymous Symbol]                       0x200004bd   Section        0  main.o(.bss.s_10ms_Flag)
    s_1s_Flag                                0x200004be   Data           1  main.o(.bss.s_1s_Flag)
    [Anonymous Symbol]                       0x200004be   Section        0  main.o(.bss.s_1s_Flag)
    s_alarm_flash_state                      0x200004bf   Data           1  alarm.o(.bss.s_alarm_flash_state)
    [Anonymous Symbol]                       0x200004bf   Section        0  alarm.o(.bss.s_alarm_flash_state)
    s_alarm_timer                            0x200004c0   Data           2  alarm.o(.bss.s_alarm_timer)
    [Anonymous Symbol]                       0x200004c0   Section        0  alarm.o(.bss.s_alarm_timer)
    s_display_flash_cnt                      0x200004c2   Data           1  parking.o(.bss.s_display_flash_cnt)
    [Anonymous Symbol]                       0x200004c2   Section        0  parking.o(.bss.s_display_flash_cnt)
    s_display_flash_state                    0x200004c3   Data           1  parking.o(.bss.s_display_flash_state)
    [Anonymous Symbol]                       0x200004c3   Section        0  parking.o(.bss.s_display_flash_state)
    s_entry_timestamp                        0x200004c4   Data           4  parking.o(.bss.s_entry_timestamp)
    [Anonymous Symbol]                       0x200004c4   Section        0  parking.o(.bss.s_entry_timestamp)
    s_entry_wait_timer                       0x200004c8   Data           2  parking.o(.bss.s_entry_wait_timer)
    [Anonymous Symbol]                       0x200004c8   Section        0  parking.o(.bss.s_entry_wait_timer)
    s_entry_waiting                          0x200004ca   Data           1  parking.o(.bss.s_entry_waiting)
    [Anonymous Symbol]                       0x200004ca   Section        0  parking.o(.bss.s_entry_waiting)
    s_exit_wait_timer                        0x200004cc   Data           2  parking.o(.bss.s_exit_wait_timer)
    [Anonymous Symbol]                       0x200004cc   Section        0  parking.o(.bss.s_exit_wait_timer)
    s_exit_waiting                           0x200004ce   Data           1  parking.o(.bss.s_exit_waiting)
    [Anonymous Symbol]                       0x200004ce   Section        0  parking.o(.bss.s_exit_waiting)
    s_key_last                               0x200004cf   Data           7  key.o(.bss.s_key_last)
    [Anonymous Symbol]                       0x200004cf   Section        0  key.o(.bss.s_key_last)
    s_key_press_time                         0x200004d6   Data          14  key.o(.bss.s_key_press_time)
    [Anonymous Symbol]                       0x200004d6   Section        0  key.o(.bss.s_key_press_time)
    s_key_processed                          0x200004e4   Data           7  key.o(.bss.s_key_processed)
    [Anonymous Symbol]                       0x200004e4   Section        0  key.o(.bss.s_key_processed)
    s_key_released                           0x200004eb   Data           7  key.o(.bss.s_key_released)
    [Anonymous Symbol]                       0x200004eb   Section        0  key.o(.bss.s_key_released)
    s_key_state                              0x200004f2   Data           7  key.o(.bss.s_key_state)
    [Anonymous Symbol]                       0x200004f2   Section        0  key.o(.bss.s_key_state)
    s_ms_Cnt                                 0x200004fc   Data           4  main.o(.bss.s_ms_Cnt)
    [Anonymous Symbol]                       0x200004fc   Section        0  main.o(.bss.s_ms_Cnt)
    s_vehicle_entered                        0x20000500   Data           1  parking.o(.bss.s_vehicle_entered)
    [Anonymous Symbol]                       0x20000500   Section        0  parking.o(.bss.s_vehicle_entered)
    Heap_Mem                                 0x20000508   Data         512  startup_stm32f10x_md.o(HEAP)
    HEAP                                     0x20000508   Section      512  startup_stm32f10x_md.o(HEAP)
    Stack_Mem                                0x20000708   Data        1024  startup_stm32f10x_md.o(STACK)
    STACK                                    0x20000708   Section     1024  startup_stm32f10x_md.o(STACK)
    __initial_sp                             0x20000b08   Data           0  startup_stm32f10x_md.o(STACK)

    Global Symbols

    Symbol Name                              Value     Ov Type        Size  Object(Section)

    BuildAttributes$$THM_ISAv4$P$D$K$B$S$PE$A:L22UL41UL21$X:L11$S22US41US21$IEEE1$IW$~IW$USESV6$~STKCKD$USESV7$~SHL$OTIME$ROPI$IEEEJ$EBA8$UX$STANDARDLIB$REQ8$PRES8$EABIv2 0x00000000   Number         0  anon$$obj.o ABSOLUTE
    __fp_init_empty                          0x00000000   Number         0  fpinit_empty.o ABSOLUTE
    _printf_flags                            0x00000000   Number         0  printf_stubs.o ABSOLUTE
    _printf_return_value                     0x00000000   Number         0  printf_stubs.o ABSOLUTE
    _printf_sizespec                         0x00000000   Number         0  printf_stubs.o ABSOLUTE
    _printf_widthprec                        0x00000000   Number         0  printf_stubs.o ABSOLUTE
    __ARM_exceptions_init                     - Undefined Weak Reference
    __alloca_initialize                       - Undefined Weak Reference
    __arm_preinit_                            - Undefined Weak Reference
    __arm_relocate_pie_                       - Undefined Weak Reference
    __cpp_initialize__aeabi_                  - Undefined Weak Reference
    __cxa_finalize                            - Undefined Weak Reference
    __sigvec_lookup                           - Undefined Weak Reference
    _atexit_init                              - Undefined Weak Reference
    _call_atexit_fns                          - Undefined Weak Reference
    _clock_init                               - Undefined Weak Reference
    _fp_trap_init                             - Undefined Weak Reference
    _fp_trap_shutdown                         - Undefined Weak Reference
    _get_lc_collate                           - Undefined Weak Reference
    _get_lc_monetary                          - Undefined Weak Reference
    _get_lc_time                              - Undefined Weak Reference
    _getenv_init                              - Undefined Weak Reference
    _handle_redirection                       - Undefined Weak Reference
    _init_alloc                               - Undefined Weak Reference
    _init_user_alloc                          - Undefined Weak Reference
    _initio                                   - Undefined Weak Reference
    _printf_mbtowc                            - Undefined Weak Reference
    _printf_wc                                - Undefined Weak Reference
    _rand_init                                - Undefined Weak Reference
    _signal_finish                            - Undefined Weak Reference
    _signal_init                              - Undefined Weak Reference
    _terminate_alloc                          - Undefined Weak Reference
    _terminate_user_alloc                     - Undefined Weak Reference
    _terminateio                              - Undefined Weak Reference
    __Vectors_Size                           0x000000ec   Number         0  startup_stm32f10x_md.o ABSOLUTE
    __Vectors                                0x08000000   Data           4  startup_stm32f10x_md.o(RESET)
    __Vectors_End                            0x080000ec   Data           0  startup_stm32f10x_md.o(RESET)
    __main                                   0x080000ed   Thumb Code     8  __main.o(!!!main)
    __scatterload                            0x080000f5   Thumb Code     0  __scatter.o(!!!scatter)
    __scatterload_rt2                        0x080000f5   Thumb Code    84  __scatter.o(!!!scatter)
    __scatterload_rt2_thumb_only             0x080000f5   Thumb Code     0  __scatter.o(!!!scatter)
    __scatterload_loop                       0x080000ff   Thumb Code     0  __scatter.o(!!!scatter)
    __scatterload_copy                       0x08000151   Thumb Code    26  __scatter_copy.o(!!handler_copy)
    __scatterload_null                       0x0800016d   Thumb Code     2  __scatter.o(!!handler_null)
    __scatterload_zeroinit                   0x08000171   Thumb Code    28  __scatter_zi.o(!!handler_zi)
    _printf_n                                0x0800018d   Thumb Code     0  _printf_n.o(.ARM.Collect$$_printf_percent$$00000001)
    _printf_percent                          0x0800018d   Thumb Code     0  _printf_percent.o(.ARM.Collect$$_printf_percent$$00000000)
    _printf_p                                0x08000193   Thumb Code     0  _printf_p.o(.ARM.Collect$$_printf_percent$$00000002)
    _printf_f                                0x08000199   Thumb Code     0  _printf_f.o(.ARM.Collect$$_printf_percent$$00000003)
    _printf_e                                0x0800019f   Thumb Code     0  _printf_e.o(.ARM.Collect$$_printf_percent$$00000004)
    _printf_g                                0x080001a5   Thumb Code     0  _printf_g.o(.ARM.Collect$$_printf_percent$$00000005)
    _printf_a                                0x080001ab   Thumb Code     0  _printf_a.o(.ARM.Collect$$_printf_percent$$00000006)
    _printf_ll                               0x080001b1   Thumb Code     0  _printf_ll.o(.ARM.Collect$$_printf_percent$$00000007)
    _printf_i                                0x080001bb   Thumb Code     0  _printf_i.o(.ARM.Collect$$_printf_percent$$00000008)
    _printf_d                                0x080001c1   Thumb Code     0  _printf_d.o(.ARM.Collect$$_printf_percent$$00000009)
    _printf_u                                0x080001c7   Thumb Code     0  _printf_u.o(.ARM.Collect$$_printf_percent$$0000000A)
    _printf_o                                0x080001cd   Thumb Code     0  _printf_o.o(.ARM.Collect$$_printf_percent$$0000000B)
    _printf_x                                0x080001d3   Thumb Code     0  _printf_x.o(.ARM.Collect$$_printf_percent$$0000000C)
    _printf_lli                              0x080001d9   Thumb Code     0  _printf_lli.o(.ARM.Collect$$_printf_percent$$0000000D)
    _printf_lld                              0x080001df   Thumb Code     0  _printf_lld.o(.ARM.Collect$$_printf_percent$$0000000E)
    _printf_llu                              0x080001e5   Thumb Code     0  _printf_llu.o(.ARM.Collect$$_printf_percent$$0000000F)
    _printf_llo                              0x080001eb   Thumb Code     0  _printf_llo.o(.ARM.Collect$$_printf_percent$$00000010)
    _printf_llx                              0x080001f1   Thumb Code     0  _printf_llx.o(.ARM.Collect$$_printf_percent$$00000011)
    _printf_l                                0x080001f7   Thumb Code     0  _printf_l.o(.ARM.Collect$$_printf_percent$$00000012)
    _printf_c                                0x08000201   Thumb Code     0  _printf_c.o(.ARM.Collect$$_printf_percent$$00000013)
    _printf_s                                0x08000207   Thumb Code     0  _printf_s.o(.ARM.Collect$$_printf_percent$$00000014)
    _printf_lc                               0x0800020d   Thumb Code     0  _printf_lc.o(.ARM.Collect$$_printf_percent$$00000015)
    _printf_ls                               0x08000213   Thumb Code     0  _printf_ls.o(.ARM.Collect$$_printf_percent$$00000016)
    _printf_percent_end                      0x08000219   Thumb Code     0  _printf_percent_end.o(.ARM.Collect$$_printf_percent$$00000017)
    __rt_lib_init                            0x0800021d   Thumb Code     0  libinit.o(.ARM.Collect$$libinit$$00000000)
    __rt_lib_init_fp_1                       0x0800021f   Thumb Code     0  libinit2.o(.ARM.Collect$$libinit$$00000002)
    __rt_lib_init_heap_1                     0x0800021f   Thumb Code     0  libinit2.o(.ARM.Collect$$libinit$$0000000C)
    __rt_lib_init_lc_common                  0x0800021f   Thumb Code     0  libinit2.o(.ARM.Collect$$libinit$$00000011)
    __rt_lib_init_preinit_1                  0x0800021f   Thumb Code     0  libinit2.o(.ARM.Collect$$libinit$$00000006)
    __rt_lib_init_rand_1                     0x0800021f   Thumb Code     0  libinit2.o(.ARM.Collect$$libinit$$00000010)
    __rt_lib_init_relocate_pie_1             0x0800021f   Thumb Code     0  libinit2.o(.ARM.Collect$$libinit$$00000004)
    __rt_lib_init_user_alloc_1               0x0800021f   Thumb Code     0  libinit2.o(.ARM.Collect$$libinit$$0000000E)
    __rt_lib_init_lc_collate_1               0x08000225   Thumb Code     0  libinit2.o(.ARM.Collect$$libinit$$00000013)
    __rt_lib_init_lc_ctype_2                 0x08000225   Thumb Code     0  libinit2.o(.ARM.Collect$$libinit$$00000014)
    __rt_lib_init_lc_ctype_1                 0x08000231   Thumb Code     0  libinit2.o(.ARM.Collect$$libinit$$00000015)
    __rt_lib_init_lc_monetary_1              0x08000231   Thumb Code     0  libinit2.o(.ARM.Collect$$libinit$$00000017)
    __rt_lib_init_lc_numeric_2               0x08000231   Thumb Code     0  libinit2.o(.ARM.Collect$$libinit$$00000018)
    __rt_lib_init_alloca_1                   0x0800023b   Thumb Code     0  libinit2.o(.ARM.Collect$$libinit$$00000030)
    __rt_lib_init_argv_1                     0x0800023b   Thumb Code     0  libinit2.o(.ARM.Collect$$libinit$$0000002E)
    __rt_lib_init_atexit_1                   0x0800023b   Thumb Code     0  libinit2.o(.ARM.Collect$$libinit$$0000001D)
    __rt_lib_init_clock_1                    0x0800023b   Thumb Code     0  libinit2.o(.ARM.Collect$$libinit$$00000023)
    __rt_lib_init_cpp_1                      0x0800023b   Thumb Code     0  libinit2.o(.ARM.Collect$$libinit$$00000034)
    __rt_lib_init_exceptions_1               0x0800023b   Thumb Code     0  libinit2.o(.ARM.Collect$$libinit$$00000032)
    __rt_lib_init_fp_trap_1                  0x0800023b   Thumb Code     0  libinit2.o(.ARM.Collect$$libinit$$00000021)
    __rt_lib_init_getenv_1                   0x0800023b   Thumb Code     0  libinit2.o(.ARM.Collect$$libinit$$00000025)
    __rt_lib_init_lc_numeric_1               0x0800023b   Thumb Code     0  libinit2.o(.ARM.Collect$$libinit$$00000019)
    __rt_lib_init_lc_time_1                  0x0800023b   Thumb Code     0  libinit2.o(.ARM.Collect$$libinit$$0000001B)
    __rt_lib_init_return                     0x0800023b   Thumb Code     0  libinit2.o(.ARM.Collect$$libinit$$00000035)
    __rt_lib_init_signal_1                   0x0800023b   Thumb Code     0  libinit2.o(.ARM.Collect$$libinit$$0000001F)
    __rt_lib_init_stdio_1                    0x0800023b   Thumb Code     0  libinit2.o(.ARM.Collect$$libinit$$00000027)
    __rt_lib_shutdown                        0x0800023d   Thumb Code     0  libshutdown.o(.ARM.Collect$$libshutdown$$00000000)
    __rt_lib_shutdown_cpp_1                  0x0800023f   Thumb Code     0  libshutdown2.o(.ARM.Collect$$libshutdown$$00000002)
    __rt_lib_shutdown_fp_trap_1              0x0800023f   Thumb Code     0  libshutdown2.o(.ARM.Collect$$libshutdown$$00000007)
    __rt_lib_shutdown_heap_1                 0x0800023f   Thumb Code     0  libshutdown2.o(.ARM.Collect$$libshutdown$$0000000F)
    __rt_lib_shutdown_return                 0x0800023f   Thumb Code     0  libshutdown2.o(.ARM.Collect$$libshutdown$$00000010)
    __rt_lib_shutdown_signal_1               0x0800023f   Thumb Code     0  libshutdown2.o(.ARM.Collect$$libshutdown$$0000000A)
    __rt_lib_shutdown_stdio_1                0x0800023f   Thumb Code     0  libshutdown2.o(.ARM.Collect$$libshutdown$$00000004)
    __rt_lib_shutdown_user_alloc_1           0x0800023f   Thumb Code     0  libshutdown2.o(.ARM.Collect$$libshutdown$$0000000C)
    __rt_entry                               0x08000241   Thumb Code     0  __rtentry.o(.ARM.Collect$$rtentry$$00000000)
    __rt_entry_presh_1                       0x08000241   Thumb Code     0  __rtentry2.o(.ARM.Collect$$rtentry$$00000002)
    __rt_entry_sh                            0x08000241   Thumb Code     0  __rtentry4.o(.ARM.Collect$$rtentry$$00000004)
    __rt_entry_li                            0x08000247   Thumb Code     0  __rtentry2.o(.ARM.Collect$$rtentry$$0000000A)
    __rt_entry_postsh_1                      0x08000247   Thumb Code     0  __rtentry2.o(.ARM.Collect$$rtentry$$00000009)
    __rt_entry_main                          0x0800024b   Thumb Code     0  __rtentry2.o(.ARM.Collect$$rtentry$$0000000D)
    __rt_entry_postli_1                      0x0800024b   Thumb Code     0  __rtentry2.o(.ARM.Collect$$rtentry$$0000000C)
    __rt_exit                                0x08000253   Thumb Code     0  rtexit.o(.ARM.Collect$$rtexit$$00000000)
    __rt_exit_ls                             0x08000255   Thumb Code     0  rtexit2.o(.ARM.Collect$$rtexit$$00000003)
    __rt_exit_prels_1                        0x08000255   Thumb Code     0  rtexit2.o(.ARM.Collect$$rtexit$$00000002)
    __rt_exit_exit                           0x08000259   Thumb Code     0  rtexit2.o(.ARM.Collect$$rtexit$$00000004)
    Reset_Handler                            0x08000261   Thumb Code     8  startup_stm32f10x_md.o(.text)
    NMI_Handler                              0x08000269   Thumb Code     2  startup_stm32f10x_md.o(.text)
    HardFault_Handler                        0x0800026b   Thumb Code     2  startup_stm32f10x_md.o(.text)
    MemManage_Handler                        0x0800026d   Thumb Code     2  startup_stm32f10x_md.o(.text)
    BusFault_Handler                         0x0800026f   Thumb Code     2  startup_stm32f10x_md.o(.text)
    UsageFault_Handler                       0x08000271   Thumb Code     2  startup_stm32f10x_md.o(.text)
    SVC_Handler                              0x08000273   Thumb Code     2  startup_stm32f10x_md.o(.text)
    DebugMon_Handler                         0x08000275   Thumb Code     2  startup_stm32f10x_md.o(.text)
    PendSV_Handler                           0x08000277   Thumb Code     2  startup_stm32f10x_md.o(.text)
    ADC1_2_IRQHandler                        0x0800027b   Thumb Code     0  startup_stm32f10x_md.o(.text)
    CAN1_RX1_IRQHandler                      0x0800027b   Thumb Code     0  startup_stm32f10x_md.o(.text)
    CAN1_SCE_IRQHandler                      0x0800027b   Thumb Code     0  startup_stm32f10x_md.o(.text)
    DMA1_Channel1_IRQHandler                 0x0800027b   Thumb Code     0  startup_stm32f10x_md.o(.text)
    DMA1_Channel2_IRQHandler                 0x0800027b   Thumb Code     0  startup_stm32f10x_md.o(.text)
    DMA1_Channel3_IRQHandler                 0x0800027b   Thumb Code     0  startup_stm32f10x_md.o(.text)
    DMA1_Channel4_IRQHandler                 0x0800027b   Thumb Code     0  startup_stm32f10x_md.o(.text)
    DMA1_Channel5_IRQHandler                 0x0800027b   Thumb Code     0  startup_stm32f10x_md.o(.text)
    DMA1_Channel6_IRQHandler                 0x0800027b   Thumb Code     0  startup_stm32f10x_md.o(.text)
    DMA1_Channel7_IRQHandler                 0x0800027b   Thumb Code     0  startup_stm32f10x_md.o(.text)
    EXTI0_IRQHandler                         0x0800027b   Thumb Code     0  startup_stm32f10x_md.o(.text)
    EXTI15_10_IRQHandler                     0x0800027b   Thumb Code     0  startup_stm32f10x_md.o(.text)
    EXTI1_IRQHandler                         0x0800027b   Thumb Code     0  startup_stm32f10x_md.o(.text)
    EXTI2_IRQHandler                         0x0800027b   Thumb Code     0  startup_stm32f10x_md.o(.text)
    EXTI3_IRQHandler                         0x0800027b   Thumb Code     0  startup_stm32f10x_md.o(.text)
    EXTI4_IRQHandler                         0x0800027b   Thumb Code     0  startup_stm32f10x_md.o(.text)
    EXTI9_5_IRQHandler                       0x0800027b   Thumb Code     0  startup_stm32f10x_md.o(.text)
    FLASH_IRQHandler                         0x0800027b   Thumb Code     0  startup_stm32f10x_md.o(.text)
    I2C1_ER_IRQHandler                       0x0800027b   Thumb Code     0  startup_stm32f10x_md.o(.text)
    I2C1_EV_IRQHandler                       0x0800027b   Thumb Code     0  startup_stm32f10x_md.o(.text)
    I2C2_ER_IRQHandler                       0x0800027b   Thumb Code     0  startup_stm32f10x_md.o(.text)
    I2C2_EV_IRQHandler                       0x0800027b   Thumb Code     0  startup_stm32f10x_md.o(.text)
    PVD_IRQHandler                           0x0800027b   Thumb Code     0  startup_stm32f10x_md.o(.text)
    RCC_IRQHandler                           0x0800027b   Thumb Code     0  startup_stm32f10x_md.o(.text)
    RTCAlarm_IRQHandler                      0x0800027b   Thumb Code     0  startup_stm32f10x_md.o(.text)
    RTC_IRQHandler                           0x0800027b   Thumb Code     0  startup_stm32f10x_md.o(.text)
    SPI1_IRQHandler                          0x0800027b   Thumb Code     0  startup_stm32f10x_md.o(.text)
    SPI2_IRQHandler                          0x0800027b   Thumb Code     0  startup_stm32f10x_md.o(.text)
    TAMPER_IRQHandler                        0x0800027b   Thumb Code     0  startup_stm32f10x_md.o(.text)
    TIM1_BRK_IRQHandler                      0x0800027b   Thumb Code     0  startup_stm32f10x_md.o(.text)
    TIM1_CC_IRQHandler                       0x0800027b   Thumb Code     0  startup_stm32f10x_md.o(.text)
    TIM1_TRG_COM_IRQHandler                  0x0800027b   Thumb Code     0  startup_stm32f10x_md.o(.text)
    TIM1_UP_IRQHandler                       0x0800027b   Thumb Code     0  startup_stm32f10x_md.o(.text)
    TIM2_IRQHandler                          0x0800027b   Thumb Code     0  startup_stm32f10x_md.o(.text)
    TIM3_IRQHandler                          0x0800027b   Thumb Code     0  startup_stm32f10x_md.o(.text)
    TIM4_IRQHandler                          0x0800027b   Thumb Code     0  startup_stm32f10x_md.o(.text)
    USART1_IRQHandler                        0x0800027b   Thumb Code     0  startup_stm32f10x_md.o(.text)
    USART2_IRQHandler                        0x0800027b   Thumb Code     0  startup_stm32f10x_md.o(.text)
    USART3_IRQHandler                        0x0800027b   Thumb Code     0  startup_stm32f10x_md.o(.text)
    USBWakeUp_IRQHandler                     0x0800027b   Thumb Code     0  startup_stm32f10x_md.o(.text)
    USB_HP_CAN1_TX_IRQHandler                0x0800027b   Thumb Code     0  startup_stm32f10x_md.o(.text)
    USB_LP_CAN1_RX0_IRQHandler               0x0800027b   Thumb Code     0  startup_stm32f10x_md.o(.text)
    WWDG_IRQHandler                          0x0800027b   Thumb Code     0  startup_stm32f10x_md.o(.text)
    __user_initial_stackheap                 0x0800027d   Thumb Code     0  startup_stm32f10x_md.o(.text)
    sprintf                                  0x080002a1   Thumb Code    38  sprintf.o(.text)
    __use_two_region_memory                  0x080002cd   Thumb Code     2  heapauxi.o(.text)
    __rt_heap_escrow$2region                 0x080002cf   Thumb Code     2  heapauxi.o(.text)
    __rt_heap_expand$2region                 0x080002d1   Thumb Code     2  heapauxi.o(.text)
    _printf_pre_padding                      0x080002d3   Thumb Code    44  _printf_pad.o(.text)
    _printf_post_padding                     0x080002ff   Thumb Code    34  _printf_pad.o(.text)
    _printf_truncate_signed                  0x08000321   Thumb Code    18  _printf_truncate.o(.text)
    _printf_truncate_unsigned                0x08000333   Thumb Code    18  _printf_truncate.o(.text)
    _printf_str                              0x08000345   Thumb Code    82  _printf_str.o(.text)
    _printf_int_dec                          0x08000399   Thumb Code   104  _printf_dec.o(.text)
    _printf_charcount                        0x08000411   Thumb Code    40  _printf_charcount.o(.text)
    _printf_char_common                      0x08000443   Thumb Code    32  _printf_char_common.o(.text)
    _sputc                                   0x08000469   Thumb Code    10  _sputc.o(.text)
    _printf_wctomb                           0x08000475   Thumb Code   182  _printf_wctomb.o(.text)
    _printf_longlong_dec                     0x08000531   Thumb Code   108  _printf_longlong_dec.o(.text)
    _printf_longlong_oct                     0x080005ad   Thumb Code    68  _printf_oct_int_ll.o(.text)
    _printf_int_oct                          0x080005f1   Thumb Code    24  _printf_oct_int_ll.o(.text)
    _printf_ll_oct                           0x08000609   Thumb Code    12  _printf_oct_int_ll.o(.text)
    _printf_longlong_hex                     0x0800061d   Thumb Code    86  _printf_hex_int_ll_ptr.o(.text)
    _printf_int_hex                          0x08000673   Thumb Code    28  _printf_hex_int_ll_ptr.o(.text)
    _printf_ll_hex                           0x0800068f   Thumb Code    12  _printf_hex_int_ll_ptr.o(.text)
    _printf_hex_ptr                          0x0800069b   Thumb Code    18  _printf_hex_int_ll_ptr.o(.text)
    __printf                                 0x080006b1   Thumb Code   388  __printf_flags_ss_wp.o(.text)
    _ll_udiv10                               0x08000839   Thumb Code   138  lludiv10.o(.text)
    _printf_int_common                       0x080008c3   Thumb Code   178  _printf_intcommon.o(.text)
    _printf_fp_dec_real                      0x08000b25   Thumb Code   620  _printf_fp_dec.o(.text)
    _printf_fp_hex_real                      0x08000d91   Thumb Code   756  _printf_fp_hex.o(.text)
    _printf_cs_common                        0x0800108d   Thumb Code    20  _printf_char.o(.text)
    _printf_char                             0x080010a1   Thumb Code    16  _printf_char.o(.text)
    _printf_string                           0x080010b1   Thumb Code     8  _printf_char.o(.text)
    _printf_lcs_common                       0x080010b9   Thumb Code    20  _printf_wchar.o(.text)
    _printf_wchar                            0x080010cd   Thumb Code    16  _printf_wchar.o(.text)
    _printf_wstring                          0x080010dd   Thumb Code     8  _printf_wchar.o(.text)
    _c16rtomb                                0x080010e5   Thumb Code    72  _c16rtomb.o(.text)
    _wcrtomb                                 0x080010e5   Thumb Code     0  _c16rtomb.o(.text)
    __user_setup_stackheap                   0x0800112d   Thumb Code    74  sys_stackheap_outer.o(.text)
    __rt_ctype_table                         0x08001179   Thumb Code    16  rt_ctype_table.o(.text)
    __rt_locale                              0x08001189   Thumb Code     8  rt_locale_intlibspace.o(.text)
    _printf_fp_infnan                        0x08001191   Thumb Code   112  _printf_fp_infnan.o(.text)
    _btod_etento                             0x08001211   Thumb Code   224  bigflt0.o(.text)
    exit                                     0x080012f5   Thumb Code    18  exit.o(.text)
    __user_libspace                          0x08001309   Thumb Code     8  libspace.o(.text)
    __user_perproc_libspace                  0x08001309   Thumb Code     0  libspace.o(.text)
    __user_perthread_libspace                0x08001309   Thumb Code     0  libspace.o(.text)
    strcmp                                   0x08001311   Thumb Code   128  strcmpv7m.o(.text)
    _sys_exit                                0x08001391   Thumb Code     8  sys_exit.o(.text)
    __I$use$semihosting                      0x0800139d   Thumb Code     0  use_no_semi.o(.text)
    __use_no_semihosting_swi                 0x0800139d   Thumb Code     2  use_no_semi.o(.text)
    __semihosting_library_function           0x0800139f   Thumb Code     0  indicate_semi.o(.text)
    Alarm_Beep                               0x080013a1   Thumb Code    86  alarm.o(.text.Alarm_Beep)
    Alarm_Clear                              0x080013f9   Thumb Code    24  alarm.o(.text.Alarm_Clear)
    Alarm_Init                               0x08001411   Thumb Code    34  alarm.o(.text.Alarm_Init)
    Alarm_LED_Off                            0x08001435   Thumb Code    18  gpio.o(.text.Alarm_LED_Off)
    Alarm_LED_On                             0x08001449   Thumb Code    18  gpio.o(.text.Alarm_LED_On)
    Alarm_Trigger                            0x0800145d   Thumb Code    28  alarm.o(.text.Alarm_Trigger)
    Alarm_Update                             0x08001479   Thumb Code   134  alarm.o(.text.Alarm_Update)
    Buzzer_Off                               0x08001501   Thumb Code    18  gpio.o(.text.Buzzer_Off)
    Buzzer_On                                0x08001515   Thumb Code    18  gpio.o(.text.Buzzer_On)
    Delay_Init                               0x08001529   Thumb Code    32  delay.o(.text.Delay_Init)
    Delay_ms                                 0x08001549   Thumb Code    64  delay.o(.text.Delay_ms)
    Delay_us                                 0x08001589   Thumb Code   120  delay.o(.text.Delay_us)
    GPIO_Alarm_Init                          0x08001601   Thumb Code    72  gpio.o(.text.GPIO_Alarm_Init)
    GPIO_Init                                0x08001649   Thumb Code   390  stm32f10x_gpio.o(.text.GPIO_Init)
    GPIO_Init_All                            0x080017d1   Thumb Code    56  gpio.o(.text.GPIO_Init_All)
    GPIO_Key_Init                            0x08001809   Thumb Code   194  gpio.o(.text.GPIO_Key_Init)
    GPIO_OLED_Init                           0x080018cd   Thumb Code    68  gpio.o(.text.GPIO_OLED_Init)
    GPIO_PinRemapConfig                      0x08001911   Thumb Code   250  stm32f10x_gpio.o(.text.GPIO_PinRemapConfig)
    GPIO_ReadInputDataBit                    0x08001a0d   Thumb Code    52  stm32f10x_gpio.o(.text.GPIO_ReadInputDataBit)
    GPIO_ResetBits                           0x08001a41   Thumb Code    20  stm32f10x_gpio.o(.text.GPIO_ResetBits)
    GPIO_Sensor_Init                         0x08001a55   Thumb Code    92  gpio.o(.text.GPIO_Sensor_Init)
    GPIO_SetBits                             0x08001ab1   Thumb Code    20  stm32f10x_gpio.o(.text.GPIO_SetBits)
    I2C_Soft_Init                            0x08001ad1   Thumb Code    68  i2c_soft.o(.text.I2C_Soft_Init)
    I2C_Soft_SendByte                        0x08001b15   Thumb Code   130  i2c_soft.o(.text.I2C_Soft_SendByte)
    I2C_Soft_Start                           0x08001b99   Thumb Code    58  i2c_soft.o(.text.I2C_Soft_Start)
    I2C_Soft_Stop                            0x08001bd5   Thumb Code    52  i2c_soft.o(.text.I2C_Soft_Stop)
    I2C_Soft_WaitAck                         0x08001c09   Thumb Code   118  i2c_soft.o(.text.I2C_Soft_WaitAck)
    Key_GetLongPress                         0x08001c81   Thumb Code    28  key.o(.text.Key_GetLongPress)
    Key_GetValue                             0x08001c9d   Thumb Code    28  key.o(.text.Key_GetValue)
    Key_Process                              0x08001cb9   Thumb Code   486  main.o(.text.Key_Process)
    Key_Read_CountRst                        0x08001ea1   Thumb Code    20  gpio.o(.text.Key_Read_CountRst)
    Key_Read_Down                            0x08001eb5   Thumb Code    20  gpio.o(.text.Key_Read_Down)
    Key_Read_Entry                           0x08001ec9   Thumb Code    20  gpio.o(.text.Key_Read_Entry)
    Key_Read_Exit                            0x08001edd   Thumb Code    20  gpio.o(.text.Key_Read_Exit)
    Key_Read_Menu                            0x08001ef1   Thumb Code    20  gpio.o(.text.Key_Read_Menu)
    Key_Read_Start                           0x08001f05   Thumb Code    20  gpio.o(.text.Key_Read_Start)
    Key_Read_Up                              0x08001f19   Thumb Code    20  gpio.o(.text.Key_Read_Up)
    Key_Scan                                 0x08001f2d   Thumb Code   664  key.o(.text.Key_Scan)
    OLED_Clear                               0x080021c5   Thumb Code   104  oled.o(.text.OLED_Clear)
    OLED_Init                                0x0800222d   Thumb Code   216  oled.o(.text.OLED_Init)
    OLED_Refresh                             0x08002305   Thumb Code   116  oled.o(.text.OLED_Refresh)
    OLED_SetPos                              0x08002379   Thumb Code    60  oled.o(.text.OLED_SetPos)
    OLED_ShowChar                            0x080023b5   Thumb Code   258  oled.o(.text.OLED_ShowChar)
    OLED_ShowNum                             0x080024b9   Thumb Code    88  oled.o(.text.OLED_ShowNum)
    OLED_ShowString                          0x08002511   Thumb Code   134  oled.o(.text.OLED_ShowString)
    PWM_Init                                 0x08002629   Thumb Code   212  pwm.o(.text.PWM_Init)
    Parking_Entry_Vehicle                    0x080026fd   Thumb Code   144  parking.o(.text.Parking_Entry_Vehicle)
    Parking_Exit_Vehicle                     0x0800278d   Thumb Code   130  parking.o(.text.Parking_Exit_Vehicle)
    Parking_Format_Time                      0x08002811   Thumb Code   114  parking.o(.text.Parking_Format_Time)
    Parking_Init                             0x08002885   Thumb Code   140  parking.o(.text.Parking_Init)
    Parking_Manual_Entry_Gate                0x08002911   Thumb Code    62  parking.o(.text.Parking_Manual_Entry_Gate)
    Parking_Manual_Exit_Gate                 0x08002951   Thumb Code    62  parking.o(.text.Parking_Manual_Exit_Gate)
    Parking_Process                          0x08002991   Thumb Code   546  parking.o(.text.Parking_Process)
    Parking_Update_Display                   0x08002bb5   Thumb Code   482  parking.o(.text.Parking_Update_Display)
    RCC_APB1PeriphClockCmd                   0x08002d99   Thumb Code    56  stm32f10x_rcc.o(.text.RCC_APB1PeriphClockCmd)
    RCC_APB2PeriphClockCmd                   0x08002dd1   Thumb Code    56  stm32f10x_rcc.o(.text.RCC_APB2PeriphClockCmd)
    RTC_Init                                 0x08002e09   Thumb Code    30  main.o(.text.RTC_Init)
    RTC_Time_Update                          0x08002e29   Thumb Code   108  main.o(.text.RTC_Time_Update)
    Sensor_Clear_Trigger                     0x08002e95   Thumb Code    24  sensor.o(.text.Sensor_Clear_Trigger)
    Sensor_Get_Entry_Trigger                 0x08002ead   Thumb Code    12  sensor.o(.text.Sensor_Get_Entry_Trigger)
    Sensor_Get_Exit_Trigger                  0x08002eb9   Thumb Code    12  sensor.o(.text.Sensor_Get_Exit_Trigger)
    Sensor_Read_Entry                        0x08002ec5   Thumb Code    18  gpio.o(.text.Sensor_Read_Entry)
    Sensor_Read_Exit                         0x08002ed9   Thumb Code    18  gpio.o(.text.Sensor_Read_Exit)
    Sensor_Read_Park1                        0x08002eed   Thumb Code    18  gpio.o(.text.Sensor_Read_Park1)
    Sensor_Read_Park2                        0x08002f01   Thumb Code    18  gpio.o(.text.Sensor_Read_Park2)
    Sensor_Read_Park3                        0x08002f15   Thumb Code    18  gpio.o(.text.Sensor_Read_Park3)
    Sensor_Scan                              0x08002f29   Thumb Code   616  sensor.o(.text.Sensor_Scan)
    Sensor_Update                            0x08003191   Thumb Code   138  sensor.o(.text.Sensor_Update)
    Servo_Close                              0x0800321d   Thumb Code    22  pwm.o(.text.Servo_Close)
    Servo_Open                               0x08003235   Thumb Code    22  pwm.o(.text.Servo_Open)
    Servo_SetAngle                           0x0800324d   Thumb Code   162  pwm.o(.text.Servo_SetAngle)
    SysTick_Configuration                    0x0800341d   Thumb Code    54  main.o(.text.SysTick_Configuration)
    SysTick_Handler                          0x08003455   Thumb Code   164  main.o(.text.SysTick_Handler)
    SystemInit                               0x080034f9   Thumb Code   102  system_stm32f10x.o(.text.SystemInit)
    System_Initialize                        0x08003561   Thumb Code   180  main.o(.text.System_Initialize)
    TIM_Cmd                                  0x08003615   Thumb Code    44  stm32f10x_tim.o(.text.TIM_Cmd)
    TIM_OC3Init                              0x08003641   Thumb Code   318  stm32f10x_tim.o(.text.TIM_OC3Init)
    TIM_OC3PreloadConfig                     0x08003781   Thumb Code    60  stm32f10x_tim.o(.text.TIM_OC3PreloadConfig)
    TIM_OC4Init                              0x080037bd   Thumb Code   238  stm32f10x_tim.o(.text.TIM_OC4Init)
    TIM_OC4PreloadConfig                     0x080038ad   Thumb Code    62  stm32f10x_tim.o(.text.TIM_OC4PreloadConfig)
    TIM_SetCompare3                          0x080038ed   Thumb Code    20  stm32f10x_tim.o(.text.TIM_SetCompare3)
    TIM_SetCompare4                          0x08003901   Thumb Code    22  stm32f10x_tim.o(.text.TIM_SetCompare4)
    TIM_TimeBaseInit                         0x08003919   Thumb Code   322  stm32f10x_tim.o(.text.TIM_TimeBaseInit)
    main                                     0x08003aa1   Thumb Code   132  main.o(.text.main)
    _btod_d2e                                0x08003b25   Thumb Code    62  btod.o(CL$$btod_d2e)
    _d2e_denorm_low                          0x08003b63   Thumb Code    70  btod.o(CL$$btod_d2e_denorm_low)
    _d2e_norm_op1                            0x08003ba9   Thumb Code    96  btod.o(CL$$btod_d2e_norm_op1)
    __btod_div_common                        0x08003c09   Thumb Code   696  btod.o(CL$$btod_div_common)
    _e2e                                     0x08003f41   Thumb Code   220  btod.o(CL$$btod_e2e)
    _btod_ediv                               0x0800401d   Thumb Code    42  btod.o(CL$$btod_ediv)
    _btod_emul                               0x08004047   Thumb Code    42  btod.o(CL$$btod_emul)
    __btod_mult_common                       0x08004071   Thumb Code   580  btod.o(CL$$btod_mult_common)
    __ARM_fpclassify                         0x080042b5   Thumb Code    40  fpclassify.o(i.__ARM_fpclassify)
    _is_digit                                0x080042dd   Thumb Code    14  __printf_wp.o(i._is_digit)
    _get_lc_numeric                          0x080042ed   Thumb Code    44  lc_numeric_c.o(locale$$code)
    _get_lc_ctype                            0x08004319   Thumb Code    44  lc_ctype_c.o(locale$$code)
    _printf_fp_dec                           0x08004345   Thumb Code     4  printf1.o(x$fpl$printf1)
    _printf_fp_hex                           0x08004349   Thumb Code     4  printf2.o(x$fpl$printf2)
    __I$use$fp                               0x0800434c   Number         0  usenofp.o(x$fpl$usenofp)
    I2C1_Pin                                 0x0800445c   Data          16  i2c_soft.o(.rodata.I2C1_Pin)
    I2C2_Pin                                 0x0800446c   Data          16  i2c_soft.o(.rodata.I2C2_Pin)
    Region$$Table$$Base                      0x08004504   Number         0  anon$$obj.o(Region$$Table)
    Region$$Table$$Limit                     0x08004524   Number         0  anon$$obj.o(Region$$Table)
    __ctype                                  0x0800454d   Data           0  lc_ctype_c.o(locale$$data)
    g_emptyCount                             0x20000000   Data           1  main.o(.data.g_emptyCount)
    g_parking_empty                          0x20000001   Data           1  parking.o(.data.g_parking_empty)
    g_parking_total                          0x20000002   Data           1  parking.o(.data.g_parking_total)
    __libspace_start                         0x20000008   Data          96  libspace.o(.bss)
    OLED_GRAM                                0x20000068   Data        1024  oled.o(.bss.OLED_GRAM)
    __temporary_stack_top$libspace           0x20000068   Data           0  libspace.o(.bss)
    g_alarm_active                           0x20000468   Data           1  alarm.o(.bss.g_alarm_active)
    g_alarm_type                             0x20000469   Data           1  alarm.o(.bss.g_alarm_type)
    g_currentTime                            0x2000046a   Data           3  main.o(.bss.g_currentTime)
    g_current_parking_duration               0x20000470   Data           4  parking.o(.bss.g_current_parking_duration)
    g_entry_gate_state                       0x2000047a   Data           1  parking.o(.bss.g_entry_gate_state)
    g_entry_gate_timer                       0x2000047c   Data           2  parking.o(.bss.g_entry_gate_timer)
    g_entry_trigger                          0x2000047e   Data           1  sensor.o(.bss.g_entry_trigger)
    g_exit_gate_state                        0x20000482   Data           1  parking.o(.bss.g_exit_gate_state)
    g_exit_gate_timer                        0x20000484   Data           2  parking.o(.bss.g_exit_gate_timer)
    g_exit_trigger                           0x20000486   Data           1  sensor.o(.bss.g_exit_trigger)
    g_key_long_press                         0x20000490   Data           1  key.o(.bss.g_key_long_press)
    g_key_value                              0x20000491   Data           1  key.o(.bss.g_key_value)
    g_lastParkingTime                        0x20000494   Data          16  main.o(.bss.g_lastParkingTime)
    g_park_sensor_state                      0x200004a9   Data           3  sensor.o(.bss.g_park_sensor_state)
    g_parkingSpots                           0x200004ac   Data           3  main.o(.bss.g_parkingSpots)
    g_parking_count                          0x200004b0   Data           4  parking.o(.bss.g_parking_count)
    g_parking_full_alarm                     0x200004b4   Data           1  parking.o(.bss.g_parking_full_alarm)
    g_systemMode                             0x200004b5   Data           1  main.o(.bss.g_systemMode)
    g_systemTickCount                        0x200004b8   Data           4  main.o(.bss.g_systemTickCount)



==============================================================================

Memory Map of the image

  Image Entry point : 0x080000ed

  Load Region LR_IROM1 (Base: 0x08000000, Size: 0x00004658, Max: 0x00010000, ABSOLUTE)

    Execution Region ER_IROM1 (Exec base: 0x08000000, Load base: 0x08000000, Size: 0x00004650, Max: 0x00010000, ABSOLUTE)

    Exec Addr    Load Addr    Size         Type   Attr      Idx    E Section Name        Object

    0x08000000   0x08000000   0x000000ec   Data   RO          452    RESET               startup_stm32f10x_md.o
    0x080000ec   0x080000ec   0x00000008   Code   RO          866  * !!!main             c_w.l(__main.o)
    0x080000f4   0x080000f4   0x0000005c   Code   RO         1203    !!!scatter          c_w.l(__scatter.o)
    0x08000150   0x08000150   0x0000001a   Code   RO         1207    !!handler_copy      c_w.l(__scatter_copy.o)
    0x0800016a   0x0800016a   0x00000002   PAD
    0x0800016c   0x0800016c   0x00000002   Code   RO         1204    !!handler_null      c_w.l(__scatter.o)
    0x0800016e   0x0800016e   0x00000002   PAD
    0x08000170   0x08000170   0x0000001c   Code   RO         1209    !!handler_zi        c_w.l(__scatter_zi.o)
    0x0800018c   0x0800018c   0x00000000   Code   RO          950    .ARM.Collect$$_printf_percent$$00000000  c_w.l(_printf_percent.o)
    0x0800018c   0x0800018c   0x00000006   Code   RO          939    .ARM.Collect$$_printf_percent$$00000001  c_w.l(_printf_n.o)
    0x08000192   0x08000192   0x00000006   Code   RO          941    .ARM.Collect$$_printf_percent$$00000002  c_w.l(_printf_p.o)
    0x08000198   0x08000198   0x00000006   Code   RO          946    .ARM.Collect$$_printf_percent$$00000003  c_w.l(_printf_f.o)
    0x0800019e   0x0800019e   0x00000006   Code   RO          947    .ARM.Collect$$_printf_percent$$00000004  c_w.l(_printf_e.o)
    0x080001a4   0x080001a4   0x00000006   Code   RO          948    .ARM.Collect$$_printf_percent$$00000005  c_w.l(_printf_g.o)
    0x080001aa   0x080001aa   0x00000006   Code   RO          949    .ARM.Collect$$_printf_percent$$00000006  c_w.l(_printf_a.o)
    0x080001b0   0x080001b0   0x0000000a   Code   RO          954    .ARM.Collect$$_printf_percent$$00000007  c_w.l(_printf_ll.o)
    0x080001ba   0x080001ba   0x00000006   Code   RO          943    .ARM.Collect$$_printf_percent$$00000008  c_w.l(_printf_i.o)
    0x080001c0   0x080001c0   0x00000006   Code   RO          944    .ARM.Collect$$_printf_percent$$00000009  c_w.l(_printf_d.o)
    0x080001c6   0x080001c6   0x00000006   Code   RO          945    .ARM.Collect$$_printf_percent$$0000000A  c_w.l(_printf_u.o)
    0x080001cc   0x080001cc   0x00000006   Code   RO          942    .ARM.Collect$$_printf_percent$$0000000B  c_w.l(_printf_o.o)
    0x080001d2   0x080001d2   0x00000006   Code   RO          940    .ARM.Collect$$_printf_percent$$0000000C  c_w.l(_printf_x.o)
    0x080001d8   0x080001d8   0x00000006   Code   RO          951    .ARM.Collect$$_printf_percent$$0000000D  c_w.l(_printf_lli.o)
    0x080001de   0x080001de   0x00000006   Code   RO          952    .ARM.Collect$$_printf_percent$$0000000E  c_w.l(_printf_lld.o)
    0x080001e4   0x080001e4   0x00000006   Code   RO          953    .ARM.Collect$$_printf_percent$$0000000F  c_w.l(_printf_llu.o)
    0x080001ea   0x080001ea   0x00000006   Code   RO          958    .ARM.Collect$$_printf_percent$$00000010  c_w.l(_printf_llo.o)
    0x080001f0   0x080001f0   0x00000006   Code   RO          959    .ARM.Collect$$_printf_percent$$00000011  c_w.l(_printf_llx.o)
    0x080001f6   0x080001f6   0x0000000a   Code   RO          955    .ARM.Collect$$_printf_percent$$00000012  c_w.l(_printf_l.o)
    0x08000200   0x08000200   0x00000006   Code   RO          937    .ARM.Collect$$_printf_percent$$00000013  c_w.l(_printf_c.o)
    0x08000206   0x08000206   0x00000006   Code   RO          938    .ARM.Collect$$_printf_percent$$00000014  c_w.l(_printf_s.o)
    0x0800020c   0x0800020c   0x00000006   Code   RO          956    .ARM.Collect$$_printf_percent$$00000015  c_w.l(_printf_lc.o)
    0x08000212   0x08000212   0x00000006   Code   RO          957    .ARM.Collect$$_printf_percent$$00000016  c_w.l(_printf_ls.o)
    0x08000218   0x08000218   0x00000004   Code   RO         1000    .ARM.Collect$$_printf_percent$$00000017  c_w.l(_printf_percent_end.o)
    0x0800021c   0x0800021c   0x00000002   Code   RO         1051    .ARM.Collect$$libinit$$00000000  c_w.l(libinit.o)
    0x0800021e   0x0800021e   0x00000000   Code   RO         1070    .ARM.Collect$$libinit$$00000002  c_w.l(libinit2.o)
    0x0800021e   0x0800021e   0x00000000   Code   RO         1072    .ARM.Collect$$libinit$$00000004  c_w.l(libinit2.o)
    0x0800021e   0x0800021e   0x00000000   Code   RO         1074    .ARM.Collect$$libinit$$00000006  c_w.l(libinit2.o)
    0x0800021e   0x0800021e   0x00000000   Code   RO         1077    .ARM.Collect$$libinit$$0000000C  c_w.l(libinit2.o)
    0x0800021e   0x0800021e   0x00000000   Code   RO         1079    .ARM.Collect$$libinit$$0000000E  c_w.l(libinit2.o)
    0x0800021e   0x0800021e   0x00000000   Code   RO         1081    .ARM.Collect$$libinit$$00000010  c_w.l(libinit2.o)
    0x0800021e   0x0800021e   0x00000006   Code   RO         1082    .ARM.Collect$$libinit$$00000011  c_w.l(libinit2.o)
    0x08000224   0x08000224   0x00000000   Code   RO         1084    .ARM.Collect$$libinit$$00000013  c_w.l(libinit2.o)
    0x08000224   0x08000224   0x0000000c   Code   RO         1085    .ARM.Collect$$libinit$$00000014  c_w.l(libinit2.o)
    0x08000230   0x08000230   0x00000000   Code   RO         1086    .ARM.Collect$$libinit$$00000015  c_w.l(libinit2.o)
    0x08000230   0x08000230   0x00000000   Code   RO         1088    .ARM.Collect$$libinit$$00000017  c_w.l(libinit2.o)
    0x08000230   0x08000230   0x0000000a   Code   RO         1089    .ARM.Collect$$libinit$$00000018  c_w.l(libinit2.o)
    0x0800023a   0x0800023a   0x00000000   Code   RO         1090    .ARM.Collect$$libinit$$00000019  c_w.l(libinit2.o)
    0x0800023a   0x0800023a   0x00000000   Code   RO         1092    .ARM.Collect$$libinit$$0000001B  c_w.l(libinit2.o)
    0x0800023a   0x0800023a   0x00000000   Code   RO         1094    .ARM.Collect$$libinit$$0000001D  c_w.l(libinit2.o)
    0x0800023a   0x0800023a   0x00000000   Code   RO         1096    .ARM.Collect$$libinit$$0000001F  c_w.l(libinit2.o)
    0x0800023a   0x0800023a   0x00000000   Code   RO         1098    .ARM.Collect$$libinit$$00000021  c_w.l(libinit2.o)
    0x0800023a   0x0800023a   0x00000000   Code   RO         1100    .ARM.Collect$$libinit$$00000023  c_w.l(libinit2.o)
    0x0800023a   0x0800023a   0x00000000   Code   RO         1102    .ARM.Collect$$libinit$$00000025  c_w.l(libinit2.o)
    0x0800023a   0x0800023a   0x00000000   Code   RO         1104    .ARM.Collect$$libinit$$00000027  c_w.l(libinit2.o)
    0x0800023a   0x0800023a   0x00000000   Code   RO         1108    .ARM.Collect$$libinit$$0000002E  c_w.l(libinit2.o)
    0x0800023a   0x0800023a   0x00000000   Code   RO         1110    .ARM.Collect$$libinit$$00000030  c_w.l(libinit2.o)
    0x0800023a   0x0800023a   0x00000000   Code   RO         1112    .ARM.Collect$$libinit$$00000032  c_w.l(libinit2.o)
    0x0800023a   0x0800023a   0x00000000   Code   RO         1114    .ARM.Collect$$libinit$$00000034  c_w.l(libinit2.o)
    0x0800023a   0x0800023a   0x00000002   Code   RO         1115    .ARM.Collect$$libinit$$00000035  c_w.l(libinit2.o)
    0x0800023c   0x0800023c   0x00000002   Code   RO         1139    .ARM.Collect$$libshutdown$$00000000  c_w.l(libshutdown.o)
    0x0800023e   0x0800023e   0x00000000   Code   RO         1154    .ARM.Collect$$libshutdown$$00000002  c_w.l(libshutdown2.o)
    0x0800023e   0x0800023e   0x00000000   Code   RO         1156    .ARM.Collect$$libshutdown$$00000004  c_w.l(libshutdown2.o)
    0x0800023e   0x0800023e   0x00000000   Code   RO         1159    .ARM.Collect$$libshutdown$$00000007  c_w.l(libshutdown2.o)
    0x0800023e   0x0800023e   0x00000000   Code   RO         1162    .ARM.Collect$$libshutdown$$0000000A  c_w.l(libshutdown2.o)
    0x0800023e   0x0800023e   0x00000000   Code   RO         1164    .ARM.Collect$$libshutdown$$0000000C  c_w.l(libshutdown2.o)
    0x0800023e   0x0800023e   0x00000000   Code   RO         1167    .ARM.Collect$$libshutdown$$0000000F  c_w.l(libshutdown2.o)
    0x0800023e   0x0800023e   0x00000002   Code   RO         1168    .ARM.Collect$$libshutdown$$00000010  c_w.l(libshutdown2.o)
    0x08000240   0x08000240   0x00000000   Code   RO          868    .ARM.Collect$$rtentry$$00000000  c_w.l(__rtentry.o)
    0x08000240   0x08000240   0x00000000   Code   RO          969    .ARM.Collect$$rtentry$$00000002  c_w.l(__rtentry2.o)
    0x08000240   0x08000240   0x00000006   Code   RO          981    .ARM.Collect$$rtentry$$00000004  c_w.l(__rtentry4.o)
    0x08000246   0x08000246   0x00000000   Code   RO          971    .ARM.Collect$$rtentry$$00000009  c_w.l(__rtentry2.o)
    0x08000246   0x08000246   0x00000004   Code   RO          972    .ARM.Collect$$rtentry$$0000000A  c_w.l(__rtentry2.o)
    0x0800024a   0x0800024a   0x00000000   Code   RO          974    .ARM.Collect$$rtentry$$0000000C  c_w.l(__rtentry2.o)
    0x0800024a   0x0800024a   0x00000008   Code   RO          975    .ARM.Collect$$rtentry$$0000000D  c_w.l(__rtentry2.o)
    0x08000252   0x08000252   0x00000002   Code   RO         1060    .ARM.Collect$$rtexit$$00000000  c_w.l(rtexit.o)
    0x08000254   0x08000254   0x00000000   Code   RO         1117    .ARM.Collect$$rtexit$$00000002  c_w.l(rtexit2.o)
    0x08000254   0x08000254   0x00000004   Code   RO         1118    .ARM.Collect$$rtexit$$00000003  c_w.l(rtexit2.o)
    0x08000258   0x08000258   0x00000006   Code   RO         1119    .ARM.Collect$$rtexit$$00000004  c_w.l(rtexit2.o)
    0x0800025e   0x0800025e   0x00000002   PAD
    0x08000260   0x08000260   0x00000040   Code   RO          453    .text               startup_stm32f10x_md.o
    0x080002a0   0x080002a0   0x0000002c   Code   RO          862    .text               c_w.l(sprintf.o)
    0x080002cc   0x080002cc   0x00000006   Code   RO          864    .text               c_w.l(heapauxi.o)
    0x080002d2   0x080002d2   0x0000004e   Code   RO          871    .text               c_w.l(_printf_pad.o)
    0x08000320   0x08000320   0x00000024   Code   RO          873    .text               c_w.l(_printf_truncate.o)
    0x08000344   0x08000344   0x00000052   Code   RO          875    .text               c_w.l(_printf_str.o)
    0x08000396   0x08000396   0x00000002   PAD
    0x08000398   0x08000398   0x00000078   Code   RO          877    .text               c_w.l(_printf_dec.o)
    0x08000410   0x08000410   0x00000028   Code   RO          879    .text               c_w.l(_printf_charcount.o)
    0x08000438   0x08000438   0x00000030   Code   RO          881    .text               c_w.l(_printf_char_common.o)
    0x08000468   0x08000468   0x0000000a   Code   RO          883    .text               c_w.l(_sputc.o)
    0x08000472   0x08000472   0x00000002   PAD
    0x08000474   0x08000474   0x000000bc   Code   RO          885    .text               c_w.l(_printf_wctomb.o)
    0x08000530   0x08000530   0x0000007c   Code   RO          888    .text               c_w.l(_printf_longlong_dec.o)
    0x080005ac   0x080005ac   0x00000070   Code   RO          894    .text               c_w.l(_printf_oct_int_ll.o)
    0x0800061c   0x0800061c   0x00000094   Code   RO          914    .text               c_w.l(_printf_hex_int_ll_ptr.o)
    0x080006b0   0x080006b0   0x00000188   Code   RO          934    .text               c_w.l(__printf_flags_ss_wp.o)
    0x08000838   0x08000838   0x0000008a   Code   RO          983    .text               c_w.l(lludiv10.o)
    0x080008c2   0x080008c2   0x000000b2   Code   RO          985    .text               c_w.l(_printf_intcommon.o)
    0x08000974   0x08000974   0x0000041c   Code   RO          987    .text               c_w.l(_printf_fp_dec.o)
    0x08000d90   0x08000d90   0x000002fc   Code   RO          991    .text               c_w.l(_printf_fp_hex.o)
    0x0800108c   0x0800108c   0x0000002c   Code   RO          996    .text               c_w.l(_printf_char.o)
    0x080010b8   0x080010b8   0x0000002c   Code   RO          998    .text               c_w.l(_printf_wchar.o)
    0x080010e4   0x080010e4   0x00000048   Code   RO         1001    .text               c_w.l(_c16rtomb.o)
    0x0800112c   0x0800112c   0x0000004a   Code   RO         1003    .text               c_w.l(sys_stackheap_outer.o)
    0x08001176   0x08001176   0x00000002   PAD
    0x08001178   0x08001178   0x00000010   Code   RO         1005    .text               c_w.l(rt_ctype_table.o)
    0x08001188   0x08001188   0x00000008   Code   RO         1010    .text               c_w.l(rt_locale_intlibspace.o)
    0x08001190   0x08001190   0x00000080   Code   RO         1012    .text               c_w.l(_printf_fp_infnan.o)
    0x08001210   0x08001210   0x000000e4   Code   RO         1014    .text               c_w.l(bigflt0.o)
    0x080012f4   0x080012f4   0x00000012   Code   RO         1044    .text               c_w.l(exit.o)
    0x08001306   0x08001306   0x00000002   PAD
    0x08001308   0x08001308   0x00000008   Code   RO         1057    .text               c_w.l(libspace.o)
    0x08001310   0x08001310   0x00000080   Code   RO         1067    .text               c_w.l(strcmpv7m.o)
    0x08001390   0x08001390   0x0000000c   Code   RO         1129    .text               c_w.l(sys_exit.o)
    0x0800139c   0x0800139c   0x00000002   Code   RO         1144    .text               c_w.l(use_no_semi.o)
    0x0800139e   0x0800139e   0x00000000   Code   RO         1146    .text               c_w.l(indicate_semi.o)
    0x0800139e   0x0800139e   0x00000002   PAD
    0x080013a0   0x080013a0   0x00000056   Code   RO           10    .text.Alarm_Beep    alarm.o
    0x080013f6   0x080013f6   0x00000002   PAD
    0x080013f8   0x080013f8   0x00000018   Code   RO            8    .text.Alarm_Clear   alarm.o
    0x08001410   0x08001410   0x00000022   Code   RO            2    .text.Alarm_Init    alarm.o
    0x08001432   0x08001432   0x00000002   PAD
    0x08001434   0x08001434   0x00000012   Code   RO           52    .text.Alarm_LED_Off  gpio.o
    0x08001446   0x08001446   0x00000002   PAD
    0x08001448   0x08001448   0x00000012   Code   RO           80    .text.Alarm_LED_On  gpio.o
    0x0800145a   0x0800145a   0x00000002   PAD
    0x0800145c   0x0800145c   0x0000001c   Code   RO            6    .text.Alarm_Trigger  alarm.o
    0x08001478   0x08001478   0x00000086   Code   RO            4    .text.Alarm_Update  alarm.o
    0x080014fe   0x080014fe   0x00000002   PAD
    0x08001500   0x08001500   0x00000012   Code   RO           50    .text.Buzzer_Off    gpio.o
    0x08001512   0x08001512   0x00000002   PAD
    0x08001514   0x08001514   0x00000012   Code   RO           78    .text.Buzzer_On     gpio.o
    0x08001526   0x08001526   0x00000002   PAD
    0x08001528   0x08001528   0x00000020   Code   RO           23    .text.Delay_Init    delay.o
    0x08001548   0x08001548   0x00000040   Code   RO           27    .text.Delay_ms      delay.o
    0x08001588   0x08001588   0x00000078   Code   RO           25    .text.Delay_us      delay.o
    0x08001600   0x08001600   0x00000048   Code   RO           46    .text.GPIO_Alarm_Init  gpio.o
    0x08001648   0x08001648   0x00000186   Code   RO          560    .text.GPIO_Init     stm32f10x_gpio.o
    0x080017ce   0x080017ce   0x00000002   PAD
    0x080017d0   0x080017d0   0x00000038   Code   RO           40    .text.GPIO_Init_All  gpio.o
    0x08001808   0x08001808   0x000000c2   Code   RO           44    .text.GPIO_Key_Init  gpio.o
    0x080018ca   0x080018ca   0x00000002   PAD
    0x080018cc   0x080018cc   0x00000044   Code   RO           48    .text.GPIO_OLED_Init  gpio.o
    0x08001910   0x08001910   0x000000fa   Code   RO          586    .text.GPIO_PinRemapConfig  stm32f10x_gpio.o
    0x08001a0a   0x08001a0a   0x00000002   PAD
    0x08001a0c   0x08001a0c   0x00000034   Code   RO          564    .text.GPIO_ReadInputDataBit  stm32f10x_gpio.o
    0x08001a40   0x08001a40   0x00000014   Code   RO          574    .text.GPIO_ResetBits  stm32f10x_gpio.o
    0x08001a54   0x08001a54   0x0000005c   Code   RO           42    .text.GPIO_Sensor_Init  gpio.o
    0x08001ab0   0x08001ab0   0x00000014   Code   RO          572    .text.GPIO_SetBits  stm32f10x_gpio.o
    0x08001ac4   0x08001ac4   0x0000000a   Code   RO           93    .text.I2C_Delay     i2c_soft.o
    0x08001ace   0x08001ace   0x00000002   PAD
    0x08001ad0   0x08001ad0   0x00000044   Code   RO           89    .text.I2C_Soft_Init  i2c_soft.o
    0x08001b14   0x08001b14   0x00000082   Code   RO          101    .text.I2C_Soft_SendByte  i2c_soft.o
    0x08001b96   0x08001b96   0x00000002   PAD
    0x08001b98   0x08001b98   0x0000003a   Code   RO           91    .text.I2C_Soft_Start  i2c_soft.o
    0x08001bd2   0x08001bd2   0x00000002   PAD
    0x08001bd4   0x08001bd4   0x00000034   Code   RO           95    .text.I2C_Soft_Stop  i2c_soft.o
    0x08001c08   0x08001c08   0x00000076   Code   RO           97    .text.I2C_Soft_WaitAck  i2c_soft.o
    0x08001c7e   0x08001c7e   0x00000002   PAD
    0x08001c80   0x08001c80   0x0000001c   Code   RO          122    .text.Key_GetLongPress  key.o
    0x08001c9c   0x08001c9c   0x0000001c   Code   RO          120    .text.Key_GetValue  key.o
    0x08001cb8   0x08001cb8   0x000001e6   Code   RO          152    .text.Key_Process   main.o
    0x08001e9e   0x08001e9e   0x00000002   PAD
    0x08001ea0   0x08001ea0   0x00000014   Code   RO           70    .text.Key_Read_CountRst  gpio.o
    0x08001eb4   0x08001eb4   0x00000014   Code   RO           76    .text.Key_Read_Down  gpio.o
    0x08001ec8   0x08001ec8   0x00000014   Code   RO           66    .text.Key_Read_Entry  gpio.o
    0x08001edc   0x08001edc   0x00000014   Code   RO           68    .text.Key_Read_Exit  gpio.o
    0x08001ef0   0x08001ef0   0x00000014   Code   RO           72    .text.Key_Read_Menu  gpio.o
    0x08001f04   0x08001f04   0x00000014   Code   RO           64    .text.Key_Read_Start  gpio.o
    0x08001f18   0x08001f18   0x00000014   Code   RO           74    .text.Key_Read_Up   gpio.o
    0x08001f2c   0x08001f2c   0x00000298   Code   RO          118    .text.Key_Scan      key.o
    0x080021c4   0x080021c4   0x00000068   Code   RO          183    .text.OLED_Clear    oled.o
    0x0800222c   0x0800222c   0x000000d8   Code   RO          179    .text.OLED_Init     oled.o
    0x08002304   0x08002304   0x00000074   Code   RO          185    .text.OLED_Refresh  oled.o
    0x08002378   0x08002378   0x0000003c   Code   RO          191    .text.OLED_SetPos   oled.o
    0x080023b4   0x080023b4   0x00000102   Code   RO          193    .text.OLED_ShowChar  oled.o
    0x080024b6   0x080024b6   0x00000002   PAD
    0x080024b8   0x080024b8   0x00000058   Code   RO          197    .text.OLED_ShowNum  oled.o
    0x08002510   0x08002510   0x00000086   Code   RO          195    .text.OLED_ShowString  oled.o
    0x08002596   0x08002596   0x00000002   PAD
    0x08002598   0x08002598   0x00000046   Code   RO          181    .text.OLED_WriteCmd  oled.o
    0x080025de   0x080025de   0x00000002   PAD
    0x080025e0   0x080025e0   0x00000046   Code   RO          199    .text.OLED_WriteData  oled.o
    0x08002626   0x08002626   0x00000002   PAD
    0x08002628   0x08002628   0x000000d4   Code   RO          254    .text.PWM_Init      pwm.o
    0x080026fc   0x080026fc   0x00000090   Code   RO          219    .text.Parking_Entry_Vehicle  parking.o
    0x0800278c   0x0800278c   0x00000082   Code   RO          221    .text.Parking_Exit_Vehicle  parking.o
    0x0800280e   0x0800280e   0x00000002   PAD
    0x08002810   0x08002810   0x00000072   Code   RO          227    .text.Parking_Format_Time  parking.o
    0x08002882   0x08002882   0x00000002   PAD
    0x08002884   0x08002884   0x0000008c   Code   RO          213    .text.Parking_Init  parking.o
    0x08002910   0x08002910   0x0000003e   Code   RO          223    .text.Parking_Manual_Entry_Gate  parking.o
    0x0800294e   0x0800294e   0x00000002   PAD
    0x08002950   0x08002950   0x0000003e   Code   RO          225    .text.Parking_Manual_Exit_Gate  parking.o
    0x0800298e   0x0800298e   0x00000002   PAD
    0x08002990   0x08002990   0x00000222   Code   RO          217    .text.Parking_Process  parking.o
    0x08002bb2   0x08002bb2   0x00000002   PAD
    0x08002bb4   0x08002bb4   0x000001e2   Code   RO          215    .text.Parking_Update_Display  parking.o
    0x08002d96   0x08002d96   0x00000002   PAD
    0x08002d98   0x08002d98   0x00000038   Code   RO          409    .text.RCC_APB1PeriphClockCmd  stm32f10x_rcc.o
    0x08002dd0   0x08002dd0   0x00000038   Code   RO          407    .text.RCC_APB2PeriphClockCmd  stm32f10x_rcc.o
    0x08002e08   0x08002e08   0x0000001e   Code   RO          146    .text.RTC_Init      main.o
    0x08002e26   0x08002e26   0x00000002   PAD
    0x08002e28   0x08002e28   0x0000006c   Code   RO          148    .text.RTC_Time_Update  main.o
    0x08002e94   0x08002e94   0x00000018   Code   RO          279    .text.Sensor_Clear_Trigger  sensor.o
    0x08002eac   0x08002eac   0x0000000c   Code   RO          275    .text.Sensor_Get_Entry_Trigger  sensor.o
    0x08002eb8   0x08002eb8   0x0000000c   Code   RO          277    .text.Sensor_Get_Exit_Trigger  sensor.o
    0x08002ec4   0x08002ec4   0x00000012   Code   RO           60    .text.Sensor_Read_Entry  gpio.o
    0x08002ed6   0x08002ed6   0x00000002   PAD
    0x08002ed8   0x08002ed8   0x00000012   Code   RO           62    .text.Sensor_Read_Exit  gpio.o
    0x08002eea   0x08002eea   0x00000002   PAD
    0x08002eec   0x08002eec   0x00000012   Code   RO           54    .text.Sensor_Read_Park1  gpio.o
    0x08002efe   0x08002efe   0x00000002   PAD
    0x08002f00   0x08002f00   0x00000012   Code   RO           56    .text.Sensor_Read_Park2  gpio.o
    0x08002f12   0x08002f12   0x00000002   PAD
    0x08002f14   0x08002f14   0x00000012   Code   RO           58    .text.Sensor_Read_Park3  gpio.o
    0x08002f26   0x08002f26   0x00000002   PAD
    0x08002f28   0x08002f28   0x00000268   Code   RO          269    .text.Sensor_Scan   sensor.o
    0x08003190   0x08003190   0x0000008a   Code   RO          271    .text.Sensor_Update  sensor.o
    0x0800321a   0x0800321a   0x00000002   PAD
    0x0800321c   0x0800321c   0x00000016   Code   RO          256    .text.Servo_Close   pwm.o
    0x08003232   0x08003232   0x00000002   PAD
    0x08003234   0x08003234   0x00000016   Code   RO          260    .text.Servo_Open    pwm.o
    0x0800324a   0x0800324a   0x00000002   PAD
    0x0800324c   0x0800324c   0x000000a2   Code   RO          258    .text.Servo_SetAngle  pwm.o
    0x080032ee   0x080032ee   0x00000002   PAD
    0x080032f0   0x080032f0   0x00000008   Code   RO          462    .text.SetSysClock   system_stm32f10x.o
    0x080032f8   0x080032f8   0x00000122   Code   RO          466    .text.SetSysClockTo72  system_stm32f10x.o
    0x0800341a   0x0800341a   0x00000002   PAD
    0x0800341c   0x0800341c   0x00000036   Code   RO          140    .text.SysTick_Configuration  main.o
    0x08003452   0x08003452   0x00000002   PAD
    0x08003454   0x08003454   0x000000a4   Code   RO          144    .text.SysTick_Handler  main.o
    0x080034f8   0x080034f8   0x00000066   Code   RO          460    .text.SystemInit    system_stm32f10x.o
    0x0800355e   0x0800355e   0x00000002   PAD
    0x08003560   0x08003560   0x000000b4   Code   RO          150    .text.System_Initialize  main.o
    0x08003614   0x08003614   0x0000002c   Code   RO          714    .text.TIM_Cmd       stm32f10x_tim.o
    0x08003640   0x08003640   0x0000013e   Code   RO          680    .text.TIM_OC3Init   stm32f10x_tim.o
    0x0800377e   0x0800377e   0x00000002   PAD
    0x08003780   0x08003780   0x0000003c   Code   RO          766    .text.TIM_OC3PreloadConfig  stm32f10x_tim.o
    0x080037bc   0x080037bc   0x000000ee   Code   RO          682    .text.TIM_OC4Init   stm32f10x_tim.o
    0x080038aa   0x080038aa   0x00000002   PAD
    0x080038ac   0x080038ac   0x0000003e   Code   RO          768    .text.TIM_OC4PreloadConfig  stm32f10x_tim.o
    0x080038ea   0x080038ea   0x00000002   PAD
    0x080038ec   0x080038ec   0x00000014   Code   RO          828    .text.TIM_SetCompare3  stm32f10x_tim.o
    0x08003900   0x08003900   0x00000016   Code   RO          830    .text.TIM_SetCompare4  stm32f10x_tim.o
    0x08003916   0x08003916   0x00000002   PAD
    0x08003918   0x08003918   0x00000142   Code   RO          674    .text.TIM_TimeBaseInit  stm32f10x_tim.o
    0x08003a5a   0x08003a5a   0x00000002   PAD
    0x08003a5c   0x08003a5c   0x00000042   Code   RO          142    .text.__NVIC_SetPriority  main.o
    0x08003a9e   0x08003a9e   0x00000002   PAD
    0x08003aa0   0x08003aa0   0x00000084   Code   RO          154    .text.main          main.o
    0x08003b24   0x08003b24   0x0000003e   Code   RO         1017    CL$$btod_d2e        c_w.l(btod.o)
    0x08003b62   0x08003b62   0x00000046   Code   RO         1019    CL$$btod_d2e_denorm_low  c_w.l(btod.o)
    0x08003ba8   0x08003ba8   0x00000060   Code   RO         1018    CL$$btod_d2e_norm_op1  c_w.l(btod.o)
    0x08003c08   0x08003c08   0x00000338   Code   RO         1027    CL$$btod_div_common  c_w.l(btod.o)
    0x08003f40   0x08003f40   0x000000dc   Code   RO         1024    CL$$btod_e2e        c_w.l(btod.o)
    0x0800401c   0x0800401c   0x0000002a   Code   RO         1021    CL$$btod_ediv       c_w.l(btod.o)
    0x08004046   0x08004046   0x0000002a   Code   RO         1020    CL$$btod_emul       c_w.l(btod.o)
    0x08004070   0x08004070   0x00000244   Code   RO         1026    CL$$btod_mult_common  c_w.l(btod.o)
    0x080042b4   0x080042b4   0x00000028   Code   RO         1055    i.__ARM_fpclassify  m_ws.l(fpclassify.o)
    0x080042dc   0x080042dc   0x0000000e   Code   RO          927    i._is_digit         c_w.l(__printf_wp.o)
    0x080042ea   0x080042ea   0x00000002   PAD
    0x080042ec   0x080042ec   0x0000002c   Code   RO         1042    locale$$code        c_w.l(lc_numeric_c.o)
    0x08004318   0x08004318   0x0000002c   Code   RO         1065    locale$$code        c_w.l(lc_ctype_c.o)
    0x08004344   0x08004344   0x00000004   Code   RO          960    x$fpl$printf1       fz_ws.l(printf1.o)
    0x08004348   0x08004348   0x00000004   Code   RO          962    x$fpl$printf2       fz_ws.l(printf2.o)
    0x0800434c   0x0800434c   0x00000000   Code   RO         1054    x$fpl$usenofp       fz_ws.l(usenofp.o)
    0x0800434c   0x0800434c   0x00000008   Data   RO          886    .constdata          c_w.l(_printf_wctomb.o)
    0x08004354   0x08004354   0x00000028   Data   RO          915    .constdata          c_w.l(_printf_hex_int_ll_ptr.o)
    0x0800437c   0x0800437c   0x00000011   Data   RO          935    .constdata          c_w.l(__printf_flags_ss_wp.o)
    0x0800438d   0x0800438d   0x00000026   Data   RO          992    .constdata          c_w.l(_printf_fp_hex.o)
    0x080043b3   0x080043b3   0x00000001   PAD
    0x080043b4   0x080043b4   0x00000094   Data   RO         1015    .constdata          c_w.l(bigflt0.o)
    0x08004448   0x08004448   0x00000012   Data   RO          204    .rodata.ASCII_6x8   oled.o
    0x0800445a   0x0800445a   0x00000002   PAD
    0x0800445c   0x0800445c   0x00000010   Data   RO          109    .rodata.I2C1_Pin    i2c_soft.o
    0x0800446c   0x0800446c   0x00000010   Data   RO          110    .rodata.I2C2_Pin    i2c_soft.o
    0x0800447c   0x0800447c   0x0000001b   Data   RO          170    .rodata.str1.1      main.o
    0x08004497   0x08004497   0x00000006   Data   RO          205    .rodata.str1.1      oled.o
    0x0800449d   0x0800449d   0x00000066   Data   RO          246    .rodata.str1.1      parking.o
    0x08004503   0x08004503   0x00000001   PAD
    0x08004504   0x08004504   0x00000020   Data   RO         1202    Region$$Table       anon$$obj.o
    0x08004524   0x08004524   0x0000001c   Data   RO         1041    locale$$data        c_w.l(lc_numeric_c.o)
    0x08004540   0x08004540   0x00000110   Data   RO         1064    locale$$data        c_w.l(lc_ctype_c.o)


    Execution Region RW_IRAM1 (Exec base: 0x20000000, Load base: 0x08004650, Size: 0x00000b08, Max: 0x00005000, ABSOLUTE)

    Exec Addr    Load Addr    Size         Type   Attr      Idx    E Section Name        Object

    0x20000000   0x08004650   0x00000001   Data   RW          159    .data.g_emptyCount  main.o
    0x20000001   0x08004651   0x00000001   Data   RW          230    .data.g_parking_empty  parking.o
    0x20000002   0x08004652   0x00000001   Data   RW          229    .data.g_parking_total  parking.o
    0x20000003   0x08004653   0x00000005   PAD
    0x20000008        -       0x00000060   Zero   RW         1058    .bss                c_w.l(libspace.o)
    0x20000068        -       0x00000400   Zero   RW          203    .bss.OLED_GRAM      oled.o
    0x20000468        -       0x00000001   Zero   RW           13    .bss.g_alarm_active  alarm.o
    0x20000469        -       0x00000001   Zero   RW           12    .bss.g_alarm_type   alarm.o
    0x2000046a        -       0x00000003   Zero   RW          163    .bss.g_currentTime  main.o
    0x2000046d   0x08004653   0x00000003   PAD
    0x20000470        -       0x00000004   Zero   RW          237    .bss.g_current_parking_duration  parking.o
    0x20000474        -       0x00000003   Zero   RW          287    .bss.g_debounce_park  sensor.o
    0x20000477        -       0x00000001   Zero   RW          288    .bss.g_entry_confirm_cnt  sensor.o
    0x20000478        -       0x00000002   Zero   RW          289    .bss.g_entry_cooldown  sensor.o
    0x2000047a        -       0x00000001   Zero   RW          231    .bss.g_entry_gate_state  parking.o
    0x2000047b   0x08004653   0x00000001   PAD
    0x2000047c        -       0x00000002   Zero   RW          235    .bss.g_entry_gate_timer  parking.o
    0x2000047e        -       0x00000001   Zero   RW          284    .bss.g_entry_trigger  sensor.o
    0x2000047f        -       0x00000001   Zero   RW          291    .bss.g_exit_confirm_cnt  sensor.o
    0x20000480        -       0x00000002   Zero   RW          292    .bss.g_exit_cooldown  sensor.o
    0x20000482        -       0x00000001   Zero   RW          232    .bss.g_exit_gate_state  parking.o
    0x20000483   0x08004653   0x00000001   PAD
    0x20000484        -       0x00000002   Zero   RW          236    .bss.g_exit_gate_timer  parking.o
    0x20000486        -       0x00000001   Zero   RW          285    .bss.g_exit_trigger  sensor.o
    0x20000487   0x08004653   0x00000001   PAD
    0x20000488        -       0x00000004   Zero   RW           32    .bss.g_fac_ms       delay.o
    0x2000048c        -       0x00000004   Zero   RW           31    .bss.g_fac_us       delay.o
    0x20000490        -       0x00000001   Zero   RW          127    .bss.g_key_long_press  key.o
    0x20000491        -       0x00000001   Zero   RW          126    .bss.g_key_value    key.o
    0x20000492   0x08004653   0x00000002   PAD
    0x20000494        -       0x00000010   Zero   RW          165    .bss.g_lastParkingTime  main.o
    0x200004a4        -       0x00000001   Zero   RW          290    .bss.g_last_entry_state  sensor.o
    0x200004a5        -       0x00000001   Zero   RW          293    .bss.g_last_exit_state  sensor.o
    0x200004a6        -       0x00000003   Zero   RW          286    .bss.g_last_park_state  sensor.o
    0x200004a9        -       0x00000003   Zero   RW          281    .bss.g_park_sensor_state  sensor.o
    0x200004ac        -       0x00000003   Zero   RW          158    .bss.g_parkingSpots  main.o
    0x200004af   0x08004653   0x00000001   PAD
    0x200004b0        -       0x00000004   Zero   RW          233    .bss.g_parking_count  parking.o
    0x200004b4        -       0x00000001   Zero   RW          234    .bss.g_parking_full_alarm  parking.o
    0x200004b5        -       0x00000001   Zero   RW          156    .bss.g_systemMode   main.o
    0x200004b6   0x08004653   0x00000002   PAD
    0x200004b8        -       0x00000004   Zero   RW          164    .bss.g_systemTickCount  main.o
    0x200004bc        -       0x00000001   Zero   RW          168    .bss.s_100ms_Flag   main.o
    0x200004bd        -       0x00000001   Zero   RW          167    .bss.s_10ms_Flag    main.o
    0x200004be        -       0x00000001   Zero   RW          169    .bss.s_1s_Flag      main.o
    0x200004bf        -       0x00000001   Zero   RW           15    .bss.s_alarm_flash_state  alarm.o
    0x200004c0        -       0x00000002   Zero   RW           14    .bss.s_alarm_timer  alarm.o
    0x200004c2        -       0x00000001   Zero   RW          244    .bss.s_display_flash_cnt  parking.o
    0x200004c3        -       0x00000001   Zero   RW          245    .bss.s_display_flash_state  parking.o
    0x200004c4        -       0x00000004   Zero   RW          238    .bss.s_entry_timestamp  parking.o
    0x200004c8        -       0x00000002   Zero   RW          241    .bss.s_entry_wait_timer  parking.o
    0x200004ca        -       0x00000001   Zero   RW          240    .bss.s_entry_waiting  parking.o
    0x200004cb   0x08004653   0x00000001   PAD
    0x200004cc        -       0x00000002   Zero   RW          243    .bss.s_exit_wait_timer  parking.o
    0x200004ce        -       0x00000001   Zero   RW          242    .bss.s_exit_waiting  parking.o
    0x200004cf        -       0x00000007   Zero   RW          129    .bss.s_key_last     key.o
    0x200004d6        -       0x0000000e   Zero   RW          130    .bss.s_key_press_time  key.o
    0x200004e4        -       0x00000007   Zero   RW          131    .bss.s_key_processed  key.o
    0x200004eb        -       0x00000007   Zero   RW          132    .bss.s_key_released  key.o
    0x200004f2        -       0x00000007   Zero   RW          128    .bss.s_key_state    key.o
    0x200004f9   0x08004653   0x00000003   PAD
    0x200004fc        -       0x00000004   Zero   RW          166    .bss.s_ms_Cnt       main.o
    0x20000500        -       0x00000001   Zero   RW          239    .bss.s_vehicle_entered  parking.o
    0x20000501   0x08004653   0x00000007   PAD
    0x20000508        -       0x00000200   Zero   RW          451    HEAP                startup_stm32f10x_md.o
    0x20000708        -       0x00000400   Zero   RW          450    STACK               startup_stm32f10x_md.o


==============================================================================

Image component sizes


      Code (inc. data)   RO Data    RW Data    ZI Data      Debug   Object Name

       306          0          0          0          5       1227   alarm.o
       216          0          0          0          8       1316   delay.o
       784          0          0          0          0       3579   gpio.o
       436          0         32          0          0       3004   i2c_soft.o
       720          0          0          0         44       1799   key.o
      1220         12         27          1         34       5318   main.o
      1116          0         24          0       1024       3845   oled.o
      1680          0        102          2         28       3136   parking.o
       418          0          0          0          0       3396   pwm.o
       802          0          0          0         19       2198   sensor.o
        64         26        236          0       1536        800   startup_stm32f10x_md.o
       732          0          0          0          0       5571   stm32f10x_gpio.o
       112          0          0          0          0       6899   stm32f10x_rcc.o
      1086          0          0          0          0      20274   stm32f10x_tim.o
       400          0          0          0          0       2877   system_stm32f10x.o

    ----------------------------------------------------------------------
     10180         38        456          4       2724      65239   Object Totals
         0          0         32          0          0          0   (incl. Generated)
        88          0          3          1         26          0   (incl. Padding)

    ----------------------------------------------------------------------

      Code (inc. data)   RO Data    RW Data    ZI Data      Debug   Library Member Name

         8          0          0          0          0         68   __main.o
       392          4         17          0          0         92   __printf_flags_ss_wp.o
        14          0          0          0          0         68   __printf_wp.o
         0          0          0          0          0          0   __rtentry.o
        12          0          0          0          0          0   __rtentry2.o
         6          0          0          0          0          0   __rtentry4.o
        94          8          0          0          0          0   __scatter.o
        26          0          0          0          0          0   __scatter_copy.o
        28          0          0          0          0          0   __scatter_zi.o
        72          0          0          0          0         96   _c16rtomb.o
         6          0          0          0          0          0   _printf_a.o
         6          0          0          0          0          0   _printf_c.o
        44          0          0          0          0        108   _printf_char.o
        48          6          0          0          0         96   _printf_char_common.o
        40          0          0          0          0         68   _printf_charcount.o
         6          0          0          0          0          0   _printf_d.o
       120         16          0          0          0         92   _printf_dec.o
         6          0          0          0          0          0   _printf_e.o
         6          0          0          0          0          0   _printf_f.o
      1052          0          0          0          0        148   _printf_fp_dec.o
       764          8         38          0          0        100   _printf_fp_hex.o
       128         16          0          0          0         84   _printf_fp_infnan.o
         6          0          0          0          0          0   _printf_g.o
       148          4         40          0          0        160   _printf_hex_int_ll_ptr.o
         6          0          0          0          0          0   _printf_i.o
       178          0          0          0          0         88   _printf_intcommon.o
        10          0          0          0          0          0   _printf_l.o
         6          0          0          0          0          0   _printf_lc.o
        10          0          0          0          0          0   _printf_ll.o
         6          0          0          0          0          0   _printf_lld.o
         6          0          0          0          0          0   _printf_lli.o
         6          0          0          0          0          0   _printf_llo.o
         6          0          0          0          0          0   _printf_llu.o
         6          0          0          0          0          0   _printf_llx.o
       124         16          0          0          0         92   _printf_longlong_dec.o
         6          0          0          0          0          0   _printf_ls.o
         6          0          0          0          0          0   _printf_n.o
         6          0          0          0          0          0   _printf_o.o
       112          8          0          0          0        124   _printf_oct_int_ll.o
         6          0          0          0          0          0   _printf_p.o
        78          0          0          0          0        108   _printf_pad.o
         0          0          0          0          0          0   _printf_percent.o
         4          0          0          0          0          0   _printf_percent_end.o
         6          0          0          0          0          0   _printf_s.o
        82          0          0          0          0         80   _printf_str.o
        36          0          0          0          0         84   _printf_truncate.o
         6          0          0          0          0          0   _printf_u.o
        44          0          0          0          0        108   _printf_wchar.o
       188          6          8          0          0         92   _printf_wctomb.o
         6          0          0          0          0          0   _printf_x.o
        10          0          0          0          0         68   _sputc.o
       228          4        148          0          0         96   bigflt0.o
      1936        128          0          0          0        668   btod.o
        18          0          0          0          0         80   exit.o
         6          0          0          0          0        152   heapauxi.o
         0          0          0          0          0          0   indicate_semi.o
        44         10        272          0          0         76   lc_ctype_c.o
        44         10         28          0          0         76   lc_numeric_c.o
         2          0          0          0          0          0   libinit.o
        30          0          0          0          0          0   libinit2.o
         2          0          0          0          0          0   libshutdown.o
         2          0          0          0          0          0   libshutdown2.o
         8          4          0          0         96         68   libspace.o
       138          0          0          0          0         80   lludiv10.o
        16          4          0          0          0         76   rt_ctype_table.o
         8          4          0          0          0         68   rt_locale_intlibspace.o
         2          0          0          0          0          0   rtexit.o
        10          0          0          0          0          0   rtexit2.o
        44          6          0          0          0         84   sprintf.o
       128          0          0          0          0         68   strcmpv7m.o
        12          4          0          0          0         68   sys_exit.o
        74          0          0          0          0         80   sys_stackheap_outer.o
         2          0          0          0          0         68   use_no_semi.o
         4          0          0          0          0         68   printf1.o
         4          0          0          0          0         68   printf2.o
         0          0          0          0          0          0   usenofp.o
        40          0          0          0          0         68   fpclassify.o

    ----------------------------------------------------------------------
      6812        266        552          0         96       4036   Library Totals
        18          0          1          0          0          0   (incl. Padding)

    ----------------------------------------------------------------------

      Code (inc. data)   RO Data    RW Data    ZI Data      Debug   Library Name

      6746        266        551          0         96       3832   c_w.l
         8          0          0          0          0        136   fz_ws.l
        40          0          0          0          0         68   m_ws.l

    ----------------------------------------------------------------------
      6812        266        552          0         96       4036   Library Totals

    ----------------------------------------------------------------------

==============================================================================


      Code (inc. data)   RO Data    RW Data    ZI Data      Debug   

     16992        304       1008          4       2820      66947   Grand Totals
     16992        304       1008          4       2820      66947   ELF Image Totals
     16992        304       1008          4          0          0   ROM Totals

==============================================================================

    Total RO  Size (Code + RO Data)                18000 (  17.58kB)
    Total RW  Size (RW Data + ZI Data)              2824 (   2.76kB)
    Total ROM Size (Code + RO Data + RW Data)      18004 (  17.58kB)

==============================================================================

